Component: ARM Compiler 5.06 update 6 (build 750) Tool: armlink [4d35ed]

==============================================================================

Section Cross References

    startup_stm32h723xx.o(RESET) refers to startup_stm32h723xx.o(STACK) for __initial_sp
    startup_stm32h723xx.o(RESET) refers to startup_stm32h723xx.o(.text) for Reset_Handler
    startup_stm32h723xx.o(RESET) refers to stm32h7xx_it.o(i.NMI_Handler) for NMI_Handler
    startup_stm32h723xx.o(RESET) refers to stm32h7xx_it.o(i.HardFault_Handler) for HardFault_Handler
    startup_stm32h723xx.o(RESET) refers to stm32h7xx_it.o(i.MemManage_Handler) for MemManage_Handler
    startup_stm32h723xx.o(RESET) refers to stm32h7xx_it.o(i.BusFault_Handler) for BusFault_Handler
    startup_stm32h723xx.o(RESET) refers to stm32h7xx_it.o(i.UsageFault_Handler) for UsageFault_Handler
    startup_stm32h723xx.o(RESET) refers to port.o(.emb_text) for SVC_Handler
    startup_stm32h723xx.o(RESET) refers to stm32h7xx_it.o(i.DebugMon_Handler) for DebugMon_Handler
    startup_stm32h723xx.o(RESET) refers to port.o(i.SysTick_Handler) for SysTick_Handler
    startup_stm32h723xx.o(RESET) refers to stm32h7xx_it.o(i.DMA1_Stream0_IRQHandler) for DMA1_Stream0_IRQHandler
    startup_stm32h723xx.o(RESET) refers to stm32h7xx_it.o(i.DMA2D_IRQHandler) for DMA2D_IRQHandler
    startup_stm32h723xx.o(RESET) refers to stm32h7xx_it.o(i.TIM23_IRQHandler) for TIM23_IRQHandler
    startup_stm32h723xx.o(.text) refers to system_stm32h7xx.o(i.SystemInit) for SystemInit
    startup_stm32h723xx.o(.text) refers to entry.o(.ARM.Collect$$$$00000000) for __main
    main.o(i.Error_Handler) refers to usart.o(i.USART_printf) for USART_printf
    main.o(i.Error_Handler) refers to usart.o(.bss) for hlpuart1
    main.o(i.HAL_TIM_PeriodElapsedCallback) refers to stm32h7xx_hal.o(i.HAL_IncTick) for HAL_IncTick
    main.o(i.SystemClock_Config) refers to memseta.o(.text) for __aeabi_memclr4
    main.o(i.SystemClock_Config) refers to stm32h7xx_hal_pwr_ex.o(i.HAL_PWREx_ConfigSupply) for HAL_PWREx_ConfigSupply
    main.o(i.SystemClock_Config) refers to stm32h7xx_hal_rcc.o(i.HAL_RCC_OscConfig) for HAL_RCC_OscConfig
    main.o(i.SystemClock_Config) refers to stm32h7xx_hal_rcc.o(i.HAL_RCC_ClockConfig) for HAL_RCC_ClockConfig
    main.o(i.SystemClock_Config) refers to main.o(i.Error_Handler) for Error_Handler
    main.o(i.fill_buf) refers to queue.o(i.xQueueSemaphoreTake) for xQueueSemaphoreTake
    main.o(i.fill_buf) refers to stm32h7xx_hal_sai.o(i.HAL_SAI_DMAPause) for HAL_SAI_DMAPause
    main.o(i.fill_buf) refers to ff.o(i.f_close) for f_close
    main.o(i.fill_buf) refers to queue.o(i.xQueueGenericSend) for xQueueGenericSend
    main.o(i.fill_buf) refers to usart.o(i.USART_printf) for USART_printf
    main.o(i.fill_buf) refers to port.o(i.vPortEnterCritical) for vPortEnterCritical
    main.o(i.fill_buf) refers to ff.o(i.f_lseek) for f_lseek
    main.o(i.fill_buf) refers to ff.o(i.f_read) for f_read
    main.o(i.fill_buf) refers to wav_play.o(i.tune_volume) for tune_volume
    main.o(i.fill_buf) refers to port.o(i.vPortExitCritical) for vPortExitCritical
    main.o(i.fill_buf) refers to memseta.o(.text) for __aeabi_memclr
    main.o(i.fill_buf) refers to main.o(.bss) for .bss
    main.o(i.fill_buf) refers to main.o(.data) for .data
    main.o(i.fill_buf) refers to sai.o(.bss) for hsai_BlockA1
    main.o(i.fill_buf) refers to usart.o(.bss) for hlpuart1
    main.o(i.main) refers to stm32h7xx_hal.o(i.HAL_Init) for HAL_Init
    main.o(i.main) refers to main.o(i.SystemClock_Config) for SystemClock_Config
    main.o(i.main) refers to gpio.o(i.MX_GPIO_Init) for MX_GPIO_Init
    main.o(i.main) refers to usart.o(i.MX_LPUART1_UART_Init) for MX_LPUART1_UART_Init
    main.o(i.main) refers to dma.o(i.MX_DMA_Init) for MX_DMA_Init
    main.o(i.main) refers to fmc.o(i.MX_FMC_Init) for MX_FMC_Init
    main.o(i.main) refers to octospi.o(i.MX_OCTOSPI1_Init) for MX_OCTOSPI1_Init
    main.o(i.main) refers to ltdc.o(i.MX_LTDC_Init) for MX_LTDC_Init
    main.o(i.main) refers to sai.o(i.MX_SAI1_Init) for MX_SAI1_Init
    main.o(i.main) refers to sdmmc.o(i.MX_SDMMC2_SD_Init) for MX_SDMMC2_SD_Init
    main.o(i.main) refers to tim.o(i.MX_TIM3_Init) for MX_TIM3_Init
    main.o(i.main) refers to i2c.o(i.MX_I2C1_Init) for MX_I2C1_Init
    main.o(i.main) refers to i2c.o(i.MX_I2C4_Init) for MX_I2C4_Init
    main.o(i.main) refers to rng.o(i.MX_RNG_Init) for MX_RNG_Init
    main.o(i.main) refers to fatfs.o(i.MX_FATFS_Init) for MX_FATFS_Init
    main.o(i.main) refers to dma2d.o(i.MX_DMA2D_Init) for MX_DMA2D_Init
    main.o(i.main) refers to norflash.o(i.memmap_flash) for memmap_flash
    main.o(i.main) refers to ff.o(i.f_mount) for f_mount
    main.o(i.main) refers to usart.o(i.USART_printf) for USART_printf
    main.o(i.main) refers to ff.o(i.f_open) for f_open
    main.o(i.main) refers to ff.o(i.f_lseek) for f_lseek
    main.o(i.main) refers to ff.o(i.f_read) for f_read
    main.o(i.main) refers to ff.o(i.f_close) for f_close
[...]
    DFSDM1_FLT2_IRQHandler                   0x080003bf   Thumb Code     0  startup_stm32h723xx.o(.text)
    DFSDM1_FLT3_IRQHandler                   0x080003bf   Thumb Code     0  startup_stm32h723xx.o(.text)
    DMA1_Stream1_IRQHandler                  0x080003bf   Thumb Code     0  startup_stm32h723xx.o(.text)
    DMA1_Stream2_IRQHandler                  0x080003bf   Thumb Code     0  startup_stm32h723xx.o(.text)
    DMA1_Stream3_IRQHandler                  0x080003bf   Thumb Code     0  startup_stm32h723xx.o(.text)
    DMA1_Stream4_IRQHandler                  0x080003bf   Thumb Code     0  startup_stm32h723xx.o(.text)
    DMA1_Stream5_IRQHandler                  0x080003bf   Thumb Code     0  startup_stm32h723xx.o(.text)
    DMA1_Stream6_IRQHandler                  0x080003bf   Thumb Code     0  startup_stm32h723xx.o(.text)
    DMA1_Stream7_IRQHandler                  0x080003bf   Thumb Code     0  startup_stm32h723xx.o(.text)
    DMA2_Stream0_IRQHandler                  0x080003bf   Thumb Code     0  startup_stm32h723xx.o(.text)
    DMA2_Stream1_IRQHandler                  0x080003bf   Thumb Code     0  startup_stm32h723xx.o(.text)
    DMA2_Stream2_IRQHandler                  0x080003bf   Thumb Code     0  startup_stm32h723xx.o(.text)
    DMA2_Stream3_IRQHandler                  0x080003bf   Thumb Code     0  startup_stm32h723xx.o(.text)
    DMA2_Stream4_IRQHandler                  0x080003bf   Thumb Code     0  startup_stm32h723xx.o(.text)
    DMA2_Stream5_IRQHandler                  0x080003bf   Thumb Code     0  startup_stm32h723xx.o(.text)
    DMA2_Stream6_IRQHandler                  0x080003bf   Thumb Code     0  startup_stm32h723xx.o(.text)
    DMA2_Stream7_IRQHandler                  0x080003bf   Thumb Code     0  startup_stm32h723xx.o(.text)
    DMAMUX1_OVR_IRQHandler                   0x080003bf   Thumb Code     0  startup_stm32h723xx.o(.text)
    DMAMUX2_OVR_IRQHandler                   0x080003bf   Thumb Code     0  startup_stm32h723xx.o(.text)
    DTS_IRQHandler                           0x080003bf   Thumb Code     0  startup_stm32h723xx.o(.text)
    ECC_IRQHandler                           0x080003bf   Thumb Code     0  startup_stm32h723xx.o(.text)
    ETH_IRQHandler                           0x080003bf   Thumb Code     0  startup_stm32h723xx.o(.text)
    ETH_WKUP_IRQHandler                      0x080003bf   Thumb Code     0  startup_stm32h723xx.o(.text)
    EXTI0_IRQHandler                         0x080003bf   Thumb Code     0  startup_stm32h723xx.o(.text)
    EXTI15_10_IRQHandler                     0x080003bf   Thumb Code     0  startup_stm32h723xx.o(.text)
    EXTI1_IRQHandler                         0x080003bf   Thumb Code     0  startup_stm32h723xx.o(.text)
    EXTI2_IRQHandler                         0x080003bf   Thumb Code     0  startup_stm32h723xx.o(.text)
    EXTI3_IRQHandler                         0x080003bf   Thumb Code     0  startup_stm32h723xx.o(.text)
    EXTI4_IRQHandler                         0x080003bf   Thumb Code     0  startup_stm32h723xx.o(.text)
    EXTI9_5_IRQHandler                       0x080003bf   Thumb Code     0  startup_stm32h723xx.o(.text)
    FDCAN1_IT0_IRQHandler                    0x080003bf   Thumb Code     0  startup_stm32h723xx.o(.text)
    FDCAN1_IT1_IRQHandler                    0x080003bf   Thumb Code     0  startup_stm32h723xx.o(.text)
    FDCAN2_IT0_IRQHandler                    0x080003bf   Thumb Code     0  startup_stm32h723xx.o(.text)
    FDCAN2_IT1_IRQHandler                    0x080003bf   Thumb Code     0  startup_stm32h723xx.o(.text)
    FDCAN3_IT0_IRQHandler                    0x080003bf   Thumb Code     0  startup_stm32h723xx.o(.text)
    FDCAN3_IT1_IRQHandler                    0x080003bf   Thumb Code     0  startup_stm32h723xx.o(.text)
    FDCAN_CAL_IRQHandler                     0x080003bf   Thumb Code     0  startup_stm32h723xx.o(.text)
    FLASH_IRQHandler                         0x080003bf   Thumb Code     0  startup_stm32h723xx.o(.text)
    FMAC_IRQHandler                          0x080003bf   Thumb Code     0  startup_stm32h723xx.o(.text)
    FMC_IRQHandler                           0x080003bf   Thumb Code     0  startup_stm32h723xx.o(.text)
    FPU_IRQHandler                           0x080003bf   Thumb Code     0  startup_stm32h723xx.o(.text)
    HSEM1_IRQHandler                         0x080003bf   Thumb Code     0  startup_stm32h723xx.o(.text)
    I2C1_ER_IRQHandler                       0x080003bf   Thumb Code     0  startup_stm32h723xx.o(.text)
    I2C1_EV_IRQHandler                       0x080003bf   Thumb Code     0  startup_stm32h723xx.o(.text)
    I2C2_ER_IRQHandler                       0x080003bf   Thumb Code     0  startup_stm32h723xx.o(.text)
    I2C2_EV_IRQHandler                       0x080003bf   Thumb Code     0  startup_stm32h723xx.o(.text)
    I2C3_ER_IRQHandler                       0x080003bf   Thumb Code     0  startup_stm32h723xx.o(.text)
    I2C3_EV_IRQHandler                       0x080003bf   Thumb Code     0  startup_stm32h723xx.o(.text)
    I2C4_ER_IRQHandler                       0x080003bf   Thumb Code     0  startup_stm32h723xx.o(.text)
    I2C4_EV_IRQHandler                       0x080003bf   Thumb Code     0  startup_stm32h723xx.o(.text)
    I2C5_ER_IRQHandler                       0x080003bf   Thumb Code     0  startup_stm32h723xx.o(.text)
    I2C5_EV_IRQHandler                       0x080003bf   Thumb Code     0  startup_stm32h723xx.o(.text)
    LPTIM1_IRQHandler                        0x080003bf   Thumb Code     0  startup_stm32h723xx.o(.text)
    LPTIM2_IRQHandler                        0x080003bf   Thumb Code     0  startup_stm32h723xx.o(.text)
    LPTIM3_IRQHandler                        0x080003bf   Thumb Code     0  startup_stm32h723xx.o(.text)
    LPTIM4_IRQHandler                        0x080003bf   Thumb Code     0  startup_stm32h723xx.o(.text)
    LPTIM5_IRQHandler                        0x080003bf   Thumb Code     0  startup_stm32h723xx.o(.text)
    LPUART1_IRQHandler                       0x080003bf   Thumb Code     0  startup_stm32h723xx.o(.text)
    LTDC_ER_IRQHandler                       0x080003bf   Thumb Code     0  startup_stm32h723xx.o(.text)
    LTDC_IRQHandler                          0x080003bf   Thumb Code     0  startup_stm32h723xx.o(.text)
    MDIOS_IRQHandler                         0x080003bf   Thumb Code     0  startup_stm32h723xx.o(.text)
    MDIOS_WKUP_IRQHandler                    0x080003bf   Thumb Code     0  startup_stm32h723xx.o(.text)
    MDMA_IRQHandler                          0x080003bf   Thumb Code     0  startup_stm32h723xx.o(.text)
    OCTOSPI1_IRQHandler                      0x080003bf   Thumb Code     0  startup_stm32h723xx.o(.text)
    OCTOSPI2_IRQHandler                      0x080003bf   Thumb Code     0  startup_stm32h723xx.o(.text)
    OTG_HS_EP1_IN_IRQHandler                 0x080003bf   Thumb Code     0  startup_stm32h723xx.o(.text)
    OTG_HS_EP1_OUT_IRQHandler                0x080003bf   Thumb Code     0  startup_stm32h723xx.o(.text)
    OTG_HS_IRQHandler                        0x080003bf   Thumb Code     0  startup_stm32h723xx.o(.text)
    OTG_HS_WKUP_IRQHandler                   0x080003bf   Thumb Code     0  startup_stm32h723xx.o(.text)
    PVD_AVD_IRQHandler                       0x080003bf   Thumb Code     0  startup_stm32h723xx.o(.text)
    RCC_IRQHandler                           0x080003bf   Thumb Code     0  startup_stm32h723xx.o(.text)
    RNG_IRQHandler                           0x080003bf   Thumb Code     0  startup_stm32h723xx.o(.text)
    RTC_Alarm_IRQHandler                     0x080003bf   Thumb Code     0  startup_stm32h723xx.o(.text)
    RTC_WKUP_IRQHandler                      0x080003bf   Thumb Code     0  startup_stm32h723xx.o(.text)
    SAI1_IRQHandler                          0x080003bf   Thumb Code     0  startup_stm32h723xx.o(.text)
    SAI4_IRQHandler                          0x080003bf   Thumb Code     0  startup_stm32h723xx.o(.text)
    SDMMC1_IRQHandler                        0x080003bf   Thumb Code     0  startup_stm32h723xx.o(.text)
    SDMMC2_IRQHandler                        0x080003bf   Thumb Code     0  startup_stm32h723xx.o(.text)
    SPDIF_RX_IRQHandler                      0x080003bf   Thumb Code     0  startup_stm32h723xx.o(.text)
    SPI1_IRQHandler                          0x080003bf   Thumb Code     0  startup_stm32h723xx.o(.text)
    SPI2_IRQHandler                          0x080003bf   Thumb Code     0  startup_stm32h723xx.o(.text)
    SPI3_IRQHandler                          0x080003bf   Thumb Code     0  startup_stm32h723xx.o(.text)
    SPI4_IRQHandler                          0x080003bf   Thumb Code     0  startup_stm32h723xx.o(.text)
    SPI5_IRQHandler                          0x080003bf   Thumb Code     0  startup_stm32h723xx.o(.text)
    SPI6_IRQHandler                          0x080003bf   Thumb Code     0  startup_stm32h723xx.o(.text)
    SWPMI1_IRQHandler                        0x080003bf   Thumb Code     0  startup_stm32h723xx.o(.text)
    TAMP_STAMP_IRQHandler                    0x080003bf   Thumb Code     0  startup_stm32h723xx.o(.text)
    TIM15_IRQHandler                         0x080003bf   Thumb Code     0  startup_stm32h723xx.o(.text)
    TIM16_IRQHandler                         0x080003bf   Thumb Code     0  startup_stm32h723xx.o(.text)
    TIM17_IRQHandler                         0x080003bf   Thumb Code     0  startup_stm32h723xx.o(.text)
    TIM1_BRK_IRQHandler                      0x080003bf   Thumb Code     0  startup_stm32h723xx.o(.text)
    TIM1_CC_IRQHandler                       0x080003bf   Thumb Code     0  startup_stm32h723xx.o(.text)
    TIM1_TRG_COM_IRQHandler                  0x080003bf   Thumb Code     0  startup_stm32h723xx.o(.text)
    TIM1_UP_IRQHandler                       0x080003bf   Thumb Code     0  startup_stm32h723xx.o(.text)
    TIM24_IRQHandler                         0x080003bf   Thumb Code     0  startup_stm32h723xx.o(.text)
    TIM2_IRQHandler                          0x080003bf   Thumb Code     0  startup_stm32h723xx.o(.text)
    TIM3_IRQHandler                          0x080003bf   Thumb Code     0  startup_stm32h723xx.o(.text)
    TIM4_IRQHandler                          0x080003bf   Thumb Code     0  startup_stm32h723xx.o(.text)
    TIM5_IRQHandler                          0x080003bf   Thumb Code     0  startup_stm32h723xx.o(.text)
    TIM6_DAC_IRQHandler                      0x080003bf   Thumb Code     0  startup_stm32h723xx.o(.text)
    TIM7_IRQHandler                          0x080003bf   Thumb Code     0  startup_stm32h723xx.o(.text)
    TIM8_BRK_TIM12_IRQHandler                0x080003bf   Thumb Code     0  startup_stm32h723xx.o(.text)
    TIM8_CC_IRQHandler                       0x080003bf   Thumb Code     0  startup_stm32h723xx.o(.text)
    TIM8_TRG_COM_TIM14_IRQHandler            0x080003bf   Thumb Code     0  startup_stm32h723xx.o(.text)
    TIM8_UP_TIM13_IRQHandler                 0x080003bf   Thumb Code     0  startup_stm32h723xx.o(.text)
    UART4_IRQHandler                         0x080003bf   Thumb Code     0  startup_stm32h723xx.o(.text)
    UART5_IRQHandler                         0x080003bf   Thumb Code     0  startup_stm32h723xx.o(.text)
    UART7_IRQHandler                         0x080003bf   Thumb Code     0  startup_stm32h723xx.o(.text)
    UART8_IRQHandler                         0x080003bf   Thumb Code     0  startup_stm32h723xx.o(.text)
    UART9_IRQHandler                         0x080003bf   Thumb Code     0  startup_stm32h723xx.o(.text)
    USART10_IRQHandler                       0x080003bf   Thumb Code     0  startup_stm32h723xx.o(.text)
    USART1_IRQHandler                        0x080003bf   Thumb Code     0  startup_stm32h723xx.o(.text)
    USART2_IRQHandler                        0x080003bf   Thumb Code     0  startup_stm32h723xx.o(.text)
    USART3_IRQHandler                        0x080003bf   Thumb Code     0  startup_stm32h723xx.o(.text)
    USART6_IRQHandler                        0x080003bf   Thumb Code     0  startup_stm32h723xx.o(.text)
    WAKEUP_PIN_IRQHandler                    0x080003bf   Thumb Code     0  startup_stm32h723xx.o(.text)
    WWDG_IRQHandler                          0x080003bf   Thumb Code     0  startup_stm32h723xx.o(.text)
    __aeabi_uldivmod                         0x080003c9   Thumb Code    98  uldiv.o(.text)
    __aeabi_memcpy                           0x0800042b   Thumb Code    36  memcpya.o(.text)
    __aeabi_memcpy4                          0x0800042b   Thumb Code     0  memcpya.o(.text)
    __aeabi_memcpy8                          0x0800042b   Thumb Code     0  memcpya.o(.text)
    __aeabi_memset                           0x0800044f   Thumb Code    14  memseta.o(.text)
    __aeabi_memset4                          0x0800044f   Thumb Code     0  memseta.o(.text)
    __aeabi_memset8                          0x0800044f   Thumb Code     0  memseta.o(.text)
    __aeabi_memclr                           0x0800045d   Thumb Code     4  memseta.o(.text)
    __aeabi_memclr4                          0x0800045d   Thumb Code     0  memseta.o(.text)
    __aeabi_memclr8                          0x0800045d   Thumb Code     0  memseta.o(.text)
    _memset$wrapper                          0x08000461   Thumb Code    18  memseta.o(.text)
    strlen                                   0x08000473   Thumb Code    14  strlen.o(.text)
    __aeabi_uidiv                            0x08000481   Thumb Code     0  uidiv.o(.text)
    __aeabi_uidivmod                         0x08000481   Thumb Code    44  uidiv.o(.text)
    __aeabi_llsl                             0x080004ad   Thumb Code    30  llshl.o(.text)
    _ll_shift_l                              0x080004ad   Thumb Code     0  llshl.o(.text)
    __aeabi_llsr                             0x080004cb   Thumb Code    32  llushr.o(.text)
    _ll_ushift_r                             0x080004cb   Thumb Code     0  llushr.o(.text)
    __I$use$fp                               0x080004eb   Thumb Code     0  iusefp.o(.text)
    __aeabi_dadd                             0x080004eb   Thumb Code   322  dadd.o(.text)
    __aeabi_dsub                             0x0800062d   Thumb Code     6  dadd.o(.text)
    __aeabi_drsub                            0x08000633   Thumb Code     6  dadd.o(.text)
    __aeabi_dmul                             0x08000639   Thumb Code   228  dmul.o(.text)
    __aeabi_ddiv                             0x0800071d   Thumb Code   222  ddiv.o(.text)
    __aeabi_d2ulz                            0x080007fb   Thumb Code    48  dfixul.o(.text)
    __aeabi_cdrcmple                         0x0800082d   Thumb Code    48  cdrcmple.o(.text)
    __scatterload                            0x0800085d   Thumb Code    28  init.o(.text)
    __scatterload_rt2                        0x0800085d   Thumb Code     0  init.o(.text)
    __aeabi_lasr                             0x08000881   Thumb Code    36  llsshr.o(.text)
    _ll_sshift_r                             0x08000881   Thumb Code     0  llsshr.o(.text)
    _double_round                            0x080008a5   Thumb Code    30  depilogue.o(.text)
    _double_epilogue                         0x080008c3   Thumb Code   156  depilogue.o(.text)
    BSP_PlatformIsDetected                   0x08000961   Thumb Code    20  fatfs_platform.o(i.BSP_PlatformIsDetected)
    BSP_SD_GetCardInfo                       0x08000979   Thumb Code     8  bsp_driver_sd.o(i.BSP_SD_GetCardInfo)
    BSP_SD_GetCardState                      0x08000985   Thumb Code    20  bsp_driver_sd.o(i.BSP_SD_GetCardState)
    BSP_SD_Init                              0x0800099d   Thumb Code    42  bsp_driver_sd.o(i.BSP_SD_Init)
    BSP_SD_IsDetected                        0x080009cd   Thumb Code    26  bsp_driver_sd.o(i.BSP_SD_IsDetected)
    BSP_SD_ReadBlocks                        0x080009e9   Thumb Code    26  bsp_driver_sd.o(i.BSP_SD_ReadBlocks)
    BSP_SD_WriteBlocks                       0x08000a09   Thumb Code    26  bsp_driver_sd.o(i.BSP_SD_WriteBlocks)
    BusFault_Handler                         0x08000a29   Thumb Code     2  stm32h7xx_it.o(i.BusFault_Handler)
    DMA1_Stream0_IRQHandler                  0x08000a2d   Thumb Code     6  stm32h7xx_it.o(i.DMA1_Stream0_IRQHandler)
    DMA2D_IRQHandler                         0x08000a39   Thumb Code     6  stm32h7xx_it.o(i.DMA2D_IRQHandler)
    DebugMon_Handler                         0x08000c5d   Thumb Code     2  stm32h7xx_it.o(i.DebugMon_Handler)
    Error_Handler                            0x08000c61   Thumb Code    12  main.o(i.Error_Handler)
    FATFS_LinkDriver                         0x08000c81   Thumb Code     6  ff_gen_drv.o(i.FATFS_LinkDriver)
    FATFS_LinkDriverEx                       0x08000c89   Thumb Code    58  ff_gen_drv.o(i.FATFS_LinkDriverEx)
    FMC_SDRAM_Init                           0x08000cc9   Thumb Code   106  stm32h7xx_ll_fmc.o(i.FMC_SDRAM_Init)
    FMC_SDRAM_ProgramRefreshRate             0x08000d33   Thumb Code    18  stm32h7xx_ll_fmc.o(i.FMC_SDRAM_ProgramRefreshRate)
    FMC_SDRAM_SendCommand                    0x08000d45   Thumb Code    38  stm32h7xx_ll_fmc.o(i.FMC_SDRAM_SendCommand)
    FMC_SDRAM_Timing_Init                    0x08000d6d   Thumb Code   164  stm32h7xx_ll_fmc.o(i.FMC_SDRAM_Timing_Init)
    HAL_DMA2D_CLUTLoadingCpltCallback        0x08000e1d   Thumb Code     2  stm32h7xx_hal_dma2d.o(i.HAL_DMA2D_CLUTLoadingCpltCallback)
    HAL_DMA2D_ConfigLayer                    0x08000e21   Thumb Code   190  stm32h7xx_hal_dma2d.o(i.HAL_DMA2D_ConfigLayer)
    HAL_DMA2D_IRQHandler                     0x08000ee9   Thumb Code   284  stm32h7xx_hal_dma2d.o(i.HAL_DMA2D_IRQHandler)
    HAL_DMA2D_Init                           0x08001005   Thumb Code   130  stm32h7xx_hal_dma2d.o(i.HAL_DMA2D_Init)
    HAL_DMA2D_LineEventCallback              0x0800108d   Thumb Code     2  stm32h7xx_hal_dma2d.o(i.HAL_DMA2D_LineEventCallback)
    HAL_DMA2D_MspInit                        0x08001091   Thumb Code    50  dma2d.o(i.HAL_DMA2D_MspInit)
    HAL_DMA_IRQHandler                       0x080010cd   Thumb Code  1756  stm32h7xx_hal_dma.o(i.HAL_DMA_IRQHandler)
    HAL_DMA_Init                             0x080017b5   Thumb Code   922  stm32h7xx_hal_dma.o(i.HAL_DMA_Init)
    HAL_Delay                                0x08001b71   Thumb Code    32  stm32h7xx_hal.o(i.HAL_Delay)
    HAL_GPIO_Init                            0x08001c89   Thumb Code   496  stm32h7xx_hal_gpio.o(i.HAL_GPIO_Init)
    HAL_GPIO_ReadPin                         0x08001ea5   Thumb Code    10  stm32h7xx_hal_gpio.o(i.HAL_GPIO_ReadPin)
    HAL_GPIO_TogglePin                       0x08001eaf   Thumb Code    16  stm32h7xx_hal_gpio.o(i.HAL_GPIO_TogglePin)
    HAL_GPIO_WritePin                        0x08001ebf   Thumb Code    10  stm32h7xx_hal_gpio.o(i.HAL_GPIO_WritePin)
    HAL_GetTick                              0x08001ec9   Thumb Code     6  stm32h7xx_hal.o(i.HAL_GetTick)
    HAL_I2CEx_ConfigAnalogFilter             0x08001ed5   Thumb Code    88  stm32h7xx_hal_i2c_ex.o(i.HAL_I2CEx_ConfigAnalogFilter)
    HAL_I2CEx_ConfigDigitalFilter            0x08001f2d   Thumb Code    84  stm32h7xx_hal_i2c_ex.o(i.HAL_I2CEx_ConfigDigitalFilter)
    HAL_I2C_Init                             0x08001f81   Thumb Code   180  stm32h7xx_hal_i2c.o(i.HAL_I2C_Init)
    HAL_I2C_MspInit                          0x08002039   Thumb Code   208  i2c.o(i.HAL_I2C_MspInit)
    HAL_IncTick                              0x0800211d   Thumb Code    12  stm32h7xx_hal.o(i.HAL_IncTick)
    HAL_Init                                 0x0800212d   Thumb Code    74  stm32h7xx_hal.o(i.HAL_Init)
    HAL_InitTick                             0x08002189   Thumb Code   110  stm32h7xx_hal_timebase_tim.o(i.HAL_InitTick)
    HAL_LTDC_ConfigLayer                     0x0800220d   Thumb Code    82  stm32h7xx_hal_ltdc.o(i.HAL_LTDC_ConfigLayer)
    HAL_LTDC_Init                            0x08002261   Thumb Code   242  stm32h7xx_hal_ltdc.o(i.HAL_LTDC_Init)
    HAL_LTDC_MspInit                         0x08002359   Thumb Code   490  ltdc.o(i.HAL_LTDC_MspInit)
    HAL_MspInit                              0x08002565   Thumb Code    22  stm32h7xx_hal_msp.o(i.HAL_MspInit)
    HAL_NVIC_EnableIRQ                       0x08002581   Thumb Code    26  stm32h7xx_hal_cortex.o(i.HAL_NVIC_EnableIRQ)
    HAL_NVIC_SetPriority                     0x0800259d   Thumb Code    60  stm32h7xx_hal_cortex.o(i.HAL_NVIC_SetPriority)
    HAL_NVIC_SetPriorityGrouping             0x080025dd   Thumb Code    28  stm32h7xx_hal_cortex.o(i.HAL_NVIC_SetPriorityGrouping)
    HAL_OSPIM_Config                         0x08002601   Thumb Code  1048  stm32h7xx_hal_ospi.o(i.HAL_OSPIM_Config)
    HAL_OSPI_Command                         0x08002a19   Thumb Code   164  stm32h7xx_hal_ospi.o(i.HAL_OSPI_Command)
    HAL_OSPI_Init                            0x08002abd   Thumb Code   258  stm32h7xx_hal_ospi.o(i.HAL_OSPI_Init)
    HAL_OSPI_MemoryMapped                    0x08002bc5   Thumb Code    96  stm32h7xx_hal_ospi.o(i.HAL_OSPI_MemoryMapped)
    HAL_OSPI_MspInit                         0x08002c29   Thumb Code   208  octospi.o(i.HAL_OSPI_MspInit)
    HAL_OSPI_Receive                         0x08002d09   Thumb Code   172  stm32h7xx_hal_ospi.o(i.HAL_OSPI_Receive)
    HAL_OSPI_Transmit                        0x08002db5   Thumb Code   134  stm32h7xx_hal_ospi.o(i.HAL_OSPI_Transmit)
    HAL_PWREx_ConfigSupply                   0x08002e3d   Thumb Code    78  stm32h7xx_hal_pwr_ex.o(i.HAL_PWREx_ConfigSupply)
    HAL_RCCEx_GetD3PCLK1Freq                 0x08002e91   Thumb Code    26  stm32h7xx_hal_rcc_ex.o(i.HAL_RCCEx_GetD3PCLK1Freq)
    HAL_RCCEx_GetPLL1ClockFreq               0x08002eb5   Thumb Code   298  stm32h7xx_hal_rcc_ex.o(i.HAL_RCCEx_GetPLL1ClockFreq)
    HAL_RCCEx_GetPLL2ClockFreq               0x08002ffd   Thumb Code   296  stm32h7xx_hal_rcc_ex.o(i.HAL_RCCEx_GetPLL2ClockFreq)
    HAL_RCCEx_GetPLL3ClockFreq               0x08003141   Thumb Code   296  stm32h7xx_hal_rcc_ex.o(i.HAL_RCCEx_GetPLL3ClockFreq)
    HAL_RCCEx_GetPeriphCLKFreq               0x08003285   Thumb Code   648  stm32h7xx_hal_rcc_ex.o(i.HAL_RCCEx_GetPeriphCLKFreq)
    HAL_RCCEx_PeriphCLKConfig                0x08003521   Thumb Code  2362  stm32h7xx_hal_rcc_ex.o(i.HAL_RCCEx_PeriphCLKConfig)
    HAL_RCC_ClockConfig                      0x08003e5d   Thumb Code   580  stm32h7xx_hal_rcc.o(i.HAL_RCC_ClockConfig)
    HAL_RCC_GetClockConfig                   0x080040b9   Thumb Code    84  stm32h7xx_hal_rcc.o(i.HAL_RCC_GetClockConfig)
    HAL_RCC_GetHCLKFreq                      0x08004115   Thumb Code    52  stm32h7xx_hal_rcc.o(i.HAL_RCC_GetHCLKFreq)
    HAL_RCC_GetPCLK1Freq                     0x08004159   Thumb Code    26  stm32h7xx_hal_rcc.o(i.HAL_RCC_GetPCLK1Freq)
    HAL_RCC_GetPCLK2Freq                     0x0800417d   Thumb Code    26  stm32h7xx_hal_rcc.o(i.HAL_RCC_GetPCLK2Freq)
    HAL_RCC_GetSysClockFreq                  0x080041a1   Thumb Code   278  stm32h7xx_hal_rcc.o(i.HAL_RCC_GetSysClockFreq)
    HAL_RCC_OscConfig                        0x080042d9   Thumb Code  1318  stm32h7xx_hal_rcc.o(i.HAL_RCC_OscConfig)
    HAL_RNG_Init                             0x08004801   Thumb Code   216  stm32h7xx_hal_rng.o(i.HAL_RNG_Init)
    HAL_RNG_MspInit                          0x080048e1   Thumb Code    68  rng.o(i.HAL_RNG_MspInit)
    HAL_SAI_Init                             0x0800492d   Thumb Code   654  stm32h7xx_hal_sai.o(i.HAL_SAI_Init)
    HAL_SAI_InitProtocol                     0x08004bcd   Thumb Code    50  stm32h7xx_hal_sai.o(i.HAL_SAI_InitProtocol)
    HAL_SAI_MspInit                          0x08004c01   Thumb Code   218  sai.o(i.HAL_SAI_MspInit)
    HAL_SDRAM_Init                           0x08004cf9   Thumb Code    76  stm32h7xx_hal_sdram.o(i.HAL_SDRAM_Init)
    HAL_SDRAM_MspInit                        0x08004d49   Thumb Code     4  fmc.o(i.HAL_SDRAM_MspInit)
    HAL_SDRAM_ProgramRefreshRate             0x08004d4d   Thumb Code    46  stm32h7xx_hal_sdram.o(i.HAL_SDRAM_ProgramRefreshRate)
    HAL_SDRAM_SendCommand                    0x08004d7d   Thumb Code    60  stm32h7xx_hal_sdram.o(i.HAL_SDRAM_SendCommand)
    HAL_SD_ConfigWideBusOperation            0x08004db9   Thumb Code   378  stm32h7xx_hal_sd.o(i.HAL_SD_ConfigWideBusOperation)
    HAL_SD_GetCardCSD                        0x08004f41   Thumb Code   440  stm32h7xx_hal_sd.o(i.HAL_SD_GetCardCSD)
    HAL_SD_GetCardInfo                       0x080050fd   Thumb Code    36  stm32h7xx_hal_sd.o(i.HAL_SD_GetCardInfo)
    HAL_SD_GetCardState                      0x08005121   Thumb Code    44  stm32h7xx_hal_sd.o(i.HAL_SD_GetCardState)
    HAL_SD_GetCardStatus                     0x0800514d   Thumb Code   200  stm32h7xx_hal_sd.o(i.HAL_SD_GetCardStatus)
    HAL_SD_Init                              0x08005219   Thumb Code   154  stm32h7xx_hal_sd.o(i.HAL_SD_Init)
    HAL_SD_InitCard                          0x080052b5   Thumb Code   158  stm32h7xx_hal_sd.o(i.HAL_SD_InitCard)
    HAL_SD_MspInit                           0x08005361   Thumb Code   236  sdmmc.o(i.HAL_SD_MspInit)
    HAL_SD_ReadBlocks                        0x08005465   Thumb Code   444  stm32h7xx_hal_sd.o(i.HAL_SD_ReadBlocks)
    HAL_SD_WriteBlocks                       0x08005629   Thumb Code   466  stm32h7xx_hal_sd.o(i.HAL_SD_WriteBlocks)
    HAL_TIMEx_Break2Callback                 0x08005805   Thumb Code     2  stm32h7xx_hal_tim_ex.o(i.HAL_TIMEx_Break2Callback)
    HAL_TIMEx_BreakCallback                  0x08005807   Thumb Code     2  stm32h7xx_hal_tim_ex.o(i.HAL_TIMEx_BreakCallback)
    HAL_TIMEx_CommutCallback                 0x08005809   Thumb Code     2  stm32h7xx_hal_tim_ex.o(i.HAL_TIMEx_CommutCallback)
    HAL_TIMEx_MasterConfigSynchronization    0x0800580d   Thumb Code   146  stm32h7xx_hal_tim_ex.o(i.HAL_TIMEx_MasterConfigSynchronization)
    HAL_TIM_Base_Init                        0x080058c5   Thumb Code    98  stm32h7xx_hal_tim.o(i.HAL_TIM_Base_Init)
    HAL_TIM_Base_MspInit                     0x08005929   Thumb Code    30  tim.o(i.HAL_TIM_Base_MspInit)
    HAL_TIM_Base_Start_IT                    0x08005951   Thumb Code   118  stm32h7xx_hal_tim.o(i.HAL_TIM_Base_Start_IT)
    HAL_TIM_ConfigClockSource                0x080059f1   Thumb Code   248  stm32h7xx_hal_tim.o(i.HAL_TIM_ConfigClockSource)
    HAL_TIM_IC_CaptureCallback               0x08005aed   Thumb Code     2  stm32h7xx_hal_tim.o(i.HAL_TIM_IC_CaptureCallback)
    HAL_TIM_IRQHandler                       0x08005aef   Thumb Code   386  stm32h7xx_hal_tim.o(i.HAL_TIM_IRQHandler)
    HAL_TIM_OC_DelayElapsedCallback          0x08005c71   Thumb Code     2  stm32h7xx_hal_tim.o(i.HAL_TIM_OC_DelayElapsedCallback)
    HAL_TIM_PWM_PulseFinishedCallback        0x08005c73   Thumb Code     2  stm32h7xx_hal_tim.o(i.HAL_TIM_PWM_PulseFinishedCallback)
    HAL_TIM_PeriodElapsedCallback            0x08005c75   Thumb Code    14  main.o(i.HAL_TIM_PeriodElapsedCallback)
    HAL_TIM_TriggerCallback                  0x08005c89   Thumb Code     2  stm32h7xx_hal_tim.o(i.HAL_TIM_TriggerCallback)
    HAL_UARTEx_DisableFifoMode               0x08005c8b   Thumb Code    64  stm32h7xx_hal_uart_ex.o(i.HAL_UARTEx_DisableFifoMode)
    HAL_UARTEx_SetRxFifoThreshold            0x08005ccb   Thumb Code    76  stm32h7xx_hal_uart_ex.o(i.HAL_UARTEx_SetRxFifoThreshold)
    HAL_UARTEx_SetTxFifoThreshold            0x08005d17   Thumb Code    76  stm32h7xx_hal_uart_ex.o(i.HAL_UARTEx_SetTxFifoThreshold)
    HAL_UART_Init                            0x08005d63   Thumb Code   106  stm32h7xx_hal_uart.o(i.HAL_UART_Init)
    HAL_UART_MspInit                         0x08005dcd   Thumb Code   122  usart.o(i.HAL_UART_MspInit)
    HAL_UART_Transmit                        0x08005e55   Thumb Code   176  stm32h7xx_hal_uart.o(i.HAL_UART_Transmit)
    HardFault_Handler                        0x08005f05   Thumb Code     2  stm32h7xx_it.o(i.HardFault_Handler)
    MX_DMA2D_Init                            0x080060d9   Thumb Code    66  dma2d.o(i.MX_DMA2D_Init)
    MX_DMA_Init                              0x08006125   Thumb Code    40  dma.o(i.MX_DMA_Init)
    MX_FATFS_Init                            0x08006151   Thumb Code    18  fatfs.o(i.MX_FATFS_Init)
    MX_FMC_Init                              0x0800616d   Thumb Code   124  fmc.o(i.MX_FMC_Init)
    MX_GPIO_Init                             0x080061fd   Thumb Code   318  gpio.o(i.MX_GPIO_Init)
    MX_I2C1_Init                             0x08006351   Thumb Code    76  i2c.o(i.MX_I2C1_Init)
    MX_I2C4_Init                             0x080063a9   Thumb Code    76  i2c.o(i.MX_I2C4_Init)
    MX_LPUART1_UART_Init                     0x08006401   Thumb Code    94  usart.o(i.MX_LPUART1_UART_Init)
    MX_LTDC_Init                             0x08006469   Thumb Code   260  ltdc.o(i.MX_LTDC_Init)
    MX_OCTOSPI1_Init                         0x0800657d   Thumb Code   116  octospi.o(i.MX_OCTOSPI1_Init)
    MX_RNG_Init                              0x080065f9   Thumb Code    30  rng.o(i.MX_RNG_Init)
    MX_SAI1_Init                             0x08006621   Thumb Code    62  sai.o(i.MX_SAI1_Init)
    MX_SDMMC2_SD_Init                        0x08006669   Thumb Code    28  sdmmc.o(i.MX_SDMMC2_SD_Init)
    MX_TIM3_Init                             0x0800668d   Thumb Code    94  tim.o(i.MX_TIM3_Init)
    MemManage_Handler                        0x080066f5   Thumb Code     2  stm32h7xx_it.o(i.MemManage_Handler)
    NMI_Handler                              0x080066f7   Thumb Code     2  stm32h7xx_it.o(i.NMI_Handler)
    NORFLASH_Init                            0x080066f9   Thumb Code    94  norflash.o(i.NORFLASH_Init)
    NORFLASH_Qspi_Enable                     0x0800675d   Thumb Code    48  norflash.o(i.NORFLASH_Qspi_Enable)
    NORFLASH_ReadID                          0x08006791   Thumb Code    42  norflash.o(i.NORFLASH_ReadID)
    NORFLASH_ReadSR                          0x080067c1   Thumb Code    66  norflash.o(i.NORFLASH_ReadSR)
    NORFLASH_Write_Enable                    0x08006809   Thumb Code    24  norflash.o(i.NORFLASH_Write_Enable)
    NORFLASH_Write_SR                        0x08006825   Thumb Code    56  norflash.o(i.NORFLASH_Write_SR)
    QSPI_Receive                             0x08006b59   Thumb Code    30  octospi.o(i.QSPI_Receive)
    QSPI_Send_CMD                            0x08006b7d   Thumb Code   244  octospi.o(i.QSPI_Send_CMD)
    QSPI_Transmit                            0x08006c75   Thumb Code    30  octospi.o(i.QSPI_Transmit)
    SDMMC_CmdAppCommand                      0x0800703b   Thumb Code    52  stm32h7xx_ll_sdmmc.o(i.SDMMC_CmdAppCommand)
    SDMMC_CmdAppOperCommand                  0x0800706f   Thumb Code    46  stm32h7xx_ll_sdmmc.o(i.SDMMC_CmdAppOperCommand)
    SDMMC_CmdBlockLength                     0x0800709d   Thumb Code    50  stm32h7xx_ll_sdmmc.o(i.SDMMC_CmdBlockLength)
    SDMMC_CmdBusWidth                        0x080070cf   Thumb Code    52  stm32h7xx_ll_sdmmc.o(i.SDMMC_CmdBusWidth)
    SDMMC_CmdGoIdleState                     0x08007105   Thumb Code    74  stm32h7xx_ll_sdmmc.o(i.SDMMC_CmdGoIdleState)
    SDMMC_CmdOperCond                        0x08007159   Thumb Code    40  stm32h7xx_ll_sdmmc.o(i.SDMMC_CmdOperCond)
    SDMMC_CmdReadMultiBlock                  0x08007181   Thumb Code    52  stm32h7xx_ll_sdmmc.o(i.SDMMC_CmdReadMultiBlock)
    SDMMC_CmdReadSingleBlock                 0x080071b5   Thumb Code    52  stm32h7xx_ll_sdmmc.o(i.SDMMC_CmdReadSingleBlock)
    SDMMC_CmdSelDesel                        0x080071e9   Thumb Code    52  stm32h7xx_ll_sdmmc.o(i.SDMMC_CmdSelDesel)
    SDMMC_CmdSendCID                         0x0800721d   Thumb Code    44  stm32h7xx_ll_sdmmc.o(i.SDMMC_CmdSendCID)
    SDMMC_CmdSendCSD                         0x08007249   Thumb Code    48  stm32h7xx_ll_sdmmc.o(i.SDMMC_CmdSendCSD)
    SDMMC_CmdSendSCR                         0x08007279   Thumb Code    50  stm32h7xx_ll_sdmmc.o(i.SDMMC_CmdSendSCR)
    SDMMC_CmdSendStatus                      0x080072ab   Thumb Code    52  stm32h7xx_ll_sdmmc.o(i.SDMMC_CmdSendStatus)
    SDMMC_CmdSetRelAdd                       0x080072df   Thumb Code    50  stm32h7xx_ll_sdmmc.o(i.SDMMC_CmdSetRelAdd)
    SDMMC_CmdStatusRegister                  0x08007311   Thumb Code    50  stm32h7xx_ll_sdmmc.o(i.SDMMC_CmdStatusRegister)
    SDMMC_CmdStopTransfer                    0x08007345   Thumb Code    78  stm32h7xx_ll_sdmmc.o(i.SDMMC_CmdStopTransfer)
    SDMMC_CmdWriteMultiBlock                 0x08007399   Thumb Code    52  stm32h7xx_ll_sdmmc.o(i.SDMMC_CmdWriteMultiBlock)
    SDMMC_CmdWriteSingleBlock                0x080073cd   Thumb Code    52  stm32h7xx_ll_sdmmc.o(i.SDMMC_CmdWriteSingleBlock)
    SDMMC_ConfigData                         0x08007401   Thumb Code    38  stm32h7xx_ll_sdmmc.o(i.SDMMC_ConfigData)
    SDMMC_GetCmdResp1                        0x08007429   Thumb Code   280  stm32h7xx_ll_sdmmc.o(i.SDMMC_GetCmdResp1)
    SDMMC_GetCmdResp2                        0x0800754d   Thumb Code    76  stm32h7xx_ll_sdmmc.o(i.SDMMC_GetCmdResp2)
    SDMMC_GetCmdResp3                        0x080075a1   Thumb Code    62  stm32h7xx_ll_sdmmc.o(i.SDMMC_GetCmdResp3)
    SDMMC_GetCmdResp6                        0x080075e9   Thumb Code   130  stm32h7xx_ll_sdmmc.o(i.SDMMC_GetCmdResp6)
    SDMMC_GetCmdResp7                        0x08007675   Thumb Code    82  stm32h7xx_ll_sdmmc.o(i.SDMMC_GetCmdResp7)
    SDMMC_GetPowerState                      0x080076cd   Thumb Code     8  stm32h7xx_ll_sdmmc.o(i.SDMMC_GetPowerState)
    SDMMC_GetResponse                        0x080076d5   Thumb Code     6  stm32h7xx_ll_sdmmc.o(i.SDMMC_GetResponse)
    SDMMC_Init                               0x080076dd   Thumb Code    28  stm32h7xx_ll_sdmmc.o(i.SDMMC_Init)
    SDMMC_PowerState_ON                      0x080076fd   Thumb Code    12  stm32h7xx_ll_sdmmc.o(i.SDMMC_PowerState_ON)
    SDMMC_ReadFIFO                           0x08007709   Thumb Code     6  stm32h7xx_ll_sdmmc.o(i.SDMMC_ReadFIFO)
    SDMMC_SendCommand                        0x08007711   Thumb Code    34  stm32h7xx_ll_sdmmc.o(i.SDMMC_SendCommand)
    SDMMC_WriteFIFO                          0x08007739   Thumb Code    10  stm32h7xx_ll_sdmmc.o(i.SDMMC_WriteFIFO)
    SDRAM_Initialization_Sequence            0x08007745   Thumb Code   106  sdram.o(i.SDRAM_Initialization_Sequence)
    SDRAM_Send_Cmd                           0x080077c5   Thumb Code    50  sdram.o(i.SDRAM_Send_Cmd)
    SD_initialize                            0x08007b91   Thumb Code    28  sd_diskio.o(i.SD_initialize)
    SD_ioctl                                 0x08007bb1   Thumb Code    84  sd_diskio.o(i.SD_ioctl)
    SD_read                                  0x08007c09   Thumb Code    38  sd_diskio.o(i.SD_read)
    SD_status                                0x08007c2f   Thumb Code     4  sd_diskio.o(i.SD_status)
    SD_write                                 0x08007c35   Thumb Code    38  sd_diskio.o(i.SD_write)
    SysTick_Handler                          0x08007c5d   Thumb Code    42  port.o(i.SysTick_Handler)
    SystemClock_Config                       0x08007c8d   Thumb Code   146  main.o(i.SystemClock_Config)
    SystemInit                               0x08007d25   Thumb Code   158  system_stm32h7xx.o(i.SystemInit)
    TIM23_IRQHandler                         0x08007de5   Thumb Code     6  stm32h7xx_it.o(i.TIM23_IRQHandler)
    TIM_Base_SetConfig                       0x08007df1   Thumb Code   174  stm32h7xx_hal_tim.o(i.TIM_Base_SetConfig)
    TIM_ETR_SetConfig                        0x08007ec9   Thumb Code    18  stm32h7xx_hal_tim.o(i.TIM_ETR_SetConfig)
    UART_AdvFeatureConfig                    0x08007f7d   Thumb Code   200  stm32h7xx_hal_uart.o(i.UART_AdvFeatureConfig)
    UART_CheckIdleState                      0x08008045   Thumb Code   170  stm32h7xx_hal_uart.o(i.UART_CheckIdleState)
    UART_SetConfig                           0x08008145   Thumb Code   914  stm32h7xx_hal_uart.o(i.UART_SetConfig)
    UART_WaitOnFlagUntilTimeout              0x08008521   Thumb Code   140  stm32h7xx_hal_uart.o(i.UART_WaitOnFlagUntilTimeout)
    USART_printf                             0x080085ad   Thumb Code    42  usart.o(i.USART_printf)
    UsageFault_Handler                       0x080085dd   Thumb Code     2  stm32h7xx_it.o(i.UsageFault_Handler)
    __0vsprintf                              0x080085e1   Thumb Code    30  printfa.o(i.__0vsprintf)
    __1vsprintf                              0x080085e1   Thumb Code     0  printfa.o(i.__0vsprintf)
    __2vsprintf                              0x080085e1   Thumb Code     0  printfa.o(i.__0vsprintf)
    __c89vsprintf                            0x080085e1   Thumb Code     0  printfa.o(i.__0vsprintf)
    vsprintf                                 0x080085e1   Thumb Code     0  printfa.o(i.__0vsprintf)
    __scatterload_copy                       0x08008627   Thumb Code    14  handlers.o(i.__scatterload_copy)
    __scatterload_null                       0x08008635   Thumb Code     2  handlers.o(i.__scatterload_null)
    __scatterload_zeroinit                   0x08008637   Thumb Code    14  handlers.o(i.__scatterload_zeroinit)
    disk_initialize                          0x08009805   Thumb Code    34  diskio.o(i.disk_initialize)
    disk_ioctl                               0x0800982d   Thumb Code    20  diskio.o(i.disk_ioctl)
    disk_read                                0x08009845   Thumb Code    22  diskio.o(i.disk_read)
    disk_status                              0x08009861   Thumb Code    16  diskio.o(i.disk_status)
    disk_write                               0x08009875   Thumb Code    22  diskio.o(i.disk_write)
    f_close                                  0x08009891   Thumb Code    40  ff.o(i.f_close)
    f_lseek                                  0x080098b9   Thumb Code   538  ff.o(i.f_lseek)
    f_mount                                  0x08009ad5   Thumb Code    84  ff.o(i.f_mount)
    f_open                                   0x08009b2d   Thumb Code   576  ff.o(i.f_open)
    f_read                                   0x08009d71   Thumb Code   340  ff.o(i.f_read)
    f_sync                                   0x08009ec5   Thumb Code   142  ff.o(i.f_sync)
    ff_convert                               0x08009f55   Thumb Code    68  cc936.o(i.ff_convert)
    ff_memalloc                              0x08009fa1   Thumb Code     4  syscall.o(i.ff_memalloc)
    ff_memfree                               0x08009fa5   Thumb Code     4  syscall.o(i.ff_memfree)
    ff_wtoupper                              0x08009fa9   Thumb Code   120  cc936.o(i.ff_wtoupper)
    free                                     0x0800a2f5   Thumb Code    76  malloc.o(i.free)
    get_fattime                              0x0800a493   Thumb Code     4  fatfs.o(i.get_fattime)
    main                                     0x0800a59d   Thumb Code   568  main.o(i.main)
    malloc                                   0x0800a9e1   Thumb Code    92  malloc.o(i.malloc)
    memmap_flash                             0x0800aa71   Thumb Code    44  norflash.o(i.memmap_flash)
    vTaskSwitchContext                       0x0800adbd   Thumb Code    60  tasks.o(i.vTaskSwitchContext)
    xTaskIncrementTick                       0x0800ae35   Thumb Code   274  tasks.o(i.xTaskIncrementTick)
    UARTPrescTable                           0x0800af58   Data          24  stm32h7xx_hal_uart.o(.constdata)
    D1CorePrescTable                         0x0800af80   Data          16  system_stm32h7xx.o(.constdata)
    SD_Driver                                0x0800af90   Data          20  sd_diskio.o(.constdata)
    uni2oem                                  0x0800afce   Data       87172  cc936.o(.constdata)
    oem2uni                                  0x08020452   Data       87172  cc936.o(.constdata)
    next_map                                 0x08035b84   Data       10000  next.o(.constdata)
    pause_map                                0x08038294   Data       10000  pause.o(.constdata)
    play_map                                 0x0803a9a4   Data       10000  play.o(.constdata)
    previous_map                             0x0803d0b4   Data       10000  previous.o(.constdata)
    repeat_map                               0x0803f7c4   Data       10000  repeat.o(.constdata)
    shuffle_map                              0x08041ed4   Data       10000  shuffle.o(.constdata)
    repeatOne_map                            0x080445e4   Data       10000  repeatone.o(.constdata)
    Region$$Table$$Base                      0x08046cf4   Number         0  anon$$obj.o(Region$$Table)
    Region$$Table$$Limit                     0x08046d14   Number         0  anon$$obj.o(Region$$Table)
    NORFLASH_QPI_MODE                        0x2400000c   Data           1  norflash.o(.data)
    NORFLASH_TYPE                            0x2400000e   Data           2  norflash.o(.data)
    pxCurrentTCB                             0x24000010   Data           4  tasks.o(.data)
    uxTopUsedPriority                        0x24000040   Data           4  tasks.o(.data)
    uwTickFreq                               0x24000050   Data           1  stm32h7xx_hal.o(.data)
    uwTickPrio                               0x24000054   Data           4  stm32h7xx_hal.o(.data)
    uwTick                                   0x24000058   Data           4  stm32h7xx_hal.o(.data)
    SystemCoreClock                          0x2400005c   Data           4  system_stm32h7xx.o(.data)
    SystemD2Clock                            0x24000060   Data           4  system_stm32h7xx.o(.data)
    retSD                                    0x24000065   Data           1  fatfs.o(.data)
    SDPath                                   0x24000066   Data           4  fatfs.o(.data)
    __microlib_freelist                      0x24000074   Data           4  mvars.o(.data)
    __microlib_freelist_initialised          0x24000078   Data           4  mvars.o(.data)
    wav_play                                 0x2400007c   Data       10364  main.o(.bss)
    font_buf                                 0x240028f8   Data        1024  main.o(.bss)
    SD_FATFS                                 0x24002cf8   Data         564  main.o(.bss)
    hdma2d                                   0x24002f2c   Data         104  dma2d.o(.bss)
    hsdram1                                  0x24002f94   Data          52  fmc.o(.bss)
    hi2c1                                    0x24002fc8   Data          84  i2c.o(.bss)
    hi2c4                                    0x2400301c   Data          84  i2c.o(.bss)
    hlpuart1                                 0x24003170   Data         148  usart.o(.bss)
    hltdc                                    0x24003204   Data         168  ltdc.o(.bss)
    hospi1                                   0x240032ac   Data          92  octospi.o(.bss)
    hrng                                     0x24003308   Data          20  rng.o(.bss)
    hsai_BlockA1                             0x2400331c   Data         152  sai.o(.bss)
    hdma_sai1_a                              0x240033b4   Data         120  sai.o(.bss)
    hsd2                                     0x2400342c   Data         124  sdmmc.o(.bss)
    htim3                                    0x240034a8   Data          76  tim.o(.bss)
    htim23                                   0x240034f4   Data          76  stm32h7xx_hal_timebase_tim.o(.bss)
    disk                                     0x24003844   Data          12  ff_gen_drv.o(.bss)
    __heap_base                              0x24003850   Data           0  startup_stm32h723xx.o(HEAP)
    __heap_limit                             0x24004850   Data           0  startup_stm32h723xx.o(HEAP)
    __initial_sp                             0x24005850   Data           0  startup_stm32h723xx.o(STACK)
    music_list                               0xc0000000   Data       32768  main.o(.ARM.__AT_0xC0000000)
    music_play_list                          0xc0008000   Data       32768  main.o(.ARM.__AT_0xC0008000)
    frame_buf                                0xc0010000   Data       1152000  main.o(.ARM.__AT_0xC0010000)
    frame_buf1                               0xc0129400   Data       1152000  main.o(.ARM.__AT_0xC0129400)



==============================================================================

Memory Map of the image

  Image Entry point : 0x080002cd

  Load Region LR_IROM1 (Base: 0x08000000, Size: 0x00046d90, Max: 0x00100000, ABSOLUTE)

    Execution Region ER_IROM1 (Exec base: 0x08000000, Load base: 0x08000000, Size: 0x00046d14, Max: 0x00100000, ABSOLUTE)

    Exec Addr    Load Addr    Size         Type   Attr      Idx    E Section Name        Object

    0x08000000   0x08000000   0x000002cc   Data   RO            3    RESET               startup_stm32h723xx.o
    0x080002cc   0x080002cc   0x00000000   Code   RO         9700  * .ARM.Collect$$$$00000000  mc_w.l(entry.o)
    0x080002cc   0x080002cc   0x00000004   Code   RO        10004    .ARM.Collect$$$$00000001  mc_w.l(entry2.o)
    0x080002d0   0x080002d0   0x00000004   Code   RO        10007    .ARM.Collect$$$$00000004  mc_w.l(entry5.o)
    0x080002d4   0x080002d4   0x00000000   Code   RO        10009    .ARM.Collect$$$$00000008  mc_w.l(entry7b.o)
    0x080002d4   0x080002d4   0x00000000   Code   RO        10011    .ARM.Collect$$$$0000000A  mc_w.l(entry8b.o)
    0x080002d4   0x080002d4   0x00000008   Code   RO        10012    .ARM.Collect$$$$0000000B  mc_w.l(entry9a.o)
    0x080002dc   0x080002dc   0x00000000   Code   RO        10014    .ARM.Collect$$$$0000000D  mc_w.l(entry10a.o)
    0x080002dc   0x080002dc   0x00000000   Code   RO        10016    .ARM.Collect$$$$0000000F  mc_w.l(entry11a.o)
    0x080002dc   0x080002dc   0x00000004   Code   RO        10005    .ARM.Collect$$$$00002712  mc_w.l(entry2.o)
    0x080002e0   0x080002e0   0x000000c2   Code   RO         2604    .emb_text           port.o
    0x080003a2   0x080003a2   0x00000002   PAD
    0x080003a4   0x080003a4   0x00000024   Code   RO            4    .text               startup_stm32h723xx.o
    0x080003c8   0x080003c8   0x00000062   Code   RO         9703    .text               mc_w.l(uldiv.o)
    0x0800042a   0x0800042a   0x00000024   Code   RO         9705    .text               mc_w.l(memcpya.o)
    0x0800044e   0x0800044e   0x00000024   Code   RO         9707    .text               mc_w.l(memseta.o)
    0x08000472   0x08000472   0x0000000e   Code   RO         9709    .text               mc_w.l(strlen.o)
    0x08000480   0x08000480   0x0000002c   Code   RO        10021    .text               mc_w.l(uidiv.o)
    0x080004ac   0x080004ac   0x0000001e   Code   RO        10023    .text               mc_w.l(llshl.o)
    0x080004ca   0x080004ca   0x00000020   Code   RO        10025    .text               mc_w.l(llushr.o)
    0x080004ea   0x080004ea   0x00000000   Code   RO        10029    .text               mc_w.l(iusefp.o)
    0x080004ea   0x080004ea   0x0000014e   Code   RO        10030    .text               mf_w.l(dadd.o)
    0x08000638   0x08000638   0x000000e4   Code   RO        10032    .text               mf_w.l(dmul.o)
    0x0800071c   0x0800071c   0x000000de   Code   RO        10034    .text               mf_w.l(ddiv.o)
    0x080007fa   0x080007fa   0x00000030   Code   RO        10036    .text               mf_w.l(dfixul.o)
    0x0800082a   0x0800082a   0x00000002   PAD
    0x0800082c   0x0800082c   0x00000030   Code   RO        10038    .text               mf_w.l(cdrcmple.o)
    0x0800085c   0x0800085c   0x00000024   Code   RO        10040    .text               mc_w.l(init.o)
    0x08000880   0x08000880   0x00000024   Code   RO        10043    .text               mc_w.l(llsshr.o)
    0x080008a4   0x080008a4   0x000000ba   Code   RO        10046    .text               mf_w.l(depilogue.o)
    0x0800095e   0x0800095e   0x00000002   PAD
    0x08000960   0x08000960   0x00000018   Code   RO         8962    i.BSP_PlatformIsDetected  fatfs_platform.o
    0x08000978   0x08000978   0x0000000c   Code   RO         8789    i.BSP_SD_GetCardInfo  bsp_driver_sd.o
    0x08000984   0x08000984   0x00000018   Code   RO         8790    i.BSP_SD_GetCardState  bsp_driver_sd.o
    0x0800099c   0x0800099c   0x00000030   Code   RO         8792    i.BSP_SD_Init       bsp_driver_sd.o
    0x080009cc   0x080009cc   0x0000001a   Code   RO         8793    i.BSP_SD_IsDetected  bsp_driver_sd.o
    0x080009e6   0x080009e6   0x00000002   PAD
    0x080009e8   0x080009e8   0x00000020   Code   RO         8794    i.BSP_SD_ReadBlocks  bsp_driver_sd.o
    0x08000a08   0x08000a08   0x00000020   Code   RO         8797    i.BSP_SD_WriteBlocks  bsp_driver_sd.o
    0x08000a28   0x08000a28   0x00000002   Code   RO          893    i.BusFault_Handler  stm32h7xx_it.o
    0x08000a2a   0x08000a2a   0x00000002   PAD
    0x08000a2c   0x08000a2c   0x0000000c   Code   RO          894    i.DMA1_Stream0_IRQHandler  stm32h7xx_it.o
    0x08000a38   0x08000a38   0x0000000c   Code   RO          895    i.DMA2D_IRQHandler  stm32h7xx_it.o
    0x08000a44   0x08000a44   0x000000b4   Code   RO         3439    i.DMA_CalcBaseAndBitshift  stm32h7xx_hal_dma.o
    0x08000af8   0x08000af8   0x0000009c   Code   RO         3440    i.DMA_CalcDMAMUXChannelBaseAndMask  stm32h7xx_hal_dma.o
    0x08000b94   0x08000b94   0x00000074   Code   RO         3441    i.DMA_CalcDMAMUXRequestGenBaseAndMask  stm32h7xx_hal_dma.o
    0x08000c08   0x08000c08   0x00000054   Code   RO         3442    i.DMA_CheckFifoParam  stm32h7xx_hal_dma.o
    0x08000c5c   0x08000c5c   0x00000002   Code   RO          896    i.DebugMon_Handler  stm32h7xx_it.o
    0x08000c5e   0x08000c5e   0x00000002   PAD
    0x08000c60   0x08000c60   0x00000020   Code   RO           13    i.Error_Handler     main.o
    0x08000c80   0x08000c80   0x00000006   Code   RO         9433    i.FATFS_LinkDriver  ff_gen_drv.o
    0x08000c86   0x08000c86   0x00000002   PAD
    0x08000c88   0x08000c88   0x00000040   Code   RO         9434    i.FATFS_LinkDriverEx  ff_gen_drv.o
    0x08000cc8   0x08000cc8   0x0000006a   Code   RO         5304    i.FMC_SDRAM_Init    stm32h7xx_ll_fmc.o
    0x08000d32   0x08000d32   0x00000012   Code   RO         5305    i.FMC_SDRAM_ProgramRefreshRate  stm32h7xx_ll_fmc.o
    0x08000d44   0x08000d44   0x00000026   Code   RO         5306    i.FMC_SDRAM_SendCommand  stm32h7xx_ll_fmc.o
    0x08000d6a   0x08000d6a   0x00000002   PAD
    0x08000d6c   0x08000d6c   0x000000b0   Code   RO         5308    i.FMC_SDRAM_Timing_Init  stm32h7xx_ll_fmc.o
    0x08000e1c   0x08000e1c   0x00000002   Code   RO         5086    i.HAL_DMA2D_CLUTLoadingCpltCallback  stm32h7xx_hal_dma2d.o
    0x08000e1e   0x08000e1e   0x00000002   PAD
    0x08000e20   0x08000e20   0x000000c8   Code   RO         5094    i.HAL_DMA2D_ConfigLayer  stm32h7xx_hal_dma2d.o
    0x08000ee8   0x08000ee8   0x0000011c   Code   RO         5101    i.HAL_DMA2D_IRQHandler  stm32h7xx_hal_dma2d.o
    0x08001004   0x08001004   0x00000088   Code   RO         5102    i.HAL_DMA2D_Init    stm32h7xx_hal_dma2d.o
    0x0800108c   0x0800108c   0x00000002   Code   RO         5103    i.HAL_DMA2D_LineEventCallback  stm32h7xx_hal_dma2d.o
    0x0800108e   0x0800108e   0x00000002   PAD
    0x08001090   0x08001090   0x0000003c   Code   RO          424    i.HAL_DMA2D_MspInit  dma2d.o
    0x080010cc   0x080010cc   0x000006e8   Code   RO         3449    i.HAL_DMA_IRQHandler  stm32h7xx_hal_dma.o
    0x080017b4   0x080017b4   0x000003bc   Code   RO         3450    i.HAL_DMA_Init      stm32h7xx_hal_dma.o
    0x08001b70   0x08001b70   0x00000024   Code   RO         4141    i.HAL_Delay         stm32h7xx_hal.o
    0x08001b94   0x08001b94   0x000000f4   Code   RO          465    i.HAL_FMC_MspInit   fmc.o
    0x08001c88   0x08001c88   0x0000021c   Code   RO         3292    i.HAL_GPIO_Init     stm32h7xx_hal_gpio.o
    0x08001ea4   0x08001ea4   0x0000000a   Code   RO         3294    i.HAL_GPIO_ReadPin  stm32h7xx_hal_gpio.o
    0x08001eae   0x08001eae   0x00000010   Code   RO         3295    i.HAL_GPIO_TogglePin  stm32h7xx_hal_gpio.o
    0x08001ebe   0x08001ebe   0x0000000a   Code   RO         3296    i.HAL_GPIO_WritePin  stm32h7xx_hal_gpio.o
    0x08001ec8   0x08001ec8   0x0000000c   Code   RO         4157    i.HAL_GetTick       stm32h7xx_hal.o
    0x08001ed4   0x08001ed4   0x00000058   Code   RO         4954    i.HAL_I2CEx_ConfigAnalogFilter  stm32h7xx_hal_i2c_ex.o
    0x08001f2c   0x08001f2c   0x00000054   Code   RO         4955    i.HAL_I2CEx_ConfigDigitalFilter  stm32h7xx_hal_i2c_ex.o
    0x08001f80   0x08001f80   0x000000b8   Code   RO         4493    i.HAL_I2C_Init      stm32h7xx_hal_i2c.o
    0x08002038   0x08002038   0x000000e4   Code   RO          515    i.HAL_I2C_MspInit   i2c.o
    0x0800211c   0x0800211c   0x00000010   Code   RO         4163    i.HAL_IncTick       stm32h7xx_hal.o
    0x0800212c   0x0800212c   0x0000005c   Code   RO         4164    i.HAL_Init          stm32h7xx_hal.o
    0x08002188   0x08002188   0x00000084   Code   RO          993    i.HAL_InitTick      stm32h7xx_hal_timebase_tim.o
    0x0800220c   0x0800220c   0x00000052   Code   RO         6151    i.HAL_LTDC_ConfigLayer  stm32h7xx_hal_ltdc.o
    0x0800225e   0x0800225e   0x00000002   PAD
    0x08002260   0x08002260   0x000000f8   Code   RO         6168    i.HAL_LTDC_Init     stm32h7xx_hal_ltdc.o
    0x08002358   0x08002358   0x0000020c   Code   RO          611    i.HAL_LTDC_MspInit  ltdc.o
    0x08002564   0x08002564   0x0000001c   Code   RO          969    i.HAL_MspInit       stm32h7xx_hal_msp.o
    0x08002580   0x08002580   0x0000001a   Code   RO         2684    i.HAL_NVIC_EnableIRQ  stm32h7xx_hal_cortex.o
    0x0800259a   0x0800259a   0x00000002   PAD
    0x0800259c   0x0800259c   0x00000040   Code   RO         2690    i.HAL_NVIC_SetPriority  stm32h7xx_hal_cortex.o
    0x080025dc   0x080025dc   0x00000024   Code   RO         2691    i.HAL_NVIC_SetPriorityGrouping  stm32h7xx_hal_cortex.o
    0x08002600   0x08002600   0x00000418   Code   RO         6423    i.HAL_OSPIM_Config  stm32h7xx_hal_ospi.o
    0x08002a18   0x08002a18   0x000000a4   Code   RO         6430    i.HAL_OSPI_Command  stm32h7xx_hal_ospi.o
    0x08002abc   0x08002abc   0x00000108   Code   RO         6441    i.HAL_OSPI_Init     stm32h7xx_hal_ospi.o
    0x08002bc4   0x08002bc4   0x00000064   Code   RO         6442    i.HAL_OSPI_MemoryMapped  stm32h7xx_hal_ospi.o
    0x08002c28   0x08002c28   0x000000e0   Code   RO          653    i.HAL_OSPI_MspInit  octospi.o
    0x08002d08   0x08002d08   0x000000ac   Code   RO         6445    i.HAL_OSPI_Receive  stm32h7xx_hal_ospi.o
    0x08002db4   0x08002db4   0x00000086   Code   RO         6454    i.HAL_OSPI_Transmit  stm32h7xx_hal_ospi.o
    0x08002e3a   0x08002e3a   0x00000002   PAD
    0x08002e3c   0x08002e3c   0x00000054   Code   RO         3893    i.HAL_PWREx_ConfigSupply  stm32h7xx_hal_pwr_ex.o
    0x08002e90   0x08002e90   0x00000024   Code   RO         2935    i.HAL_RCCEx_GetD3PCLK1Freq  stm32h7xx_hal_rcc_ex.o
    0x08002eb4   0x08002eb4   0x00000148   Code   RO         2936    i.HAL_RCCEx_GetPLL1ClockFreq  stm32h7xx_hal_rcc_ex.o
    0x08002ffc   0x08002ffc   0x00000144   Code   RO         2937    i.HAL_RCCEx_GetPLL2ClockFreq  stm32h7xx_hal_rcc_ex.o
    0x08003140   0x08003140   0x00000144   Code   RO         2938    i.HAL_RCCEx_GetPLL3ClockFreq  stm32h7xx_hal_rcc_ex.o
    0x08003284   0x08003284   0x0000029c   Code   RO         2940    i.HAL_RCCEx_GetPeriphCLKFreq  stm32h7xx_hal_rcc_ex.o
    0x08003520   0x08003520   0x0000093a   Code   RO         2944    i.HAL_RCCEx_PeriphCLKConfig  stm32h7xx_hal_rcc_ex.o
    0x08003e5a   0x08003e5a   0x00000002   PAD
    0x08003e5c   0x08003e5c   0x0000025c   Code   RO         2820    i.HAL_RCC_ClockConfig  stm32h7xx_hal_rcc.o
    0x080040b8   0x080040b8   0x0000005c   Code   RO         2824    i.HAL_RCC_GetClockConfig  stm32h7xx_hal_rcc.o
    0x08004114   0x08004114   0x00000044   Code   RO         2825    i.HAL_RCC_GetHCLKFreq  stm32h7xx_hal_rcc.o
    0x08004158   0x08004158   0x00000024   Code   RO         2827    i.HAL_RCC_GetPCLK1Freq  stm32h7xx_hal_rcc.o
    0x0800417c   0x0800417c   0x00000024   Code   RO         2828    i.HAL_RCC_GetPCLK2Freq  stm32h7xx_hal_rcc.o
    0x080041a0   0x080041a0   0x00000138   Code   RO         2829    i.HAL_RCC_GetSysClockFreq  stm32h7xx_hal_rcc.o
    0x080042d8   0x080042d8   0x00000526   Code   RO         2832    i.HAL_RCC_OscConfig  stm32h7xx_hal_rcc.o
    0x080047fe   0x080047fe   0x00000002   PAD
    0x08004800   0x08004800   0x000000e0   Code   RO         6694    i.HAL_RNG_Init      stm32h7xx_hal_rng.o
    0x080048e0   0x080048e0   0x0000004c   Code   RO          719    i.HAL_RNG_MspInit   rng.o
    0x0800492c   0x0800492c   0x000002a0   Code   RO         6838    i.HAL_SAI_Init      stm32h7xx_hal_sai.o
    0x08004bcc   0x08004bcc   0x00000032   Code   RO         6839    i.HAL_SAI_InitProtocol  stm32h7xx_hal_sai.o
    0x08004bfe   0x08004bfe   0x00000002   PAD
    0x08004c00   0x08004c00   0x000000f8   Code   RO          761    i.HAL_SAI_MspInit   sai.o
    0x08004cf8   0x08004cf8   0x00000050   Code   RO         5445    i.HAL_SDRAM_Init    stm32h7xx_hal_sdram.o
    0x08004d48   0x08004d48   0x00000004   Code   RO          467    i.HAL_SDRAM_MspInit  fmc.o
    0x08004d4c   0x08004d4c   0x0000002e   Code   RO         5448    i.HAL_SDRAM_ProgramRefreshRate  stm32h7xx_hal_sdram.o
    0x08004d7a   0x08004d7a   0x00000002   PAD
    0x08004d7c   0x08004d7c   0x0000003c   Code   RO         5454    i.HAL_SDRAM_SendCommand  stm32h7xx_hal_sdram.o
    0x08004db8   0x08004db8   0x00000188   Code   RO         7462    i.HAL_SD_ConfigWideBusOperation  stm32h7xx_hal_sd.o
    0x08004f40   0x08004f40   0x000001bc   Code   RO         7467    i.HAL_SD_GetCardCSD  stm32h7xx_hal_sd.o
    0x080050fc   0x080050fc   0x00000024   Code   RO         7468    i.HAL_SD_GetCardInfo  stm32h7xx_hal_sd.o
    0x08005120   0x08005120   0x0000002c   Code   RO         7469    i.HAL_SD_GetCardState  stm32h7xx_hal_sd.o
    0x0800514c   0x0800514c   0x000000cc   Code   RO         7470    i.HAL_SD_GetCardStatus  stm32h7xx_hal_sd.o
    0x08005218   0x08005218   0x0000009a   Code   RO         7474    i.HAL_SD_Init       stm32h7xx_hal_sd.o
    0x080052b2   0x080052b2   0x00000002   PAD
    0x080052b4   0x080052b4   0x000000ac   Code   RO         7475    i.HAL_SD_InitCard   stm32h7xx_hal_sd.o
    0x08005360   0x08005360   0x00000104   Code   RO          810    i.HAL_SD_MspInit    sdmmc.o
    0x08005464   0x08005464   0x000001c4   Code   RO         7478    i.HAL_SD_ReadBlocks  stm32h7xx_hal_sd.o
    0x08005628   0x08005628   0x000001dc   Code   RO         7483    i.HAL_SD_WriteBlocks  stm32h7xx_hal_sd.o
    0x08005804   0x08005804   0x00000002   Code   RO         8447    i.HAL_TIMEx_Break2Callback  stm32h7xx_hal_tim_ex.o
    0x08005806   0x08005806   0x00000002   Code   RO         8448    i.HAL_TIMEx_BreakCallback  stm32h7xx_hal_tim_ex.o
    0x08005808   0x08005808   0x00000002   Code   RO         8449    i.HAL_TIMEx_CommutCallback  stm32h7xx_hal_tim_ex.o
    0x0800580a   0x0800580a   0x00000002   PAD
    0x0800580c   0x0800580c   0x000000b8   Code   RO         8470    i.HAL_TIMEx_MasterConfigSynchronization  stm32h7xx_hal_tim_ex.o
    0x080058c4   0x080058c4   0x00000062   Code   RO         7733    i.HAL_TIM_Base_Init  stm32h7xx_hal_tim.o
    0x08005926   0x08005926   0x00000002   PAD
    0x08005928   0x08005928   0x00000028   Code   RO          852    i.HAL_TIM_Base_MspInit  tim.o
    0x08005950   0x08005950   0x000000a0   Code   RO         7738    i.HAL_TIM_Base_Start_IT  stm32h7xx_hal_tim.o
    0x080059f0   0x080059f0   0x000000fc   Code   RO         7742    i.HAL_TIM_ConfigClockSource  stm32h7xx_hal_tim.o
    0x08005aec   0x08005aec   0x00000002   Code   RO         7767    i.HAL_TIM_IC_CaptureCallback  stm32h7xx_hal_tim.o
    0x08005aee   0x08005aee   0x00000182   Code   RO         7781    i.HAL_TIM_IRQHandler  stm32h7xx_hal_tim.o
    0x08005c70   0x08005c70   0x00000002   Code   RO         7784    i.HAL_TIM_OC_DelayElapsedCallback  stm32h7xx_hal_tim.o
    0x08005c72   0x08005c72   0x00000002   Code   RO         7811    i.HAL_TIM_PWM_PulseFinishedCallback  stm32h7xx_hal_tim.o
    0x08005c74   0x08005c74   0x00000014   Code   RO           14    i.HAL_TIM_PeriodElapsedCallback  main.o
    0x08005c88   0x08005c88   0x00000002   Code   RO         7824    i.HAL_TIM_TriggerCallback  stm32h7xx_hal_tim.o
    0x08005c8a   0x08005c8a   0x00000040   Code   RO         6030    i.HAL_UARTEx_DisableFifoMode  stm32h7xx_hal_uart_ex.o
    0x08005cca   0x08005cca   0x0000004c   Code   RO         6039    i.HAL_UARTEx_SetRxFifoThreshold  stm32h7xx_hal_uart_ex.o
    0x08005d16   0x08005d16   0x0000004c   Code   RO         6040    i.HAL_UARTEx_SetTxFifoThreshold  stm32h7xx_hal_uart_ex.o
    0x08005d62   0x08005d62   0x0000006a   Code   RO         5639    i.HAL_UART_Init     stm32h7xx_hal_uart.o
    0x08005dcc   0x08005dcc   0x00000088   Code   RO          563    i.HAL_UART_MspInit  usart.o
    0x08005e54   0x08005e54   0x000000b0   Code   RO         5648    i.HAL_UART_Transmit  stm32h7xx_hal_uart.o
    0x08005f04   0x08005f04   0x00000002   Code   RO          897    i.HardFault_Handler  stm32h7xx_it.o
    0x08005f06   0x08005f06   0x000001d0   Code   RO         6187    i.LTDC_SetConfig    stm32h7xx_hal_ltdc.o
    0x080060d6   0x080060d6   0x00000002   PAD
    0x080060d8   0x080060d8   0x0000004c   Code   RO          425    i.MX_DMA2D_Init     dma2d.o
    0x08006124   0x08006124   0x0000002c   Code   RO          399    i.MX_DMA_Init       dma.o
    0x08006150   0x08006150   0x0000001c   Code   RO         8986    i.MX_FATFS_Init     fatfs.o
    0x0800616c   0x0800616c   0x00000090   Code   RO          468    i.MX_FMC_Init       fmc.o
    0x080061fc   0x080061fc   0x00000154   Code   RO          371    i.MX_GPIO_Init      gpio.o
    0x08006350   0x08006350   0x00000058   Code   RO          516    i.MX_I2C1_Init      i2c.o
    0x080063a8   0x080063a8   0x00000058   Code   RO          517    i.MX_I2C4_Init      i2c.o
    0x08006400   0x08006400   0x00000068   Code   RO          564    i.MX_LPUART1_UART_Init  usart.o
    0x08006468   0x08006468   0x00000114   Code   RO          612    i.MX_LTDC_Init      ltdc.o
    0x0800657c   0x0800657c   0x0000007c   Code   RO          654    i.MX_OCTOSPI1_Init  octospi.o
    0x080065f8   0x080065f8   0x00000028   Code   RO          720    i.MX_RNG_Init       rng.o
    0x08006620   0x08006620   0x00000048   Code   RO          762    i.MX_SAI1_Init      sai.o
    0x08006668   0x08006668   0x00000024   Code   RO          811    i.MX_SDMMC2_SD_Init  sdmmc.o
    0x0800668c   0x0800668c   0x00000068   Code   RO          853    i.MX_TIM3_Init      tim.o
    0x080066f4   0x080066f4   0x00000002   Code   RO          898    i.MemManage_Handler  stm32h7xx_it.o
    0x080066f6   0x080066f6   0x00000002   Code   RO          899    i.NMI_Handler       stm32h7xx_it.o
    0x080066f8   0x080066f8   0x00000064   Code   RO         1034    i.NORFLASH_Init     norflash.o
    0x0800675c   0x0800675c   0x00000034   Code   RO         1036    i.NORFLASH_Qspi_Enable  norflash.o
    0x08006790   0x08006790   0x00000030   Code   RO         1038    i.NORFLASH_ReadID   norflash.o
    0x080067c0   0x080067c0   0x00000048   Code   RO         1039    i.NORFLASH_ReadSR   norflash.o
    0x08006808   0x08006808   0x0000001c   Code   RO         1043    i.NORFLASH_Write_Enable  norflash.o
    0x08006824   0x08006824   0x0000003c   Code   RO         1046    i.NORFLASH_Write_SR  norflash.o
    0x08006860   0x08006860   0x000000dc   Code   RO         6459    i.OSPIM_GetConfig   stm32h7xx_hal_ospi.o
    0x0800693c   0x0800693c   0x000001d4   Code   RO         6460    i.OSPI_ConfigCmd    stm32h7xx_hal_ospi.o
    0x08006b10   0x08006b10   0x00000048   Code   RO         6464    i.OSPI_WaitFlagStateUntilTimeout  stm32h7xx_hal_ospi.o
    0x08006b58   0x08006b58   0x00000024   Code   RO          655    i.QSPI_Receive      octospi.o
    0x08006b7c   0x08006b7c   0x000000f8   Code   RO          656    i.QSPI_Send_CMD     octospi.o
    0x08006c74   0x08006c74   0x00000024   Code   RO          657    i.QSPI_Transmit     octospi.o
    0x08006c98   0x08006c98   0x00000120   Code   RO         2947    i.RCCEx_PLL2_Config  stm32h7xx_hal_rcc_ex.o
    0x08006db8   0x08006db8   0x00000120   Code   RO         2948    i.RCCEx_PLL3_Config  stm32h7xx_hal_rcc_ex.o
    0x08006ed8   0x08006ed8   0x00000040   Code   RO         6858    i.SAI_Disable       stm32h7xx_hal_sai.o
    0x08006f18   0x08006f18   0x000000a8   Code   RO         6860    i.SAI_InitI2S       stm32h7xx_hal_sai.o
    0x08006fc0   0x08006fc0   0x0000007a   Code   RO         6861    i.SAI_InitPCM       stm32h7xx_hal_sai.o
    0x0800703a   0x0800703a   0x00000034   Code   RO         7114    i.SDMMC_CmdAppCommand  stm32h7xx_ll_sdmmc.o
    0x0800706e   0x0800706e   0x0000002e   Code   RO         7115    i.SDMMC_CmdAppOperCommand  stm32h7xx_ll_sdmmc.o
    0x0800709c   0x0800709c   0x00000032   Code   RO         7116    i.SDMMC_CmdBlockLength  stm32h7xx_ll_sdmmc.o
    0x080070ce   0x080070ce   0x00000034   Code   RO         7117    i.SDMMC_CmdBusWidth  stm32h7xx_ll_sdmmc.o
    0x08007102   0x08007102   0x00000002   PAD
    0x08007104   0x08007104   0x00000054   Code   RO         7121    i.SDMMC_CmdGoIdleState  stm32h7xx_ll_sdmmc.o
    0x08007158   0x08007158   0x00000028   Code   RO         7123    i.SDMMC_CmdOperCond  stm32h7xx_ll_sdmmc.o
    0x08007180   0x08007180   0x00000034   Code   RO         7124    i.SDMMC_CmdReadMultiBlock  stm32h7xx_ll_sdmmc.o
    0x080071b4   0x080071b4   0x00000034   Code   RO         7125    i.SDMMC_CmdReadSingleBlock  stm32h7xx_ll_sdmmc.o
    0x080071e8   0x080071e8   0x00000034   Code   RO         7128    i.SDMMC_CmdSelDesel  stm32h7xx_ll_sdmmc.o
    0x0800721c   0x0800721c   0x0000002c   Code   RO         7129    i.SDMMC_CmdSendCID  stm32h7xx_ll_sdmmc.o
    0x08007248   0x08007248   0x00000030   Code   RO         7130    i.SDMMC_CmdSendCSD  stm32h7xx_ll_sdmmc.o
    0x08007278   0x08007278   0x00000032   Code   RO         7132    i.SDMMC_CmdSendSCR  stm32h7xx_ll_sdmmc.o
    0x080072aa   0x080072aa   0x00000034   Code   RO         7133    i.SDMMC_CmdSendStatus  stm32h7xx_ll_sdmmc.o
    0x080072de   0x080072de   0x00000032   Code   RO         7134    i.SDMMC_CmdSetRelAdd  stm32h7xx_ll_sdmmc.o
    0x08007310   0x08007310   0x00000032   Code   RO         7137    i.SDMMC_CmdStatusRegister  stm32h7xx_ll_sdmmc.o
    0x08007342   0x08007342   0x00000002   PAD
    0x08007344   0x08007344   0x00000054   Code   RO         7138    i.SDMMC_CmdStopTransfer  stm32h7xx_ll_sdmmc.o
    0x08007398   0x08007398   0x00000034   Code   RO         7141    i.SDMMC_CmdWriteMultiBlock  stm32h7xx_ll_sdmmc.o
    0x080073cc   0x080073cc   0x00000034   Code   RO         7142    i.SDMMC_CmdWriteSingleBlock  stm32h7xx_ll_sdmmc.o
    0x08007400   0x08007400   0x00000026   Code   RO         7143    i.SDMMC_ConfigData  stm32h7xx_ll_sdmmc.o
    0x08007426   0x08007426   0x00000002   PAD
    0x08007428   0x08007428   0x00000124   Code   RO         7144    i.SDMMC_GetCmdResp1  stm32h7xx_ll_sdmmc.o
    0x0800754c   0x0800754c   0x00000054   Code   RO         7145    i.SDMMC_GetCmdResp2  stm32h7xx_ll_sdmmc.o
    0x080075a0   0x080075a0   0x00000048   Code   RO         7146    i.SDMMC_GetCmdResp3  stm32h7xx_ll_sdmmc.o
    0x080075e8   0x080075e8   0x0000008c   Code   RO         7147    i.SDMMC_GetCmdResp6  stm32h7xx_ll_sdmmc.o
    0x08007674   0x08007674   0x00000058   Code   RO         7148    i.SDMMC_GetCmdResp7  stm32h7xx_ll_sdmmc.o
    0x080076cc   0x080076cc   0x00000008   Code   RO         7152    i.SDMMC_GetPowerState  stm32h7xx_ll_sdmmc.o
    0x080076d4   0x080076d4   0x00000006   Code   RO         7153    i.SDMMC_GetResponse  stm32h7xx_ll_sdmmc.o
    0x080076da   0x080076da   0x00000002   PAD
    0x080076dc   0x080076dc   0x00000020   Code   RO         7154    i.SDMMC_Init        stm32h7xx_ll_sdmmc.o
    0x080076fc   0x080076fc   0x0000000c   Code   RO         7157    i.SDMMC_PowerState_ON  stm32h7xx_ll_sdmmc.o
    0x08007708   0x08007708   0x00000006   Code   RO         7158    i.SDMMC_ReadFIFO    stm32h7xx_ll_sdmmc.o
    0x0800770e   0x0800770e   0x00000002   PAD
    0x08007710   0x08007710   0x00000028   Code   RO         7159    i.SDMMC_SendCommand  stm32h7xx_ll_sdmmc.o
    0x08007738   0x08007738   0x0000000a   Code   RO         7161    i.SDMMC_WriteFIFO   stm32h7xx_ll_sdmmc.o
    0x08007742   0x08007742   0x00000002   PAD
    0x08007744   0x08007744   0x00000080   Code   RO         1156    i.SDRAM_Initialization_Sequence  sdram.o
    0x080077c4   0x080077c4   0x00000038   Code   RO         1157    i.SDRAM_Send_Cmd    sdram.o
    0x080077fc   0x080077fc   0x00000020   Code   RO         8902    i.SD_CheckStatus    sd_diskio.o
    0x0800781c   0x0800781c   0x000000e4   Code   RO         7486    i.SD_FindSCR        stm32h7xx_hal_sd.o
    0x08007900   0x08007900   0x000000f6   Code   RO         7487    i.SD_InitCard       stm32h7xx_hal_sd.o
    0x080079f6   0x080079f6   0x00000002   PAD
    0x080079f8   0x080079f8   0x000000b4   Code   RO         7488    i.SD_PowerON        stm32h7xx_hal_sd.o
    0x08007aac   0x08007aac   0x000000e4   Code   RO         7489    i.SD_SendSDStatus   stm32h7xx_hal_sd.o
    0x08007b90   0x08007b90   0x00000020   Code   RO         8903    i.SD_initialize     sd_diskio.o
    0x08007bb0   0x08007bb0   0x00000058   Code   RO         8904    i.SD_ioctl          sd_diskio.o
    0x08007c08   0x08007c08   0x00000026   Code   RO         8905    i.SD_read           sd_diskio.o
    0x08007c2e   0x08007c2e   0x00000004   Code   RO         8906    i.SD_status         sd_diskio.o
    0x08007c32   0x08007c32   0x00000002   PAD
    0x08007c34   0x08007c34   0x00000026   Code   RO         8907    i.SD_write          sd_diskio.o
    0x08007c5a   0x08007c5a   0x00000002   PAD
    0x08007c5c   0x08007c5c   0x00000030   Code   RO         2605    i.SysTick_Handler   port.o
    0x08007c8c   0x08007c8c   0x00000098   Code   RO           15    i.SystemClock_Config  main.o
    0x08007d24   0x08007d24   0x000000c0   Code   RO         8751    i.SystemInit        system_stm32h7xx.o
    0x08007de4   0x08007de4   0x0000000c   Code   RO          900    i.TIM23_IRQHandler  stm32h7xx_it.o
    0x08007df0   0x08007df0   0x000000d8   Code   RO         7826    i.TIM_Base_SetConfig  stm32h7xx_hal_tim.o
    0x08007ec8   0x08007ec8   0x00000012   Code   RO         7837    i.TIM_ETR_SetConfig  stm32h7xx_hal_tim.o
    0x08007eda   0x08007eda   0x00000002   PAD
    0x08007edc   0x08007edc   0x00000014   Code   RO         7838    i.TIM_ITRx_SetConfig  stm32h7xx_hal_tim.o
    0x08007ef0   0x08007ef0   0x00000022   Code   RO         7846    i.TIM_TI1_ConfigInputStage  stm32h7xx_hal_tim.o
    0x08007f12   0x08007f12   0x00000024   Code   RO         7848    i.TIM_TI2_ConfigInputStage  stm32h7xx_hal_tim.o
    0x08007f36   0x08007f36   0x00000002   PAD
    0x08007f38   0x08007f38   0x00000044   Code   RO         6044    i.UARTEx_SetNbDataToProcess  stm32h7xx_hal_uart_ex.o
    0x08007f7c   0x08007f7c   0x000000c8   Code   RO         5653    i.UART_AdvFeatureConfig  stm32h7xx_hal_uart.o
    0x08008044   0x08008044   0x000000aa   Code   RO         5654    i.UART_CheckIdleState  stm32h7xx_hal_uart.o
    0x080080ee   0x080080ee   0x00000002   PAD
    0x080080f0   0x080080f0   0x00000054   Code   RO         5665    i.UART_EndRxTransfer  stm32h7xx_hal_uart.o
    0x08008144   0x08008144   0x000003dc   Code   RO         5671    i.UART_SetConfig    stm32h7xx_hal_uart.o
    0x08008520   0x08008520   0x0000008c   Code   RO         5678    i.UART_WaitOnFlagUntilTimeout  stm32h7xx_hal_uart.o
    0x080085ac   0x080085ac   0x00000030   Code   RO          565    i.USART_printf      usart.o
    0x080085dc   0x080085dc   0x00000002   Code   RO          901    i.UsageFault_Handler  stm32h7xx_it.o
    0x080085de   0x080085de   0x00000002   PAD
    0x080085e0   0x080085e0   0x00000024   Code   RO         9954    i.__0vsprintf       mc_w.l(printfa.o)
    0x08008604   0x08008604   0x00000022   Code   RO         2697    i.__NVIC_SetPriority  stm32h7xx_hal_cortex.o
    0x08008626   0x08008626   0x0000000e   Code   RO        10050    i.__scatterload_copy  mc_w.l(handlers.o)
    0x08008634   0x08008634   0x00000002   Code   RO        10051    i.__scatterload_null  mc_w.l(handlers.o)
    0x08008636   0x08008636   0x0000000e   Code   RO        10052    i.__scatterload_zeroinit  mc_w.l(handlers.o)
    0x08008644   0x08008644   0x00000184   Code   RO         9955    i._fp_digits        mc_w.l(printfa.o)
    0x080087c8   0x080087c8   0x000006dc   Code   RO         9956    i._printf_core      mc_w.l(printfa.o)
    0x08008ea4   0x08008ea4   0x00000024   Code   RO         9957    i._printf_post_padding  mc_w.l(printfa.o)
    0x08008ec8   0x08008ec8   0x0000002e   Code   RO         9958    i._printf_pre_padding  mc_w.l(printfa.o)
    0x08008ef6   0x08008ef6   0x0000000a   Code   RO         9960    i._sputc            mc_w.l(printfa.o)
    0x08008f00   0x08008f00   0x00000070   Code   RO         9079    i.check_fs          ff.o
    0x08008f70   0x08008f70   0x00000010   Code   RO         9080    i.chk_chr           ff.o
    0x08008f80   0x08008f80   0x0000005c   Code   RO         9081    i.chk_lock          ff.o
    0x08008fdc   0x08008fdc   0x00000020   Code   RO         9082    i.clear_lock        ff.o
    0x08008ffc   0x08008ffc   0x00000024   Code   RO         9083    i.clmt_clust        ff.o
    0x08009020   0x08009020   0x00000018   Code   RO         9084    i.clust2sect        ff.o
    0x08009038   0x08009038   0x00000080   Code   RO         9085    i.cmp_lfn           ff.o
    0x080090b8   0x080090b8   0x000000a6   Code   RO         9086    i.create_chain      ff.o
    0x0800915e   0x0800915e   0x00000002   PAD
    0x08009160   0x08009160   0x00000240   Code   RO         9087    i.create_name       ff.o
    0x080093a0   0x080093a0   0x00000034   Code   RO         9088    i.dec_lock          ff.o
    0x080093d4   0x080093d4   0x000000d2   Code   RO         9089    i.dir_find          ff.o
    0x080094a6   0x080094a6   0x00000002   PAD
    0x080094a8   0x080094a8   0x000000f4   Code   RO         9090    i.dir_next          ff.o
    0x0800959c   0x0800959c   0x000001e4   Code   RO         9092    i.dir_register      ff.o
    0x08009780   0x08009780   0x00000082   Code   RO         9094    i.dir_sdi           ff.o
    0x08009802   0x08009802   0x00000002   PAD
    0x08009804   0x08009804   0x00000028   Code   RO         9024    i.disk_initialize   diskio.o
    0x0800982c   0x0800982c   0x00000018   Code   RO         9025    i.disk_ioctl        diskio.o
    0x08009844   0x08009844   0x0000001c   Code   RO         9026    i.disk_read         diskio.o
    0x08009860   0x08009860   0x00000014   Code   RO         9027    i.disk_status       diskio.o
    0x08009874   0x08009874   0x0000001c   Code   RO         9028    i.disk_write        diskio.o
    0x08009890   0x08009890   0x00000028   Code   RO         9095    i.f_close           ff.o
    0x080098b8   0x080098b8   0x0000021a   Code   RO         9099    i.f_lseek           ff.o
    0x08009ad2   0x08009ad2   0x00000002   PAD
    0x08009ad4   0x08009ad4   0x00000058   Code   RO         9102    i.f_mount           ff.o
    0x08009b2c   0x08009b2c   0x00000244   Code   RO         9103    i.f_open            ff.o
    0x08009d70   0x08009d70   0x00000154   Code   RO         9108    i.f_read            ff.o
    0x08009ec4   0x08009ec4   0x0000008e   Code   RO         9112    i.f_sync            ff.o
    0x08009f52   0x08009f52   0x00000002   PAD
    0x08009f54   0x08009f54   0x0000004c   Code   RO         9520    i.ff_convert        cc936.o
    0x08009fa0   0x08009fa0   0x00000004   Code   RO         9483    i.ff_memalloc       syscall.o
    0x08009fa4   0x08009fa4   0x00000004   Code   RO         9484    i.ff_memfree        syscall.o
    0x08009fa8   0x08009fa8   0x00000080   Code   RO         9521    i.ff_wtoupper       cc936.o
    0x0800a028   0x0800a028   0x00000258   Code   RO         9116    i.find_volume       ff.o
    0x0800a280   0x0800a280   0x00000074   Code   RO         9117    i.follow_path       ff.o
    0x0800a2f4   0x0800a2f4   0x00000050   Code   RO         9976    i.free              mc_w.l(malloc.o)
    0x0800a344   0x0800a344   0x00000090   Code   RO         9118    i.gen_numname       ff.o
    0x0800a3d4   0x0800a3d4   0x000000be   Code   RO         9119    i.get_fat           ff.o
    0x0800a492   0x0800a492   0x00000004   Code   RO         8987    i.get_fattime       fatfs.o
    0x0800a496   0x0800a496   0x0000003c   Code   RO         9121    i.get_ldnumber      ff.o
    0x0800a4d2   0x0800a4d2   0x00000002   PAD
    0x0800a4d4   0x0800a4d4   0x00000080   Code   RO         9122    i.inc_lock          ff.o
    0x0800a554   0x0800a554   0x00000026   Code   RO         9123    i.ld_clust          ff.o
    0x0800a57a   0x0800a57a   0x00000016   Code   RO         9124    i.ld_dword          ff.o
    0x0800a590   0x0800a590   0x0000000a   Code   RO         9125    i.ld_word           ff.o
    0x0800a59a   0x0800a59a   0x00000002   PAD
    0x0800a59c   0x0800a59c   0x00000444   Code   RO           17    i.main              main.o
    0x0800a9e0   0x0800a9e0   0x0000006c   Code   RO         9977    i.malloc            mc_w.l(malloc.o)
    0x0800aa4c   0x0800aa4c   0x00000012   Code   RO         9126    i.mem_cpy           ff.o
    0x0800aa5e   0x0800aa5e   0x00000002   PAD
    0x0800aa60   0x0800aa60   0x0000000e   Code   RO         9127    i.mem_set           ff.o
    0x0800aa6e   0x0800aa6e   0x00000002   PAD
    0x0800aa70   0x0800aa70   0x00000060   Code   RO         1047    i.memmap_flash      norflash.o
    0x0800aad0   0x0800aad0   0x00000032   Code   RO         9128    i.move_window       ff.o
    0x0800ab02   0x0800ab02   0x00000002   PAD
    0x0800ab04   0x0800ab04   0x0000001c   Code   RO         2018    i.prvResetNextTaskUnblockTime  tasks.o
    0x0800ab20   0x0800ab20   0x000000f0   Code   RO         9130    i.put_fat           ff.o
    0x0800ac10   0x0800ac10   0x00000074   Code   RO         9133    i.remove_chain      ff.o
    0x0800ac84   0x0800ac84   0x00000028   Code   RO         9134    i.st_clust          ff.o
    0x0800acac   0x0800acac   0x00000010   Code   RO         9135    i.st_dword          ff.o
    0x0800acbc   0x0800acbc   0x00000008   Code   RO         9136    i.st_word           ff.o
    0x0800acc4   0x0800acc4   0x0000001c   Code   RO         9137    i.sum_sfn           ff.o
    0x0800ace0   0x0800ace0   0x00000088   Code   RO         9138    i.sync_fs           ff.o
    0x0800ad68   0x0800ad68   0x00000052   Code   RO         9139    i.sync_window       ff.o
    0x0800adba   0x0800adba   0x00000002   PAD
    0x0800adbc   0x0800adbc   0x00000044   Code   RO         2050    i.vTaskSwitchContext  tasks.o
    0x0800ae00   0x0800ae00   0x00000034   Code   RO         9140    i.validate          ff.o
    0x0800ae34   0x0800ae34   0x0000011c   Code   RO         2064    i.xTaskIncrementTick  tasks.o
    0x0800af50   0x0800af50   0x00000008   Data   RO         3456    .constdata          stm32h7xx_hal_dma.o
    0x0800af58   0x0800af58   0x00000018   Data   RO         5679    .constdata          stm32h7xx_hal_uart.o
    0x0800af70   0x0800af70   0x00000010   Data   RO         6045    .constdata          stm32h7xx_hal_uart_ex.o
    0x0800af80   0x0800af80   0x00000010   Data   RO         8752    .constdata          system_stm32h7xx.o
    0x0800af90   0x0800af90   0x00000014   Data   RO         8908    .constdata          sd_diskio.o
    0x0800afa4   0x0800afa4   0x0000002a   Data   RO         9142    .constdata          ff.o
    0x0800afce   0x0800afce   0x0002abb6   Data   RO         9522    .constdata          cc936.o
    0x08035b84   0x08035b84   0x00002710   Data   RO         9556    .constdata          next.o
    0x08038294   0x08038294   0x00002710   Data   RO         9577    .constdata          pause.o
    0x0803a9a4   0x0803a9a4   0x00002710   Data   RO         9598    .constdata          play.o
    0x0803d0b4   0x0803d0b4   0x00002710   Data   RO         9619    .constdata          previous.o
    0x0803f7c4   0x0803f7c4   0x00002710   Data   RO         9640    .constdata          repeat.o
    0x08041ed4   0x08041ed4   0x00002710   Data   RO         9661    .constdata          shuffle.o
    0x080445e4   0x080445e4   0x00002710   Data   RO         9682    .constdata          repeatone.o
    0x08046cf4   0x08046cf4   0x00000020   Data   RO        10048    Region$$Table       anon$$obj.o


    Execution Region RW_IRAM1 (Exec base: 0x20000000, Load base: 0x08046d14, Size: 0x00000000, Max: 0x00020000, ABSOLUTE)

    **** No section assigned to this execution region ****


    Execution Region RW_IRAM2 (Exec base: 0x24000000, Load base: 0x08046d14, Size: 0x00005850, Max: 0x00050000, ABSOLUTE)

    Exec Addr    Load Addr    Size         Type   Attr      Idx    E Section Name        Object

    0x24000000   0x08046d14   0x00000008   Data   RW          470    .data               fmc.o
    0x24000008   0x08046d1c   0x00000004   Data   RW          765    .data               sai.o
    0x2400000c   0x08046d20   0x00000004   Data   RW         1050    .data               norflash.o
    0x24000010   0x08046d24   0x00000040   Data   RW         2071    .data               tasks.o
    0x24000050   0x08046d64   0x0000000c   Data   RW         4188    .data               stm32h7xx_hal.o
    0x2400005c   0x08046d70   0x00000008   Data   RW         8753    .data               system_stm32h7xx.o
    0x24000064   0x08046d78   0x00000001   Data   RW         8909    .data               sd_diskio.o
    0x24000065   0x08046d79   0x00000005   Data   RW         8990    .data               fatfs.o
    0x2400006a   0x08046d7e   0x00000002   PAD
    0x2400006c   0x08046d80   0x00000008   Data   RW         9143    .data               ff.o
    0x24000074   0x08046d88   0x00000004   Data   RW        10027    .data               mc_w.l(mvars.o)
    0x24000078   0x08046d8c   0x00000004   Data   RW        10028    .data               mc_w.l(mvars.o)
    0x2400007c        -       0x00002eb0   Zero   RW           23    .bss                main.o
    0x24002f2c        -       0x00000068   Zero   RW          426    .bss                dma2d.o
    0x24002f94        -       0x00000034   Zero   RW          469    .bss                fmc.o
    0x24002fc8        -       0x000000a8   Zero   RW          518    .bss                i2c.o
    0x24003070        -       0x00000194   Zero   RW          566    .bss                usart.o
    0x24003204        -       0x000000a8   Zero   RW          613    .bss                ltdc.o
    0x240032ac        -       0x0000005c   Zero   RW          659    .bss                octospi.o
    0x24003308        -       0x00000014   Zero   RW          721    .bss                rng.o
    0x2400331c        -       0x00000110   Zero   RW          764    .bss                sai.o
    0x2400342c        -       0x0000007c   Zero   RW          812    .bss                sdmmc.o
    0x240034a8        -       0x0000004c   Zero   RW          854    .bss                tim.o
    0x240034f4        -       0x0000004c   Zero   RW          996    .bss                stm32h7xx_hal_timebase_tim.o
    0x24003540        -       0x000002e4   Zero   RW         2070    .bss                tasks.o
    0x24003824        -       0x00000020   Zero   RW         9141    .bss                ff.o
    0x24003844        -       0x0000000c   Zero   RW         9437    .bss                ff_gen_drv.o
    0x24003850        -       0x00001000   Zero   RW            2    HEAP                startup_stm32h723xx.o
    0x24004850        -       0x00001000   Zero   RW            1    STACK               startup_stm32h723xx.o



  Load Region LR$$.ARM.__AT_0xC0000000 (Base: 0xc0000000, Size: 0x00000000, Max: 0x00008000, ABSOLUTE)

    Execution Region ER$$.ARM.__AT_0xC0000000 (Exec base: 0xc0000000, Load base: 0xc0000000, Size: 0x00008000, Max: 0x00008000, ABSOLUTE, UNINIT)

    Exec Addr    Load Addr    Size         Type   Attr      Idx    E Section Name        Object

    0xc0000000        -       0x00008000   Zero   RW           19    .ARM.__AT_0xC0000000  main.o



  Load Region LR$$.ARM.__AT_0xC0008000 (Base: 0xc0008000, Size: 0x00000000, Max: 0x00008000, ABSOLUTE)

    Execution Region ER$$.ARM.__AT_0xC0008000 (Exec base: 0xc0008000, Load base: 0xc0008000, Size: 0x00008000, Max: 0x00008000, ABSOLUTE, UNINIT)

    Exec Addr    Load Addr    Size         Type   Attr      Idx    E Section Name        Object

    0xc0008000        -       0x00008000   Zero   RW           20    .ARM.__AT_0xC0008000  main.o



  Load Region LR$$.ARM.__AT_0xC0010000 (Base: 0xc0010000, Size: 0x00000000, Max: 0x00119400, ABSOLUTE)

    Execution Region ER$$.ARM.__AT_0xC0010000 (Exec base: 0xc0010000, Load base: 0xc0010000, Size: 0x00119400, Max: 0x00119400, ABSOLUTE, UNINIT)

    Exec Addr    Load Addr    Size         Type   Attr      Idx    E Section Name        Object

    0xc0010000        -       0x00119400   Zero   RW           21    .ARM.__AT_0xC0010000  main.o



  Load Region LR$$.ARM.__AT_0xC0129400 (Base: 0xc0129400, Size: 0x00000000, Max: 0x00119400, ABSOLUTE)

    Execution Region ER$$.ARM.__AT_0xC0129400 (Exec base: 0xc0129400, Load base: 0xc0129400, Size: 0x00119400, Max: 0x00119400, ABSOLUTE, UNINIT)

    Exec Addr    Load Addr    Size         Type   Attr      Idx    E Section Name        Object

    0xc0129400        -       0x00119400   Zero   RW           22    .ARM.__AT_0xC0129400  main.o


==============================================================================

Image component sizes


      Code (inc. data)   RO Data    RW Data    ZI Data      Debug   Object Name

       174         26          0          0          0       4257   bsp_driver_sd.o
       204         26     175030          0          0       2677   cc936.o
       140         26          0          0          0       3909   diskio.o
        44          4          0          0          0        882   dma.o
       136         20          0          0        104       1753   dma2d.o
         0          0          0          0          0       1484   event_groups.o
        32         10          0          5          0       1648   fatfs.o
        24          4          0          0          0        585   fatfs_platform.o
      6138         96         42          8         32      44930   ff.o
        70          6          0          0         12       1707   ff_gen_drv.o
       392         52          0          8         52       2635   fmc.o
       340         22          0          0          0       1255   gpio.o
       404         44          0          0        168       2626   i2c.o
       800         50          0          0        168       2462   ltdc.o
      1296        556          0          0    2381488    1306087   main.o
         0          0      10000          0          0        559   next.o
       456         82          0          4          0       5110   norflash.o
       668         40          0          0         92       4230   octospi.o
         0          0      10000          0          0        564   pause.o
         0          0      10000          0          0        559   play.o
       242         22          0          0          0       3894   port.o
         0          0      10000          0          0        579   previous.o
         0          0      10000          0          0        565   repeat.o
         0          0      10000          0          0        584   repeatone.o
       116         18          0          0         20       1759   rng.o
       320         40          0          4        272       2040   sai.o
       232         14         20          1          0       4772   sd_diskio.o
       296         32          0          0        124       1984   sdmmc.o
       184         28          0          0          0       1753   sdram.o
         0          0      10000          0          0        578   shuffle.o
        36          8        716          0       8192        844   startup_stm32h723xx.o
       156         32          0         12          0      23054   stm32h7xx_hal.o
       160         12          0          0          0      38898   stm32h7xx_hal_cortex.o
      3260        106          8          0          0       8008   stm32h7xx_hal_dma.o
       624         16          0          0          0       4566   stm32h7xx_hal_dma2d.o
       576         44          0          0          0       3664   stm32h7xx_hal_gpio.o
       184          4          0          0          0       3371   stm32h7xx_hal_i2c.o
       172          0          0          0          0       2123   stm32h7xx_hal_i2c_ex.o
       794          6          0          0          0       3279   stm32h7xx_hal_ltdc.o
        28          6          0          0          0        918   stm32h7xx_hal_msp.o
      2642         52          0          0          0      11679   stm32h7xx_hal_ospi.o
        84          6          0          0          0        801   stm32h7xx_hal_pwr_ex.o
      2466        110          0          0          0       7925   stm32h7xx_hal_rcc.o
      4618        168          0          0          0      10563   stm32h7xx_hal_rcc_ex.o
       224          8          0          0          0       1459   stm32h7xx_hal_rng.o
      1076         28          0          0          0       5986   stm32h7xx_hal_sai.o
      3256         68          0          0          0      16067   stm32h7xx_hal_sd.o
       186          4          0          0          0       3016   stm32h7xx_hal_sdram.o
      1228        100          0          0          0      10553   stm32h7xx_hal_tim.o
       190         38          0          0          0       3328   stm32h7xx_hal_tim_ex.o
       132         22          0          0         76       1612   stm32h7xx_hal_timebase_tim.o
      1864        122         24          0          0      27034   stm32h7xx_hal_uart.o
       284          6         16          0          0       3865   stm32h7xx_hal_uart_ex.o
        48         18          0          0          0       4289   stm32h7xx_it.o
       338         12          0          0          0       4372   stm32h7xx_ll_fmc.o
      1790         72          0          0          0      24914   stm32h7xx_ll_sdmmc.o
         8          0          0          0          0       1699   syscall.o
       192         34         16          8          0       1554   system_stm32h7xx.o
       380         22          0         64        740      18890   tasks.o
       144         20          0          0         76       1782   tim.o
       288         30          0          0        404       2604   usart.o

    ----------------------------------------------------------------------
     40222       2392     245904        116    2392020    1661144   Object Totals
         0          0         32          0          0          0   (incl. Generated)
        86          0          0          2          0          0   (incl. Padding)

    ----------------------------------------------------------------------

      Code (inc. data)   RO Data    RW Data    ZI Data      Debug   Library Member Name

         0          0          0          0          0          0   entry.o
         0          0          0          0          0          0   entry10a.o
         0          0          0          0          0          0   entry11a.o
         8          4          0          0          0          0   entry2.o
         4          0          0          0          0          0   entry5.o
         0          0          0          0          0          0   entry7b.o
         0          0          0          0          0          0   entry8b.o
         8          4          0          0          0          0   entry9a.o
        30          0          0          0          0          0   handlers.o
        36          8          0          0          0         68   init.o
         0          0          0          0          0          0   iusefp.o
        30          0          0          0          0         68   llshl.o
        36          0          0          0          0         68   llsshr.o
        32          0          0          0          0         68   llushr.o
       188         20          0          0          0        160   malloc.o
        36          0          0          0          0         68   memcpya.o
        36          0          0          0          0        108   memseta.o
         0          0          0          8          0          0   mvars.o
      2272         86          0          0          0        516   printfa.o
        14          0          0          0          0         68   strlen.o
        44          0          0          0          0         80   uidiv.o
        98          0          0          0          0         92   uldiv.o
        48          0          0          0          0         68   cdrcmple.o
       334          0          0          0          0        148   dadd.o
       222          0          0          0          0        100   ddiv.o
       186          0          0          0          0        176   depilogue.o
        48          0          0          0          0         68   dfixul.o
       228          0          0          0          0         96   dmul.o

    ----------------------------------------------------------------------
      3942        122          0          8          0       2020   Library Totals
         4          0          0          0          0          0   (incl. Padding)

    ----------------------------------------------------------------------

      Code (inc. data)   RO Data    RW Data    ZI Data      Debug   Library Name

      2872        122          0          8          0       1364   mc_w.l
      1066          0          0          0          0        656   mf_w.l

    ----------------------------------------------------------------------
      3942        122          0          8          0       2020   Library Totals

    ----------------------------------------------------------------------

==============================================================================


      Code (inc. data)   RO Data    RW Data    ZI Data      Debug   

     44164       2514     245904        124    2392020    1636928   Grand Totals
     44164       2514     245904        124    2392020    1636928   ELF Image Totals
     44164       2514     245904        124          0          0   ROM Totals

==============================================================================

    Total RO  Size (Code + RO Data)               290068 ( 283.27kB)
    Total RW  Size (RW Data + ZI Data)           2392144 (2336.08kB)
    Total ROM Size (Code + RO Data + RW Data)     290192 ( 283.39kB)

==============================================================================

