<html>
<body>
<pre>
<h1>µVision Build Log</h1>
<h2>Tool Versions:</h2>
IDE-Version: ¦ÌVision V5.40.0.0
Copyright (C) 2024 ARM Ltd and ARM Germany GmbH. All rights reserved.
License Information: 1 1, 1, LIC=KRMW3-ABJPX-NNSAF-6UAM7-JHCET-RV83L
 
Tool Versions:
Toolchain:       MDK-ARM Plus  Version: 5.40.0.3
Toolchain Path:  C:\Users\wyj1119\AppData\Local\Keil_v5\ARM\ARMCC\Bin
C Compiler:      Armcc.exe V5.06 update 6 (build 750)
Assembler:       Armasm.exe V5.06 update 6 (build 750)
Linker/Locator:  ArmLink.exe V5.06 update 6 (build 750)
Library Manager: ArmAr.exe V5.06 update 6 (build 750)
Hex Converter:   FromElf.exe V5.06 update 6 (build 750)
CPU DLL:         SARMCM3.DLL V5.40.0.3
Dialog DLL:      DCM.DLL V1.17.5.0
Target DLL:      STLink\ST-LINKIII-KEIL_SWO.dll V3.3.0.0
Dialog DLL:      TCM.DLL V1.56.4.0
 
<h2>Project:</h2>
C:\STM32\mp4_v0.1\mp4_stm32h723zgt6_writeflash\MDK-ARM\v0_1.uvprojx
Project File Date:  02/15/2024

<h2>Output:</h2>
*** Using Compiler 'V5.06 update 6 (build 750)', folder: 'C:\Users\wyj1119\AppData\Local\Keil_v5\ARM\ARMCC\Bin'
Build target 'v0_1'
assembling startup_stm32h723xx.s...
compiling gpio.c...
compiling dma.c...
compiling usart.c...
compiling sdmmc.c...
compiling i2c.c...
compiling fmc.c...
compiling rng.c...
compiling dma2d.c...
compiling ltdc.c...
compiling sai.c...
compiling croutine.c...
compiling event_groups.c...
compiling list.c...
compiling queue.c...
compiling main.c...
compiling octospi.c...
compiling stream_buffer.c...
compiling timers.c...
compiling heap_4.c...
compiling tasks.c...
compiling port.c...
compiling stm32h7xx_hal_msp.c...
compiling tim.c...
compiling norflash.c...
compiling stm32h7xx_it.c...
compiling wav_play.c...
compiling stm32h7xx_hal_timebase_tim.c...
compiling rgb_lcd.c...
compiling stm32h7xx_hal_cortex.c...
compiling sdram.c...
compiling key.c...
compiling stm32h7xx_hal_rcc.c...
compiling stm32h7xx_hal_rcc_ex.c...
compiling stm32h7xx_hal_flash_ex.c...
compiling stm32h7xx_hal_hsem.c...
compiling stm32h7xx_hal_gpio.c...
compiling stm32h7xx_hal_i2c_ex.c...
compiling stm32h7xx_hal_mdma.c...
compiling stm32h7xx_hal_dma_ex.c...
compiling stm32h7xx_hal_flash.c...
compiling stm32h7xx_hal.c...
compiling stm32h7xx_hal_pwr.c...
compiling stm32h7xx_hal_pwr_ex.c...
compiling stm32h7xx_hal_i2c.c...
compiling stm32h7xx_hal_dma.c...
compiling stm32h7xx_hal_rng.c...
compiling stm32h7xx_hal_dma2d.c...
compiling stm32h7xx_hal_sdram.c...
compiling stm32h7xx_hal_rng_ex.c...
compiling stm32h7xx_hal_ltdc_ex.c...
compiling stm32h7xx_hal_uart.c...
compiling stm32h7xx_hal_uart_ex.c...
compiling stm32h7xx_hal_ospi.c...
compiling stm32h7xx_ll_fmc.c...
compiling stm32h7xx_hal_exti.c...
compiling stm32h7xx_hal_ltdc.c...
compiling stm32h7xx_hal_sai.c...
compiling stm32h7xx_hal_sai_ex.c...
compiling stm32h7xx_hal_sd_ex.c...
compiling stm32h7xx_ll_sdmmc.c...
compiling system_stm32h7xx.c...
compiling stm32h7xx_hal_tim_ex.c...
compiling sd_diskio.c...
compiling fatfs.c...
compiling bsp_driver_sd.c...
compiling stm32h7xx_ll_delayblock.c...
compiling fatfs_platform.c...
compiling stm32h7xx_hal_sd.c...
compiling stm32h7xx_hal_tim.c...
compiling ff_gen_drv.c...
compiling shuffle.c...
compiling diskio.c...
compiling syscall.c...
compiling play.c...
compiling pause.c...
compiling repeatOne.c...
compiling next.c...
compiling repeat.c...
compiling previous.c...
compiling cc936.c...
compiling ff.c...
linking...
Program Size: Code=44164 RO-data=245904 RW-data=124 ZI-data=2392020  
FromELF: creating hex file...
"v0_1\v0_1.axf" - 0 Error(s), 0 Warning(s).

<h2>Software Packages used:</h2>

Package Vendor: ARM
                https://www.keil.com/pack/ARM.CMSIS.6.1.0.pack
                ARM::CMSIS@6.1.0
                CMSIS (Common Microcontroller Software Interface Standard)
   * Component: CORE Version: 6.1.0

Package Vendor: Keil
                https://www.keil.com/pack/Keil.STM32H7xx_DFP.3.1.1.pack
                Keil::STM32H7xx_DFP@3.1.1
                STMicroelectronics STM32H7 Series Device Support and Examples

<h2>Collection of Component include folders:</h2>
  ./RTE/_v0_1
  C:/Users/wyj1119/AppData/Local/Arm/Packs/ARM/CMSIS/6.1.0/CMSIS/Core/Include
  C:/Users/wyj1119/AppData/Local/Arm/Packs/Keil/STM32H7xx_DFP/3.1.1/Drivers/CMSIS/Device/ST/STM32H7xx/Include

<h2>Collection of Component Files used:</h2>

   * Component: ARM::CMSIS:CORE@6.1.0
      Include file:  CMSIS/Core/Include/tz_context.h
Build Time Elapsed:  00:01:29
</pre>
</body>
</html>
