<!doctype html public "-//w3c//dtd html 4.0 transitional//en">
<html><head>
<title>Static Call Graph - [v0_1\v0_1.axf]</title></head>
<body><HR>
<H1>Static Call Graph for image v0_1\v0_1.axf</H1><HR>
<BR><P>#&#060CALLGRAPH&#062# ARM Linker, 5060750: Last Updated: Sun Sep 01 10:35:56 2024
<BR><P>
<H3>Maximum Stack Usage =       1248 bytes + Unknown(Cycles, Untraceable Function Pointers)</H3><H3>
Call chain for Maximum Stack Depth:</H3>
lv_meter_event &rArr; draw_ticks_and_labels &rArr; lv_draw_label &rArr; lv_txt_get_size &rArr; _lv_txt_get_next_line &rArr; lv_font_get_glyph_width
<P>
<H3>
Mutually Recursive functions
</H3> <LI><a href="#[7d]">ADC3_IRQHandler</a>&nbsp;&nbsp;&nbsp;&rArr;&nbsp;&nbsp;&nbsp;<a href="#[7d]">ADC3_IRQHandler</a><BR>
 <LI><a href="#[e]">BusFault_Handler</a>&nbsp;&nbsp;&nbsp;&rArr;&nbsp;&nbsp;&nbsp;<a href="#[e]">BusFault_Handler</a><BR>
 <LI><a href="#[36d]">lv_obj_get_screen</a>&nbsp;&nbsp;&nbsp;&rArr;&nbsp;&nbsp;&nbsp;<a href="#[36d]">lv_obj_get_screen</a><BR>
 <LI><a href="#[239]">_lv_area_is_point_on</a>&nbsp;&nbsp;&nbsp;&rArr;&nbsp;&nbsp;&nbsp;<a href="#[239]">_lv_area_is_point_on</a><BR>
 <LI><a href="#[282]">_vsnprintf</a>&nbsp;&nbsp;&nbsp;&rArr;&nbsp;&nbsp;&nbsp;<a href="#[282]">_vsnprintf</a><BR>
 <LI><a href="#[270]">lv_obj_get_style_prop</a>&nbsp;&nbsp;&nbsp;&rArr;&nbsp;&nbsp;&nbsp;<a href="#[270]">lv_obj_get_style_prop</a><BR>
 <LI><a href="#[2e1]">event_send_core</a>&nbsp;&nbsp;&nbsp;&rArr;&nbsp;&nbsp;&nbsp;<a href="#[2e1]">event_send_core</a><BR>
 <LI><a href="#[3e7]">refresh_children_style</a>&nbsp;&nbsp;&nbsp;&rArr;&nbsp;&nbsp;&nbsp;<a href="#[3e7]">refresh_children_style</a><BR>
 <LI><a href="#[c]">HardFault_Handler</a>&nbsp;&nbsp;&nbsp;&rArr;&nbsp;&nbsp;&nbsp;<a href="#[c]">HardFault_Handler</a><BR>
 <LI><a href="#[d]">MemManage_Handler</a>&nbsp;&nbsp;&nbsp;&rArr;&nbsp;&nbsp;&nbsp;<a href="#[d]">MemManage_Handler</a><BR>
 <LI><a href="#[b]">NMI_Handler</a>&nbsp;&nbsp;&nbsp;&rArr;&nbsp;&nbsp;&nbsp;<a href="#[b]">NMI_Handler</a><BR>
 <LI><a href="#[f]">UsageFault_Handler</a>&nbsp;&nbsp;&nbsp;&rArr;&nbsp;&nbsp;&nbsp;<a href="#[f]">UsageFault_Handler</a><BR>
 <LI><a href="#[3ed]">lv_obj_scroll_by_bounded</a>&nbsp;&nbsp;&nbsp;&rArr;&nbsp;&nbsp;&nbsp;<a href="#[23d]">lv_obj_update_layout</a><BR>
 <LI><a href="#[2fb]">lv_obj_move_children_by</a>&nbsp;&nbsp;&nbsp;&rArr;&nbsp;&nbsp;&nbsp;<a href="#[2fb]">lv_obj_move_children_by</a><BR>
 <LI><a href="#[320]">layout_update_core</a>&nbsp;&nbsp;&nbsp;&rArr;&nbsp;&nbsp;&nbsp;<a href="#[320]">layout_update_core</a><BR>
 <LI><a href="#[284]">apply_theme</a>&nbsp;&nbsp;&nbsp;&rArr;&nbsp;&nbsp;&nbsp;<a href="#[284]">apply_theme</a><BR>
 <LI><a href="#[3ce]">lv_obj_construct</a>&nbsp;&nbsp;&nbsp;&rArr;&nbsp;&nbsp;&nbsp;<a href="#[3ce]">lv_obj_construct</a><BR>
 <LI><a href="#[400]">lv_refr_obj</a>&nbsp;&nbsp;&nbsp;&rArr;&nbsp;&nbsp;&nbsp;<a href="#[400]">lv_refr_obj</a><BR>
 <LI><a href="#[3fe]">lv_refr_get_top_obj</a>&nbsp;&nbsp;&nbsp;&rArr;&nbsp;&nbsp;&nbsp;<a href="#[3fe]">lv_refr_get_top_obj</a><BR>
 <LI><a href="#[39e]">lv_textarea_add_char</a>&nbsp;&nbsp;&nbsp;&rArr;&nbsp;&nbsp;&nbsp;<a href="#[315]">lv_textarea_add_text</a><BR>
 <LI><a href="#[313]">insert_handler</a>&nbsp;&nbsp;&nbsp;&rArr;&nbsp;&nbsp;&nbsp;<a href="#[315]">lv_textarea_add_text</a><BR>
 <LI><a href="#[102]">lvgl</a>&nbsp;&nbsp;&nbsp;&rArr;&nbsp;&nbsp;&nbsp;<a href="#[102]">lvgl</a><BR>
 <LI><a href="#[3ec]">report_style_change_core</a>&nbsp;&nbsp;&nbsp;&rArr;&nbsp;&nbsp;&nbsp;<a href="#[3ec]">report_style_change_core</a><BR>
 <LI><a href="#[3d1]">obj_del_core</a>&nbsp;&nbsp;&nbsp;&rArr;&nbsp;&nbsp;&nbsp;<a href="#[3d1]">obj_del_core</a><BR>
</UL>
<P>
<H3>
Function Pointers
</H3><UL>
 <LI><a href="#[7d]">ADC3_IRQHandler</a> from startup_stm32h723xx.o(.text) referenced from startup_stm32h723xx.o(RESET)
 <LI><a href="#[26]">ADC_IRQHandler</a> from startup_stm32h723xx.o(.text) referenced from startup_stm32h723xx.o(RESET)
 <LI><a href="#[7f]">BDMA_Channel0_IRQHandler</a> from startup_stm32h723xx.o(.text) referenced from startup_stm32h723xx.o(RESET)
 <LI><a href="#[80]">BDMA_Channel1_IRQHandler</a> from startup_stm32h723xx.o(.text) referenced from startup_stm32h723xx.o(RESET)
 <LI><a href="#[81]">BDMA_Channel2_IRQHandler</a> from startup_stm32h723xx.o(.text) referenced from startup_stm32h723xx.o(RESET)
 <LI><a href="#[82]">BDMA_Channel3_IRQHandler</a> from startup_stm32h723xx.o(.text) referenced from startup_stm32h723xx.o(RESET)
 <LI><a href="#[83]">BDMA_Channel4_IRQHandler</a> from startup_stm32h723xx.o(.text) referenced from startup_stm32h723xx.o(RESET)
 <LI><a href="#[84]">BDMA_Channel5_IRQHandler</a> from startup_stm32h723xx.o(.text) referenced from startup_stm32h723xx.o(RESET)
 <LI><a href="#[85]">BDMA_Channel6_IRQHandler</a> from startup_stm32h723xx.o(.text) referenced from startup_stm32h723xx.o(RESET)
 <LI><a href="#[86]">BDMA_Channel7_IRQHandler</a> from startup_stm32h723xx.o(.text) referenced from startup_stm32h723xx.o(RESET)
 <LI><a href="#[e]">BusFault_Handler</a> from stm32h7xx_it.o(i.BusFault_Handler) referenced from startup_stm32h723xx.o(RESET)
 <LI><a href="#[6b]">CEC_IRQHandler</a> from startup_stm32h723xx.o(.text) referenced from startup_stm32h723xx.o(RESET)
 <LI><a href="#[87]">COMP1_IRQHandler</a> from startup_stm32h723xx.o(.text) referenced from startup_stm32h723xx.o(RESET)
 <LI><a href="#[94]">CORDIC_IRQHandler</a> from startup_stm32h723xx.o(.text) referenced from startup_stm32h723xx.o(RESET)
 <LI><a href="#[8d]">CRS_IRQHandler</a> from startup_stm32h723xx.o(.text) referenced from startup_stm32h723xx.o(RESET)
 <LI><a href="#[101]">ChangeMusic</a> from wav_play.o(i.ChangeMusic) referenced from main.o(i.start_task)
 <LI><a href="#[5d]">DCMI_PSSI_IRQHandler</a> from startup_stm32h723xx.o(.text) referenced from startup_stm32h723xx.o(RESET)
 <LI><a href="#[70]">DFSDM1_FLT0_IRQHandler</a> from startup_stm32h723xx.o(.text) referenced from startup_stm32h723xx.o(RESET)
 <LI><a href="#[71]">DFSDM1_FLT1_IRQHandler</a> from startup_stm32h723xx.o(.text) referenced from startup_stm32h723xx.o(RESET)
 <LI><a href="#[72]">DFSDM1_FLT2_IRQHandler</a> from startup_stm32h723xx.o(.text) referenced from startup_stm32h723xx.o(RESET)
 <LI><a href="#[73]">DFSDM1_FLT3_IRQHandler</a> from startup_stm32h723xx.o(.text) referenced from startup_stm32h723xx.o(RESET)
 <LI><a href="#[1f]">DMA1_Stream0_IRQHandler</a> from stm32h7xx_it.o(i.DMA1_Stream0_IRQHandler) referenced from startup_stm32h723xx.o(RESET)
 <LI><a href="#[20]">DMA1_Stream1_IRQHandler</a> from startup_stm32h723xx.o(.text) referenced from startup_stm32h723xx.o(RESET)
 <LI><a href="#[21]">DMA1_Stream2_IRQHandler</a> from startup_stm32h723xx.o(.text) referenced from startup_stm32h723xx.o(RESET)
 <LI><a href="#[22]">DMA1_Stream3_IRQHandler</a> from startup_stm32h723xx.o(.text) referenced from startup_stm32h723xx.o(RESET)
 <LI><a href="#[23]">DMA1_Stream4_IRQHandler</a> from startup_stm32h723xx.o(.text) referenced from startup_stm32h723xx.o(RESET)
 <LI><a href="#[24]">DMA1_Stream5_IRQHandler</a> from startup_stm32h723xx.o(.text) referenced from startup_stm32h723xx.o(RESET)
 <LI><a href="#[25]">DMA1_Stream6_IRQHandler</a> from startup_stm32h723xx.o(.text) referenced from startup_stm32h723xx.o(RESET)
 <LI><a href="#[42]">DMA1_Stream7_IRQHandler</a> from startup_stm32h723xx.o(.text) referenced from startup_stm32h723xx.o(RESET)
 <LI><a href="#[68]">DMA2D_IRQHandler</a> from stm32h7xx_it.o(i.DMA2D_IRQHandler) referenced from startup_stm32h723xx.o(RESET)
 <LI><a href="#[4b]">DMA2_Stream0_IRQHandler</a> from startup_stm32h723xx.o(.text) referenced from startup_stm32h723xx.o(RESET)
 <LI><a href="#[4c]">DMA2_Stream1_IRQHandler</a> from startup_stm32h723xx.o(.text) referenced from startup_stm32h723xx.o(RESET)
 <LI><a href="#[4d]">DMA2_Stream2_IRQHandler</a> from startup_stm32h723xx.o(.text) referenced from startup_stm32h723xx.o(RESET)
 <LI><a href="#[4e]">DMA2_Stream3_IRQHandler</a> from startup_stm32h723xx.o(.text) referenced from startup_stm32h723xx.o(RESET)
 <LI><a href="#[4f]">DMA2_Stream4_IRQHandler</a> from startup_stm32h723xx.o(.text) referenced from startup_stm32h723xx.o(RESET)
 <LI><a href="#[53]">DMA2_Stream5_IRQHandler</a> from startup_stm32h723xx.o(.text) referenced from startup_stm32h723xx.o(RESET)
 <LI><a href="#[54]">DMA2_Stream6_IRQHandler</a> from startup_stm32h723xx.o(.text) referenced from startup_stm32h723xx.o(RESET)
 <LI><a href="#[55]">DMA2_Stream7_IRQHandler</a> from startup_stm32h723xx.o(.text) referenced from startup_stm32h723xx.o(RESET)
 <LI><a href="#[6f]">DMAMUX1_OVR_IRQHandler</a> from startup_stm32h723xx.o(.text) referenced from startup_stm32h723xx.o(RESET)
 <LI><a href="#[7e]">DMAMUX2_OVR_IRQHandler</a> from startup_stm32h723xx.o(.text) referenced from startup_stm32h723xx.o(RESET)
 <LI><a href="#[90]">DTS_IRQHandler</a> from startup_stm32h723xx.o(.text) referenced from startup_stm32h723xx.o(RESET)
 <LI><a href="#[11]">DebugMon_Handler</a> from stm32h7xx_it.o(i.DebugMon_Handler) referenced from startup_stm32h723xx.o(RESET)
 <LI><a href="#[8e]">ECC_IRQHandler</a> from startup_stm32h723xx.o(.text) referenced from startup_stm32h723xx.o(RESET)
 <LI><a href="#[50]">ETH_IRQHandler</a> from startup_stm32h723xx.o(.text) referenced from startup_stm32h723xx.o(RESET)
 <LI><a href="#[51]">ETH_WKUP_IRQHandler</a> from startup_stm32h723xx.o(.text) referenced from startup_stm32h723xx.o(RESET)
 <LI><a href="#[1a]">EXTI0_IRQHandler</a> from startup_stm32h723xx.o(.text) referenced from startup_stm32h723xx.o(RESET)
 <LI><a href="#[3c]">EXTI15_10_IRQHandler</a> from startup_stm32h723xx.o(.text) referenced from startup_stm32h723xx.o(RESET)
 <LI><a href="#[1b]">EXTI1_IRQHandler</a> from startup_stm32h723xx.o(.text) referenced from startup_stm32h723xx.o(RESET)
 <LI><a href="#[1c]">EXTI2_IRQHandler</a> from startup_stm32h723xx.o(.text) referenced from startup_stm32h723xx.o(RESET)
 <LI><a href="#[1d]">EXTI3_IRQHandler</a> from startup_stm32h723xx.o(.text) referenced from startup_stm32h723xx.o(RESET)
 <LI><a href="#[1e]">EXTI4_IRQHandler</a> from startup_stm32h723xx.o(.text) referenced from startup_stm32h723xx.o(RESET)
 <LI><a href="#[2b]">EXTI9_5_IRQHandler</a> from startup_stm32h723xx.o(.text) referenced from startup_stm32h723xx.o(RESET)
 <LI><a href="#[27]">FDCAN1_IT0_IRQHandler</a> from startup_stm32h723xx.o(.text) referenced from startup_stm32h723xx.o(RESET)
 <LI><a href="#[29]">FDCAN1_IT1_IRQHandler</a> from startup_stm32h723xx.o(.text) referenced from startup_stm32h723xx.o(RESET)
 <LI><a href="#[28]">FDCAN2_IT0_IRQHandler</a> from startup_stm32h723xx.o(.text) referenced from startup_stm32h723xx.o(RESET)
 <LI><a href="#[2a]">FDCAN2_IT1_IRQHandler</a> from startup_stm32h723xx.o(.text) referenced from startup_stm32h723xx.o(RESET)
 <LI><a href="#[99]">FDCAN3_IT0_IRQHandler</a> from startup_stm32h723xx.o(.text) referenced from startup_stm32h723xx.o(RESET)
 <LI><a href="#[9a]">FDCAN3_IT1_IRQHandler</a> from startup_stm32h723xx.o(.text) referenced from startup_stm32h723xx.o(RESET)
 <LI><a href="#[52]">FDCAN_CAL_IRQHandler</a> from startup_stm32h723xx.o(.text) referenced from startup_stm32h723xx.o(RESET)
 <LI><a href="#[18]">FLASH_IRQHandler</a> from startup_stm32h723xx.o(.text) referenced from startup_stm32h723xx.o(RESET)
 <LI><a href="#[93]">FMAC_IRQHandler</a> from startup_stm32h723xx.o(.text) referenced from startup_stm32h723xx.o(RESET)
 <LI><a href="#[43]">FMC_IRQHandler</a> from startup_stm32h723xx.o(.text) referenced from startup_stm32h723xx.o(RESET)
 <LI><a href="#[5f]">FPU_IRQHandler</a> from startup_stm32h723xx.o(.text) referenced from startup_stm32h723xx.o(RESET)
 <LI><a href="#[7c]">HSEM1_IRQHandler</a> from startup_stm32h723xx.o(.text) referenced from startup_stm32h723xx.o(RESET)
 <LI><a href="#[c]">HardFault_Handler</a> from stm32h7xx_it.o(i.HardFault_Handler) referenced from startup_stm32h723xx.o(RESET)
 <LI><a href="#[34]">I2C1_ER_IRQHandler</a> from startup_stm32h723xx.o(.text) referenced from startup_stm32h723xx.o(RESET)
 <LI><a href="#[33]">I2C1_EV_IRQHandler</a> from startup_stm32h723xx.o(.text) referenced from startup_stm32h723xx.o(RESET)
 <LI><a href="#[36]">I2C2_ER_IRQHandler</a> from startup_stm32h723xx.o(.text) referenced from startup_stm32h723xx.o(RESET)
 <LI><a href="#[35]">I2C2_EV_IRQHandler</a> from startup_stm32h723xx.o(.text) referenced from startup_stm32h723xx.o(RESET)
 <LI><a href="#[58]">I2C3_ER_IRQHandler</a> from startup_stm32h723xx.o(.text) referenced from startup_stm32h723xx.o(RESET)
 <LI><a href="#[57]">I2C3_EV_IRQHandler</a> from startup_stm32h723xx.o(.text) referenced from startup_stm32h723xx.o(RESET)
 <LI><a href="#[6d]">I2C4_ER_IRQHandler</a> from startup_stm32h723xx.o(.text) referenced from startup_stm32h723xx.o(RESET)
 <LI><a href="#[6c]">I2C4_EV_IRQHandler</a> from startup_stm32h723xx.o(.text) referenced from startup_stm32h723xx.o(RESET)
 <LI><a href="#[98]">I2C5_ER_IRQHandler</a> from startup_stm32h723xx.o(.text) referenced from startup_stm32h723xx.o(RESET)
 <LI><a href="#[97]">I2C5_EV_IRQHandler</a> from startup_stm32h723xx.o(.text) referenced from startup_stm32h723xx.o(RESET)
 <LI><a href="#[a0]">I2S_DMATxCplt_m0_myuse</a> from wav_play.o(i.I2S_DMATxCplt_m0_myuse) referenced from wav_play.o(i.Init_wav_SAI_DMA)
 <LI><a href="#[a1]">I2S_DMATxCplt_m1_myuse</a> from wav_play.o(i.I2S_DMATxCplt_m1_myuse) referenced from wav_play.o(i.Init_wav_SAI_DMA)
 <LI><a href="#[6a]">LPTIM1_IRQHandler</a> from startup_stm32h723xx.o(.text) referenced from startup_stm32h723xx.o(RESET)
 <LI><a href="#[88]">LPTIM2_IRQHandler</a> from startup_stm32h723xx.o(.text) referenced from startup_stm32h723xx.o(RESET)
 <LI><a href="#[89]">LPTIM3_IRQHandler</a> from startup_stm32h723xx.o(.text) referenced from startup_stm32h723xx.o(RESET)
 <LI><a href="#[8a]">LPTIM4_IRQHandler</a> from startup_stm32h723xx.o(.text) referenced from startup_stm32h723xx.o(RESET)
 <LI><a href="#[8b]">LPTIM5_IRQHandler</a> from startup_stm32h723xx.o(.text) referenced from startup_stm32h723xx.o(RESET)
 <LI><a href="#[8c]">LPUART1_IRQHandler</a> from startup_stm32h723xx.o(.text) referenced from startup_stm32h723xx.o(RESET)
 <LI><a href="#[67]">LTDC_ER_IRQHandler</a> from startup_stm32h723xx.o(.text) referenced from startup_stm32h723xx.o(RESET)
 <LI><a href="#[66]">LTDC_IRQHandler</a> from startup_stm32h723xx.o(.text) referenced from startup_stm32h723xx.o(RESET)
 <LI><a href="#[79]">MDIOS_IRQHandler</a> from startup_stm32h723xx.o(.text) referenced from startup_stm32h723xx.o(RESET)
 <LI><a href="#[78]">MDIOS_WKUP_IRQHandler</a> from startup_stm32h723xx.o(.text) referenced from startup_stm32h723xx.o(RESET)
 <LI><a href="#[7a]">MDMA_IRQHandler</a> from startup_stm32h723xx.o(.text) referenced from startup_stm32h723xx.o(RESET)
 <LI><a href="#[d]">MemManage_Handler</a> from stm32h7xx_it.o(i.MemManage_Handler) referenced from startup_stm32h723xx.o(RESET)
 <LI><a href="#[b]">NMI_Handler</a> from stm32h7xx_it.o(i.NMI_Handler) referenced from startup_stm32h723xx.o(RESET)
 <LI><a href="#[69]">OCTOSPI1_IRQHandler</a> from startup_stm32h723xx.o(.text) referenced from startup_stm32h723xx.o(RESET)
 <LI><a href="#[92]">OCTOSPI2_IRQHandler</a> from startup_stm32h723xx.o(.text) referenced from startup_stm32h723xx.o(RESET)
 <LI><a href="#[5a]">OTG_HS_EP1_IN_IRQHandler</a> from startup_stm32h723xx.o(.text) referenced from startup_stm32h723xx.o(RESET)
 <LI><a href="#[59]">OTG_HS_EP1_OUT_IRQHandler</a> from startup_stm32h723xx.o(.text) referenced from startup_stm32h723xx.o(RESET)
 <LI><a href="#[5c]">OTG_HS_IRQHandler</a> from startup_stm32h723xx.o(.text) referenced from startup_stm32h723xx.o(RESET)
 <LI><a href="#[5b]">OTG_HS_WKUP_IRQHandler</a> from startup_stm32h723xx.o(.text) referenced from startup_stm32h723xx.o(RESET)
 <LI><a href="#[15]">PVD_AVD_IRQHandler</a> from startup_stm32h723xx.o(.text) referenced from startup_stm32h723xx.o(RESET)
 <LI><a href="#[12]">PendSV_Handler</a> from port.o(.emb_text) referenced from startup_stm32h723xx.o(RESET)
 <LI><a href="#[19]">RCC_IRQHandler</a> from startup_stm32h723xx.o(.text) referenced from startup_stm32h723xx.o(RESET)
 <LI><a href="#[5e]">RNG_IRQHandler</a> from startup_stm32h723xx.o(.text) referenced from startup_stm32h723xx.o(RESET)
 <LI><a href="#[3d]">RTC_Alarm_IRQHandler</a> from startup_stm32h723xx.o(.text) referenced from startup_stm32h723xx.o(RESET)
 <LI><a href="#[17]">RTC_WKUP_IRQHandler</a> from startup_stm32h723xx.o(.text) referenced from startup_stm32h723xx.o(RESET)
 <LI><a href="#[a]">Reset_Handler</a> from startup_stm32h723xx.o(.text) referenced from startup_stm32h723xx.o(RESET)
 <LI><a href="#[65]">SAI1_IRQHandler</a> from startup_stm32h723xx.o(.text) referenced from startup_stm32h723xx.o(RESET)
 <LI><a href="#[8f]">SAI4_IRQHandler</a> from startup_stm32h723xx.o(.text) referenced from startup_stm32h723xx.o(RESET)
 <LI><a href="#[44]">SDMMC1_IRQHandler</a> from startup_stm32h723xx.o(.text) referenced from startup_stm32h723xx.o(RESET)
 <LI><a href="#[7b]">SDMMC2_IRQHandler</a> from startup_stm32h723xx.o(.text) referenced from startup_stm32h723xx.o(RESET)
 <LI><a href="#[153]">SD_initialize</a> from sd_diskio.o(i.SD_initialize) referenced from sd_diskio.o(.constdata)
 <LI><a href="#[157]">SD_ioctl</a> from sd_diskio.o(i.SD_ioctl) referenced from sd_diskio.o(.constdata)
 <LI><a href="#[155]">SD_read</a> from sd_diskio.o(i.SD_read) referenced from sd_diskio.o(.constdata)
 <LI><a href="#[154]">SD_status</a> from sd_diskio.o(i.SD_status) referenced from sd_diskio.o(.constdata)
 <LI><a href="#[156]">SD_write</a> from sd_diskio.o(i.SD_write) referenced from sd_diskio.o(.constdata)
 <LI><a href="#[6e]">SPDIF_RX_IRQHandler</a> from startup_stm32h723xx.o(.text) referenced from startup_stm32h723xx.o(RESET)
 <LI><a href="#[37]">SPI1_IRQHandler</a> from startup_stm32h723xx.o(.text) referenced from startup_stm32h723xx.o(RESET)
 <LI><a href="#[38]">SPI2_IRQHandler</a> from startup_stm32h723xx.o(.text) referenced from startup_stm32h723xx.o(RESET)
 <LI><a href="#[46]">SPI3_IRQHandler</a> from startup_stm32h723xx.o(.text) referenced from startup_stm32h723xx.o(RESET)
 <LI><a href="#[62]">SPI4_IRQHandler</a> from startup_stm32h723xx.o(.text) referenced from startup_stm32h723xx.o(RESET)
 <LI><a href="#[63]">SPI5_IRQHandler</a> from startup_stm32h723xx.o(.text) referenced from startup_stm32h723xx.o(RESET)
 <LI><a href="#[64]">SPI6_IRQHandler</a> from startup_stm32h723xx.o(.text) referenced from startup_stm32h723xx.o(RESET)
 <LI><a href="#[10]">SVC_Handler</a> from port.o(.emb_text) referenced from startup_stm32h723xx.o(RESET)
 <LI><a href="#[74]">SWPMI1_IRQHandler</a> from startup_stm32h723xx.o(.text) referenced from startup_stm32h723xx.o(RESET)
 <LI><a href="#[13]">SysTick_Handler</a> from port.o(i.SysTick_Handler) referenced from startup_stm32h723xx.o(RESET)
 <LI><a href="#[9e]">SystemInit</a> from system_stm32h7xx.o(i.SystemInit) referenced from startup_stm32h723xx.o(.text)
 <LI><a href="#[16]">TAMP_STAMP_IRQHandler</a> from startup_stm32h723xx.o(.text) referenced from startup_stm32h723xx.o(RESET)
 <LI><a href="#[75]">TIM15_IRQHandler</a> from startup_stm32h723xx.o(.text) referenced from startup_stm32h723xx.o(RESET)
 <LI><a href="#[76]">TIM16_IRQHandler</a> from startup_stm32h723xx.o(.text) referenced from startup_stm32h723xx.o(RESET)
 <LI><a href="#[77]">TIM17_IRQHandler</a> from startup_stm32h723xx.o(.text) referenced from startup_stm32h723xx.o(RESET)
 <LI><a href="#[2c]">TIM1_BRK_IRQHandler</a> from startup_stm32h723xx.o(.text) referenced from startup_stm32h723xx.o(RESET)
 <LI><a href="#[2f]">TIM1_CC_IRQHandler</a> from startup_stm32h723xx.o(.text) referenced from startup_stm32h723xx.o(RESET)
 <LI><a href="#[2e]">TIM1_TRG_COM_IRQHandler</a> from startup_stm32h723xx.o(.text) referenced from startup_stm32h723xx.o(RESET)
 <LI><a href="#[2d]">TIM1_UP_IRQHandler</a> from startup_stm32h723xx.o(.text) referenced from startup_stm32h723xx.o(RESET)
 <LI><a href="#[9b]">TIM23_IRQHandler</a> from stm32h7xx_it.o(i.TIM23_IRQHandler) referenced from startup_stm32h723xx.o(RESET)
 <LI><a href="#[9c]">TIM24_IRQHandler</a> from startup_stm32h723xx.o(.text) referenced from startup_stm32h723xx.o(RESET)
 <LI><a href="#[30]">TIM2_IRQHandler</a> from startup_stm32h723xx.o(.text) referenced from startup_stm32h723xx.o(RESET)
 <LI><a href="#[31]">TIM3_IRQHandler</a> from stm32h7xx_it.o(i.TIM3_IRQHandler) referenced from startup_stm32h723xx.o(RESET)
 <LI><a href="#[32]">TIM4_IRQHandler</a> from startup_stm32h723xx.o(.text) referenced from startup_stm32h723xx.o(RESET)
 <LI><a href="#[45]">TIM5_IRQHandler</a> from startup_stm32h723xx.o(.text) referenced from startup_stm32h723xx.o(RESET)
 <LI><a href="#[49]">TIM6_DAC_IRQHandler</a> from startup_stm32h723xx.o(.text) referenced from startup_stm32h723xx.o(RESET)
 <LI><a href="#[4a]">TIM7_IRQHandler</a> from startup_stm32h723xx.o(.text) referenced from startup_stm32h723xx.o(RESET)
 <LI><a href="#[3e]">TIM8_BRK_TIM12_IRQHandler</a> from startup_stm32h723xx.o(.text) referenced from startup_stm32h723xx.o(RESET)
 <LI><a href="#[41]">TIM8_CC_IRQHandler</a> from startup_stm32h723xx.o(.text) referenced from startup_stm32h723xx.o(RESET)
 <LI><a href="#[40]">TIM8_TRG_COM_TIM14_IRQHandler</a> from startup_stm32h723xx.o(.text) referenced from startup_stm32h723xx.o(RESET)
 <LI><a href="#[3f]">TIM8_UP_TIM13_IRQHandler</a> from startup_stm32h723xx.o(.text) referenced from startup_stm32h723xx.o(RESET)
 <LI><a href="#[47]">UART4_IRQHandler</a> from startup_stm32h723xx.o(.text) referenced from startup_stm32h723xx.o(RESET)
 <LI><a href="#[48]">UART5_IRQHandler</a> from startup_stm32h723xx.o(.text) referenced from startup_stm32h723xx.o(RESET)
 <LI><a href="#[60]">UART7_IRQHandler</a> from startup_stm32h723xx.o(.text) referenced from startup_stm32h723xx.o(RESET)
 <LI><a href="#[61]">UART8_IRQHandler</a> from startup_stm32h723xx.o(.text) referenced from startup_stm32h723xx.o(RESET)
 <LI><a href="#[95]">UART9_IRQHandler</a> from startup_stm32h723xx.o(.text) referenced from startup_stm32h723xx.o(RESET)
 <LI><a href="#[96]">USART10_IRQHandler</a> from startup_stm32h723xx.o(.text) referenced from startup_stm32h723xx.o(RESET)
 <LI><a href="#[39]">USART1_IRQHandler</a> from startup_stm32h723xx.o(.text) referenced from startup_stm32h723xx.o(RESET)
 <LI><a href="#[3a]">USART2_IRQHandler</a> from startup_stm32h723xx.o(.text) referenced from startup_stm32h723xx.o(RESET)
 <LI><a href="#[3b]">USART3_IRQHandler</a> from startup_stm32h723xx.o(.text) referenced from startup_stm32h723xx.o(RESET)
 <LI><a href="#[56]">USART6_IRQHandler</a> from startup_stm32h723xx.o(.text) referenced from startup_stm32h723xx.o(RESET)
 <LI><a href="#[f]">UsageFault_Handler</a> from stm32h7xx_it.o(i.UsageFault_Handler) referenced from startup_stm32h723xx.o(RESET)
 <LI><a href="#[91]">WAKEUP_PIN_IRQHandler</a> from startup_stm32h723xx.o(.text) referenced from startup_stm32h723xx.o(RESET)
 <LI><a href="#[14]">WWDG_IRQHandler</a> from startup_stm32h723xx.o(.text) referenced from startup_stm32h723xx.o(RESET)
 <LI><a href="#[9f]">__main</a> from entry.o(.ARM.Collect$$$$00000000) referenced from startup_stm32h723xx.o(.text)
 <LI><a href="#[2]">__user_font_get_bitmap</a> from kai_24.o(i.__user_font_get_bitmap) referenced 2 times from kai_24.o(.data)
 <LI><a href="#[1]">__user_font_get_glyph_dsc</a> from kai_24.o(i.__user_font_get_glyph_dsc) referenced 2 times from kai_24.o(.data)
 <LI><a href="#[bc]">_lv_disp_refr_timer</a> from lv_refr.o(i._lv_disp_refr_timer) referenced from lv_hal_disp.o(i.lv_disp_drv_register)
 <LI><a href="#[d8]">_lv_ll_get_head</a> from lv_ll.o(i._lv_ll_get_head) referenced from lv_group.o(i.lv_group_add_obj)
 <LI><a href="#[d8]">_lv_ll_get_head</a> from lv_ll.o(i._lv_ll_get_head) referenced from lv_group.o(i.lv_group_remove_obj)
 <LI><a href="#[d7]">_lv_ll_get_next</a> from lv_ll.o(i._lv_ll_get_next) referenced from lv_group.o(i.lv_group_add_obj)
 <LI><a href="#[d7]">_lv_ll_get_next</a> from lv_ll.o(i._lv_ll_get_next) referenced from lv_group.o(i.lv_group_remove_obj)
 <LI><a href="#[d5]">_lv_ll_get_prev</a> from lv_ll.o(i._lv_ll_get_prev) referenced from lv_group.o(i.lv_group_add_obj)
 <LI><a href="#[d5]">_lv_ll_get_prev</a> from lv_ll.o(i._lv_ll_get_prev) referenced from lv_group.o(i.lv_group_remove_obj)
 <LI><a href="#[d6]">_lv_ll_get_tail</a> from lv_ll.o(i._lv_ll_get_tail) referenced from lv_group.o(i.lv_group_add_obj)
 <LI><a href="#[d6]">_lv_ll_get_tail</a> from lv_ll.o(i._lv_ll_get_tail) referenced from lv_group.o(i.lv_group_remove_obj)
 <LI><a href="#[e5]">_out_buffer</a> from lv_printf.o(i._out_buffer) referenced from lv_printf.o(i.lv_snprintf)
 <LI><a href="#[e5]">_out_buffer</a> from lv_printf.o(i._out_buffer) referenced from lv_printf.o(i.lv_vsnprintf)
 <LI><a href="#[ab]">_out_null</a> from lv_printf.o(i._out_null) referenced from lv_printf.o(i._vsnprintf)
 <LI><a href="#[a2]">_sputc</a> from printfa.o(i._sputc) referenced from printfa.o(i.__0sprintf)
 <LI><a href="#[a2]">_sputc</a> from printfa.o(i._sputc) referenced from printfa.o(i.__0vsprintf)
 <LI><a href="#[a3]">anim_timer</a> from lv_anim.o(i.anim_timer) referenced from lv_anim.o(i._lv_anim_core_init)
 <LI><a href="#[e6]">arc_anim_end_angle</a> from lv_spinner.o(i.arc_anim_end_angle) referenced from lv_spinner.o(i.lv_spinner_constructor)
 <LI><a href="#[e8]">arc_anim_start_angle</a> from lv_spinner.o(i.arc_anim_start_angle) referenced from lv_spinner.o(i.lv_spinner_constructor)
 <LI><a href="#[fa]">btn_next_cb</a> from lvgl_task.o(i.btn_next_cb) referenced from lvgl_task.o(i.my_gui_app)
 <LI><a href="#[f9]">btn_pause_cb</a> from lvgl_task.o(i.btn_pause_cb) referenced from lvgl_task.o(i.my_gui_app)
 <LI><a href="#[fc]">btn_play_mode_cb</a> from lvgl_task.o(i.btn_play_mode_cb) referenced from lvgl_task.o(i.my_gui_app)
 <LI><a href="#[fb]">btn_previous_cb</a> from lvgl_task.o(i.btn_previous_cb) referenced from lvgl_task.o(i.my_gui_app)
 <LI><a href="#[eb]">btns_value_changed_event_cb</a> from lv_tabview.o(i.btns_value_changed_event_cb) referenced from lv_tabview.o(i.lv_tabview_constructor)
 <LI><a href="#[c2]">color_blend_true_color_additive</a> from lv_draw_sw_blend.o(i.color_blend_true_color_additive) referenced from lv_draw_sw_blend.o(i.lv_draw_sw_blend_basic)
 <LI><a href="#[c4]">color_blend_true_color_multiply</a> from lv_draw_sw_blend.o(i.color_blend_true_color_multiply) referenced from lv_draw_sw_blend.o(i.lv_draw_sw_blend_basic)
 <LI><a href="#[c3]">color_blend_true_color_subtractive</a> from lv_draw_sw_blend.o(i.color_blend_true_color_subtractive) referenced from lv_draw_sw_blend.o(i.lv_draw_sw_blend_basic)
 <LI><a href="#[ec]">cont_scroll_end_event_cb</a> from lv_tabview.o(i.cont_scroll_end_event_cb) referenced from lv_tabview.o(i.lv_tabview_constructor)
 <LI><a href="#[b5]">cursor_blink_anim_cb</a> from lv_textarea.o(i.cursor_blink_anim_cb) referenced from lv_textarea.o(i.label_event_cb)
 <LI><a href="#[b5]">cursor_blink_anim_cb</a> from lv_textarea.o(i.cursor_blink_anim_cb) referenced from lv_textarea.o(i.lv_textarea_constructor)
 <LI><a href="#[b5]">cursor_blink_anim_cb</a> from lv_textarea.o(i.cursor_blink_anim_cb) referenced from lv_textarea.o(i.lv_textarea_event)
 <LI><a href="#[b5]">cursor_blink_anim_cb</a> from lv_textarea.o(i.cursor_blink_anim_cb) referenced from lv_textarea.o(i.lv_textarea_set_cursor_pos)
 <LI><a href="#[103]">dark_color_filter_cb</a> from lv_theme_default.o(i.dark_color_filter_cb) referenced from lv_theme_default.o(i.style_init)
 <LI><a href="#[f2]">default_walker</a> from lv_tlsf.o(i.default_walker) referenced from lv_tlsf.o(i.lv_tlsf_walk_pool)
 <LI><a href="#[e3]">disp_flush</a> from lv_port_disp_template.o(i.disp_flush) referenced from lv_port_disp_template.o(i.lv_port_disp_init)
 <LI><a href="#[ba]">draw_part_begin_event_cb</a> from lv_calendar.o(i.draw_part_begin_event_cb) referenced from lv_calendar.o(i.lv_calendar_constructor)
 <LI><a href="#[ff]">fill_buf</a> from main.o(i.fill_buf) referenced from main.o(i.start_task)
 <LI><a href="#[d1]">find_item</a> from lv_draw_sw_gradient.o(i.find_item) referenced from lv_draw_sw_gradient.o(i.lv_gradient_get)
 <LI><a href="#[d2]">find_oldest_item_life</a> from lv_draw_sw_gradient.o(i.find_oldest_item_life) referenced from lv_draw_sw_gradient.o(i.lv_gradient_get)
 <LI><a href="#[ce]">flex_update</a> from lv_flex.o(i.flex_update) referenced from lv_flex.o(i.lv_flex_init)
 <LI><a href="#[104]">grey_filter_cb</a> from lv_theme_default.o(i.grey_filter_cb) referenced from lv_theme_default.o(i.style_init)
 <LI><a href="#[d4]">grid_update</a> from lv_grid.o(i.grid_update) referenced from lv_grid.o(i.lv_grid_init)
 <LI><a href="#[cf]">kern_pair_16_compare</a> from lv_font_fmt_txt.o(i.kern_pair_16_compare) referenced from lv_font_fmt_txt.o(i.lv_font_get_glyph_dsc_fmt_txt)
 <LI><a href="#[d0]">kern_pair_8_compare</a> from lv_font_fmt_txt.o(i.kern_pair_8_compare) referenced from lv_font_fmt_txt.o(i.lv_font_get_glyph_dsc_fmt_txt)
 <LI><a href="#[100]">key_scan</a> from key.o(i.key_scan) referenced from main.o(i.start_task)
 <LI><a href="#[d3]">kill_oldest_item</a> from lv_draw_sw_gradient.o(i.kill_oldest_item) referenced from lv_draw_sw_gradient.o(i.lv_gradient_get)
 <LI><a href="#[ef]">label_event_cb</a> from lv_textarea.o(i.label_event_cb) referenced from lv_textarea.o(i.lv_textarea_constructor)
 <LI><a href="#[e7]">lv_anim_path_ease_in_out</a> from lv_anim.o(i.lv_anim_path_ease_in_out) referenced from lv_spinner.o(i.lv_spinner_constructor)
 <LI><a href="#[e2]">lv_anim_path_ease_out</a> from lv_anim.o(i.lv_anim_path_ease_out) referenced from lv_obj_scroll.o(i.lv_obj_scroll_by)
 <LI><a href="#[e2]">lv_anim_path_ease_out</a> from lv_anim.o(i.lv_anim_path_ease_out) referenced from lv_roller.o(i.refr_position)
 <LI><a href="#[b7]">lv_anim_path_linear</a> from lv_anim.o(i.lv_anim_path_linear) referenced from lv_anim.o(i.lv_anim_init)
 <LI><a href="#[b7]">lv_anim_path_linear</a> from lv_anim.o(i.lv_anim_path_linear) referenced from lv_style.o(i.lv_style_transition_dsc_init)
 <LI><a href="#[b7]">lv_anim_path_linear</a> from lv_anim.o(i.lv_anim_path_linear) referenced from lv_theme_default.o(i.style_init)
 <LI><a href="#[b6]">lv_anim_path_step</a> from lv_anim.o(i.lv_anim_path_step) referenced from lv_textarea.o(i.label_event_cb)
 <LI><a href="#[b6]">lv_anim_path_step</a> from lv_anim.o(i.lv_anim_path_step) referenced from lv_textarea.o(i.lv_textarea_add_char)
 <LI><a href="#[b6]">lv_anim_path_step</a> from lv_anim.o(i.lv_anim_path_step) referenced from lv_textarea.o(i.lv_textarea_add_text)
 <LI><a href="#[b6]">lv_anim_path_step</a> from lv_anim.o(i.lv_anim_path_step) referenced from lv_textarea.o(i.lv_textarea_constructor)
 <LI><a href="#[b6]">lv_anim_path_step</a> from lv_anim.o(i.lv_anim_path_step) referenced from lv_textarea.o(i.lv_textarea_event)
 <LI><a href="#[b6]">lv_anim_path_step</a> from lv_anim.o(i.lv_anim_path_step) referenced from lv_textarea.o(i.lv_textarea_set_cursor_pos)
 <LI><a href="#[b6]">lv_anim_path_step</a> from lv_anim.o(i.lv_anim_path_step) referenced from lv_textarea.o(i.lv_textarea_set_text)
 <LI><a href="#[12b]">lv_arc_constructor</a> from lv_arc.o(i.lv_arc_constructor) referenced from lv_arc.o(.constdata)
 <LI><a href="#[12c]">lv_arc_event</a> from lv_arc.o(i.lv_arc_event) referenced from lv_arc.o(.constdata)
 <LI><a href="#[ad]">lv_area_get_height</a> from lv_bar.o(i.lv_area_get_height) referenced from lv_bar.o(i.draw_indic)
 <LI><a href="#[b3]">lv_area_get_height</a> from lv_flex.o(i.lv_area_get_height) referenced from lv_flex.o(i.flex_update)
 <LI><a href="#[ac]">lv_area_get_width</a> from lv_bar.o(i.lv_area_get_width) referenced from lv_bar.o(i.draw_indic)
 <LI><a href="#[b2]">lv_area_get_width</a> from lv_flex.o(i.lv_area_get_width) referenced from lv_flex.o(i.flex_update)
 <LI><a href="#[b1]">lv_area_set_height</a> from lv_area.o(i.lv_area_set_height) referenced from lv_flex.o(i.flex_update)
 <LI><a href="#[b0]">lv_area_set_width</a> from lv_area.o(i.lv_area_set_width) referenced from lv_flex.o(i.flex_update)
 <LI><a href="#[b8]">lv_bar_anim</a> from lv_bar.o(i.lv_bar_anim) referenced from lv_bar.o(i.lv_bar_set_start_value)
 <LI><a href="#[b8]">lv_bar_anim</a> from lv_bar.o(i.lv_bar_anim) referenced from lv_bar.o(i.lv_bar_set_value)
 <LI><a href="#[b9]">lv_bar_anim_ready</a> from lv_bar.o(i.lv_bar_anim_ready) referenced from lv_bar.o(i.lv_bar_set_start_value)
 <LI><a href="#[b9]">lv_bar_anim_ready</a> from lv_bar.o(i.lv_bar_anim_ready) referenced from lv_bar.o(i.lv_bar_set_value)
 <LI><a href="#[12d]">lv_bar_constructor</a> from lv_bar.o(i.lv_bar_constructor) referenced from lv_bar.o(.constdata)
 <LI><a href="#[12e]">lv_bar_destructor</a> from lv_bar.o(i.lv_bar_destructor) referenced from lv_bar.o(.constdata)
 <LI><a href="#[12f]">lv_bar_event</a> from lv_bar.o(i.lv_bar_event) referenced from lv_bar.o(.constdata)
 <LI><a href="#[130]">lv_btn_constructor</a> from lv_btn.o(i.lv_btn_constructor) referenced from lv_btn.o(.constdata)
 <LI><a href="#[131]">lv_btnmatrix_constructor</a> from lv_btnmatrix.o(i.lv_btnmatrix_constructor) referenced from lv_btnmatrix.o(.constdata)
 <LI><a href="#[132]">lv_btnmatrix_destructor</a> from lv_btnmatrix.o(i.lv_btnmatrix_destructor) referenced from lv_btnmatrix.o(.constdata)
 <LI><a href="#[133]">lv_btnmatrix_event</a> from lv_btnmatrix.o(i.lv_btnmatrix_event) referenced from lv_btnmatrix.o(.constdata)
 <LI><a href="#[10a]">lv_calendar_constructor</a> from lv_calendar.o(i.lv_calendar_constructor) referenced from lv_calendar.o(.constdata)
 <LI><a href="#[10d]">lv_chart_constructor</a> from lv_chart.o(i.lv_chart_constructor) referenced from lv_chart.o(.constdata)
 <LI><a href="#[10e]">lv_chart_destructor</a> from lv_chart.o(i.lv_chart_destructor) referenced from lv_chart.o(.constdata)
 <LI><a href="#[10f]">lv_chart_event</a> from lv_chart.o(i.lv_chart_event) referenced from lv_chart.o(.constdata)
 <LI><a href="#[134]">lv_checkbox_constructor</a> from lv_checkbox.o(i.lv_checkbox_constructor) referenced from lv_checkbox.o(.constdata)
 <LI><a href="#[135]">lv_checkbox_destructor</a> from lv_checkbox.o(i.lv_checkbox_destructor) referenced from lv_checkbox.o(.constdata)
 <LI><a href="#[136]">lv_checkbox_event</a> from lv_checkbox.o(i.lv_checkbox_event) referenced from lv_checkbox.o(.constdata)
 <LI><a href="#[110]">lv_colorwheel_constructor</a> from lv_colorwheel.o(i.lv_colorwheel_constructor) referenced from lv_colorwheel.o(.constdata)
 <LI><a href="#[111]">lv_colorwheel_event</a> from lv_colorwheel.o(i.lv_colorwheel_event) referenced from lv_colorwheel.o(.constdata)
 <LI><a href="#[bd]">lv_draw_mask_angle</a> from lv_draw_mask.o(i.lv_draw_mask_angle) referenced from lv_draw_mask.o(i.lv_draw_mask_angle_init)
 <LI><a href="#[be]">lv_draw_mask_line</a> from lv_draw_mask.o(i.lv_draw_mask_line) referenced from lv_draw_mask.o(i.lv_draw_mask_line_points_init)
 <LI><a href="#[bf]">lv_draw_mask_radius</a> from lv_draw_mask.o(i.lv_draw_mask_radius) referenced from lv_draw_mask.o(i.lv_draw_mask_radius_init)
 <LI><a href="#[c0]">lv_draw_stm32_dma2d_blend</a> from lv_gpu_stm32_dma2d.o(i.lv_draw_stm32_dma2d_blend) referenced from lv_gpu_stm32_dma2d.o(i.lv_draw_stm32_dma2d_ctx_init)
 <LI><a href="#[bb]">lv_draw_stm32_dma2d_ctx_init</a> from lv_gpu_stm32_dma2d.o(i.lv_draw_stm32_dma2d_ctx_init) referenced from lv_hal_disp.o(i.lv_disp_drv_init)
 <LI><a href="#[c5]">lv_draw_sw_arc</a> from lv_draw_sw_arc.o(i.lv_draw_sw_arc) referenced from lv_draw_sw.o(i.lv_draw_sw_init_ctx)
 <LI><a href="#[c7]">lv_draw_sw_bg</a> from lv_draw_sw_rect.o(i.lv_draw_sw_bg) referenced from lv_draw_sw.o(i.lv_draw_sw_init_ctx)
 <LI><a href="#[cd]">lv_draw_sw_blend_basic</a> from lv_draw_sw_blend.o(i.lv_draw_sw_blend_basic) referenced from lv_draw_sw.o(i.lv_draw_sw_init_ctx)
 <LI><a href="#[c9]">lv_draw_sw_img_decoded</a> from lv_draw_sw_img.o(i.lv_draw_sw_img_decoded) referenced from lv_draw_sw.o(i.lv_draw_sw_init_ctx)
 <LI><a href="#[c8]">lv_draw_sw_letter</a> from lv_draw_sw_letter.o(i.lv_draw_sw_letter) referenced from lv_draw_sw.o(i.lv_draw_sw_init_ctx)
 <LI><a href="#[ca]">lv_draw_sw_line</a> from lv_draw_sw_line.o(i.lv_draw_sw_line) referenced from lv_draw_sw.o(i.lv_draw_sw_init_ctx)
 <LI><a href="#[cb]">lv_draw_sw_polygon</a> from lv_draw_sw_polygon.o(i.lv_draw_sw_polygon) referenced from lv_draw_sw.o(i.lv_draw_sw_init_ctx)
 <LI><a href="#[c6]">lv_draw_sw_rect</a> from lv_draw_sw_rect.o(i.lv_draw_sw_rect) referenced from lv_draw_sw.o(i.lv_draw_sw_init_ctx)
 <LI><a href="#[cc]">lv_draw_sw_wait_for_finish</a> from lv_draw_sw.o(i.lv_draw_sw_wait_for_finish) referenced from lv_draw_sw.o(i.lv_draw_sw_init_ctx)
 <LI><a href="#[137]">lv_dropdown_constructor</a> from lv_dropdown.o(i.lv_dropdown_constructor) referenced from lv_dropdown.o(.constdata)
 <LI><a href="#[138]">lv_dropdown_destructor</a> from lv_dropdown.o(i.lv_dropdown_destructor) referenced from lv_dropdown.o(.constdata)
 <LI><a href="#[139]">lv_dropdown_event</a> from lv_dropdown.o(i.lv_dropdown_event) referenced from lv_dropdown.o(.constdata)
 <LI><a href="#[13c]">lv_dropdown_list_event</a> from lv_dropdown.o(i.lv_dropdown_list_event) referenced from lv_dropdown.o(.constdata)
 <LI><a href="#[13a]">lv_dropdownlist_constructor</a> from lv_dropdown.o(i.lv_dropdownlist_constructor) referenced from lv_dropdown.o(.constdata)
 <LI><a href="#[13b]">lv_dropdownlist_destructor</a> from lv_dropdown.o(i.lv_dropdownlist_destructor) referenced from lv_dropdown.o(.constdata)
 <LI><a href="#[12a]">lv_font_get_bitmap_fmt_txt</a> from lv_font_fmt_txt.o(i.lv_font_get_bitmap_fmt_txt) referenced from lv_font_montserrat_14.o(.constdata)
 <LI><a href="#[129]">lv_font_get_glyph_dsc_fmt_txt</a> from lv_font_fmt_txt.o(i.lv_font_get_glyph_dsc_fmt_txt) referenced from lv_font_montserrat_14.o(.constdata)
 <LI><a href="#[c1]">lv_gpu_stm32_dma2d_wait_cb</a> from lv_gpu_stm32_dma2d.o(i.lv_gpu_stm32_dma2d_wait_cb) referenced from lv_gpu_stm32_dma2d.o(i.lv_draw_stm32_dma2d_ctx_init)
 <LI><a href="#[13d]">lv_img_constructor</a> from lv_img.o(i.lv_img_constructor) referenced from lv_img.o(.constdata)
 <LI><a href="#[a7]">lv_img_decoder_built_in_close</a> from lv_img_decoder.o(i.lv_img_decoder_built_in_close) referenced from lv_img_decoder.o(i._lv_img_decoder_init)
 <LI><a href="#[a4]">lv_img_decoder_built_in_info</a> from lv_img_decoder.o(i.lv_img_decoder_built_in_info) referenced from lv_img_decoder.o(i._lv_img_decoder_init)
 <LI><a href="#[a5]">lv_img_decoder_built_in_open</a> from lv_img_decoder.o(i.lv_img_decoder_built_in_open) referenced from lv_img_decoder.o(i._lv_img_decoder_init)
 <LI><a href="#[a6]">lv_img_decoder_built_in_read_line</a> from lv_img_decoder.o(i.lv_img_decoder_built_in_read_line) referenced from lv_img_decoder.o(i._lv_img_decoder_init)
 <LI><a href="#[13e]">lv_img_destructor</a> from lv_img.o(i.lv_img_destructor) referenced from lv_img.o(.constdata)
 <LI><a href="#[13f]">lv_img_event</a> from lv_img.o(i.lv_img_event) referenced from lv_img.o(.constdata)
 <LI><a href="#[112]">lv_imgbtn_constructor</a> from lv_imgbtn.o(i.lv_imgbtn_constructor) referenced from lv_imgbtn.o(.constdata)
 <LI><a href="#[113]">lv_imgbtn_event</a> from lv_imgbtn.o(i.lv_imgbtn_event) referenced from lv_imgbtn.o(.constdata)
 <LI><a href="#[114]">lv_keyboard_constructor</a> from lv_keyboard.o(i.lv_keyboard_constructor) referenced from lv_keyboard.o(.constdata)
 <LI><a href="#[d9]">lv_keyboard_def_event_cb</a> from lv_keyboard.o(i.lv_keyboard_def_event_cb) referenced from lv_keyboard.o(i.lv_keyboard_constructor)
 <LI><a href="#[140]">lv_label_constructor</a> from lv_label.o(i.lv_label_constructor) referenced from lv_label.o(.constdata)
 <LI><a href="#[141]">lv_label_destructor</a> from lv_label.o(i.lv_label_destructor) referenced from lv_label.o(.constdata)
 <LI><a href="#[142]">lv_label_event</a> from lv_label.o(i.lv_label_event) referenced from lv_label.o(.constdata)
 <LI><a href="#[115]">lv_led_constructor</a> from lv_led.o(i.lv_led_constructor) referenced from lv_led.o(.constdata)
 <LI><a href="#[116]">lv_led_event</a> from lv_led.o(i.lv_led_event) referenced from lv_led.o(.constdata)
 <LI><a href="#[143]">lv_line_constructor</a> from lv_line.o(i.lv_line_constructor) referenced from lv_line.o(.constdata)
 <LI><a href="#[144]">lv_line_event</a> from lv_line.o(i.lv_line_event) referenced from lv_line.o(.constdata)
 <LI><a href="#[dc]">lv_mem_walker</a> from lv_mem.o(i.lv_mem_walker) referenced from lv_mem.o(i.lv_mem_alloc)
 <LI><a href="#[dc]">lv_mem_walker</a> from lv_mem.o(i.lv_mem_walker) referenced from lv_mem.o(i.lv_mem_buf_get)
 <LI><a href="#[dc]">lv_mem_walker</a> from lv_mem.o(i.lv_mem_walker) referenced from lv_mem.o(i.lv_mem_monitor)
 <LI><a href="#[dc]">lv_mem_walker</a> from lv_mem.o(i.lv_mem_walker) referenced from lv_mem.o(i.lv_mem_realloc)
 <LI><a href="#[dd]">lv_menu_back_event_cb</a> from lv_menu.o(i.lv_menu_back_event_cb) referenced from lv_menu.o(i.lv_menu_constructor)
 <LI><a href="#[117]">lv_menu_constructor</a> from lv_menu.o(i.lv_menu_constructor) referenced from lv_menu.o(.constdata)
 <LI><a href="#[11b]">lv_menu_cont_constructor</a> from lv_menu.o(i.lv_menu_cont_constructor) referenced from lv_menu.o(.constdata)
 <LI><a href="#[118]">lv_menu_destructor</a> from lv_menu.o(i.lv_menu_destructor) referenced from lv_menu.o(.constdata)
 <LI><a href="#[119]">lv_menu_page_constructor</a> from lv_menu.o(i.lv_menu_page_constructor) referenced from lv_menu.o(.constdata)
 <LI><a href="#[11a]">lv_menu_page_destructor</a> from lv_menu.o(i.lv_menu_page_destructor) referenced from lv_menu.o(.constdata)
 <LI><a href="#[11c]">lv_menu_section_constructor</a> from lv_menu.o(i.lv_menu_section_constructor) referenced from lv_menu.o(.constdata)
 <LI><a href="#[de]">lv_menu_value_changed_event_cb</a> from lv_menu.o(i.lv_menu_value_changed_event_cb) referenced from lv_menu.o(i.lv_menu_constructor)
 <LI><a href="#[11d]">lv_meter_constructor</a> from lv_meter.o(i.lv_meter_constructor) referenced from lv_meter.o(.constdata)
 <LI><a href="#[11e]">lv_meter_destructor</a> from lv_meter.o(i.lv_meter_destructor) referenced from lv_meter.o(.constdata)
 <LI><a href="#[11f]">lv_meter_event</a> from lv_meter.o(i.lv_meter_event) referenced from lv_meter.o(.constdata)
 <LI><a href="#[107]">lv_obj_constructor</a> from lv_obj.o(i.lv_obj_constructor) referenced from lv_obj.o(.constdata)
 <LI><a href="#[108]">lv_obj_destructor</a> from lv_obj.o(i.lv_obj_destructor) referenced from lv_obj.o(.constdata)
 <LI><a href="#[109]">lv_obj_event</a> from lv_obj.o(i.lv_obj_event) referenced from lv_obj.o(.constdata)
 <LI><a href="#[af]">lv_obj_get_height</a> from lv_obj_pos.o(i.lv_obj_get_height) referenced from lv_flex.o(i.find_track_end)
 <LI><a href="#[ae]">lv_obj_get_width</a> from lv_obj_pos.o(i.lv_obj_get_width) referenced from lv_flex.o(i.find_track_end)
 <LI><a href="#[145]">lv_roller_constructor</a> from lv_roller.o(i.lv_roller_constructor) referenced from lv_roller.o(.constdata)
 <LI><a href="#[146]">lv_roller_event</a> from lv_roller.o(i.lv_roller_event) referenced from lv_roller.o(.constdata)
 <LI><a href="#[147]">lv_roller_label_event</a> from lv_roller.o(i.lv_roller_label_event) referenced from lv_roller.o(.constdata)
 <LI><a href="#[148]">lv_slider_constructor</a> from lv_slider.o(i.lv_slider_constructor) referenced from lv_slider.o(.constdata)
 <LI><a href="#[149]">lv_slider_event</a> from lv_slider.o(i.lv_slider_event) referenced from lv_slider.o(.constdata)
 <LI><a href="#[120]">lv_spinbox_constructor</a> from lv_spinbox.o(i.lv_spinbox_constructor) referenced from lv_spinbox.o(.constdata)
 <LI><a href="#[121]">lv_spinbox_event</a> from lv_spinbox.o(i.lv_spinbox_event) referenced from lv_spinbox.o(.constdata)
 <LI><a href="#[122]">lv_spinner_constructor</a> from lv_spinner.o(i.lv_spinner_constructor) referenced from lv_spinner.o(.constdata)
 <LI><a href="#[e9]">lv_switch_anim_exec_cb</a> from lv_switch.o(i.lv_switch_anim_exec_cb) referenced from lv_switch.o(i.lv_switch_event)
 <LI><a href="#[ea]">lv_switch_anim_ready</a> from lv_switch.o(i.lv_switch_anim_ready) referenced from lv_switch.o(i.lv_switch_event)
 <LI><a href="#[14a]">lv_switch_constructor</a> from lv_switch.o(i.lv_switch_constructor) referenced from lv_switch.o(.constdata)
 <LI><a href="#[14b]">lv_switch_destructor</a> from lv_switch.o(i.lv_switch_destructor) referenced from lv_switch.o(.constdata)
 <LI><a href="#[14c]">lv_switch_event</a> from lv_switch.o(i.lv_switch_event) referenced from lv_switch.o(.constdata)
 <LI><a href="#[14d]">lv_table_constructor</a> from lv_table.o(i.lv_table_constructor) referenced from lv_table.o(.constdata)
 <LI><a href="#[14e]">lv_table_destructor</a> from lv_table.o(i.lv_table_destructor) referenced from lv_table.o(.constdata)
 <LI><a href="#[14f]">lv_table_event</a> from lv_table.o(i.lv_table_event) referenced from lv_table.o(.constdata)
 <LI><a href="#[123]">lv_tabview_constructor</a> from lv_tabview.o(i.lv_tabview_constructor) referenced from lv_tabview.o(.constdata)
 <LI><a href="#[124]">lv_tabview_destructor</a> from lv_tabview.o(i.lv_tabview_destructor) referenced from lv_tabview.o(.constdata)
 <LI><a href="#[125]">lv_tabview_event</a> from lv_tabview.o(i.lv_tabview_event) referenced from lv_tabview.o(.constdata)
 <LI><a href="#[150]">lv_textarea_constructor</a> from lv_textarea.o(i.lv_textarea_constructor) referenced from lv_textarea.o(.constdata)
 <LI><a href="#[151]">lv_textarea_destructor</a> from lv_textarea.o(i.lv_textarea_destructor) referenced from lv_textarea.o(.constdata)
 <LI><a href="#[152]">lv_textarea_event</a> from lv_textarea.o(i.lv_textarea_event) referenced from lv_textarea.o(.constdata)
 <LI><a href="#[126]">lv_tileview_constructor</a> from lv_tileview.o(i.lv_tileview_constructor) referenced from lv_tileview.o(.constdata)
 <LI><a href="#[127]">lv_tileview_tile_constructor</a> from lv_tileview.o(i.lv_tileview_tile_constructor) referenced from lv_tileview.o(.constdata)
 <LI><a href="#[6]">lv_txt_unicode_to_utf8</a> from lv_txt.o(i.lv_txt_unicode_to_utf8) referenced 2 times from lv_txt.o(.data)
 <LI><a href="#[5]">lv_txt_utf8_get_byte_id</a> from lv_txt.o(i.lv_txt_utf8_get_byte_id) referenced 2 times from lv_txt.o(.data)
 <LI><a href="#[8]">lv_txt_utf8_get_char_id</a> from lv_txt.o(i.lv_txt_utf8_get_char_id) referenced 2 times from lv_txt.o(.data)
 <LI><a href="#[9]">lv_txt_utf8_get_length</a> from lv_txt.o(i.lv_txt_utf8_get_length) referenced 2 times from lv_txt.o(.data)
 <LI><a href="#[4]">lv_txt_utf8_next</a> from lv_txt.o(i.lv_txt_utf8_next) referenced 2 times from lv_txt.o(.data)
 <LI><a href="#[7]">lv_txt_utf8_prev</a> from lv_txt.o(i.lv_txt_utf8_prev) referenced 2 times from lv_txt.o(.data)
 <LI><a href="#[3]">lv_txt_utf8_size</a> from lv_txt.o(i.lv_txt_utf8_size) referenced 2 times from lv_txt.o(.data)
 <LI><a href="#[128]">lv_win_constructor</a> from lv_win.o(i.lv_win_constructor) referenced from lv_win.o(.constdata)
 <LI><a href="#[102]">lvgl</a> from lvgl_task.o(i.lvgl) referenced from main.o(i.start_task)
 <LI><a href="#[9d]">main</a> from main.o(i.main) referenced from entry9a.o(.ARM.Collect$$$$0000000B)
 <LI><a href="#[f4]">month_event_cb</a> from lv_calendar_header_arrow.o(i.month_event_cb) referenced 2 times from lv_calendar_header_arrow.o(i.my_constructor)
 <LI><a href="#[10b]">my_constructor</a> from lv_calendar_header_arrow.o(i.my_constructor) referenced 2 times from lv_calendar_header_arrow.o(.constdata)
 <LI><a href="#[105]">prvIdleTask</a> from tasks.o(i.prvIdleTask) referenced from tasks.o(i.vTaskStartScheduler)
 <LI><a href="#[fd]">prvTaskExitError</a> from port.o(i.prvTaskExitError) referenced from port.o(i.pxPortInitialiseStack)
 <LI><a href="#[106]">prvTimerTask</a> from timers.o(i.prvTimerTask) referenced from timers.o(i.xTimerCreateTimerTask)
 <LI><a href="#[ed]">pwd_char_hider_anim</a> from lv_textarea.o(i.pwd_char_hider_anim) referenced from lv_textarea.o(i.lv_textarea_add_char)
 <LI><a href="#[ed]">pwd_char_hider_anim</a> from lv_textarea.o(i.pwd_char_hider_anim) referenced from lv_textarea.o(i.lv_textarea_add_text)
 <LI><a href="#[ed]">pwd_char_hider_anim</a> from lv_textarea.o(i.pwd_char_hider_anim) referenced from lv_textarea.o(i.lv_textarea_set_text)
 <LI><a href="#[ee]">pwd_char_hider_anim_ready</a> from lv_textarea.o(i.pwd_char_hider_anim_ready) referenced from lv_textarea.o(i.lv_textarea_add_char)
 <LI><a href="#[ee]">pwd_char_hider_anim_ready</a> from lv_textarea.o(i.pwd_char_hider_anim_ready) referenced from lv_textarea.o(i.lv_textarea_add_text)
 <LI><a href="#[ee]">pwd_char_hider_anim_ready</a> from lv_textarea.o(i.pwd_char_hider_anim_ready) referenced from lv_textarea.o(i.lv_textarea_set_text)
 <LI><a href="#[e1]">scroll_anim_ready_cb</a> from lv_obj_scroll.o(i.scroll_anim_ready_cb) referenced from lv_obj_scroll.o(i.lv_obj_scroll_by)
 <LI><a href="#[fe]">scroll_anim_ready_cb</a> from lv_roller.o(i.scroll_anim_ready_cb) referenced from lv_roller.o(i.refr_position)
 <LI><a href="#[df]">scroll_x_anim</a> from lv_obj_scroll.o(i.scroll_x_anim) referenced from lv_obj_scroll.o(i.lv_obj_get_scroll_end)
 <LI><a href="#[df]">scroll_x_anim</a> from lv_obj_scroll.o(i.scroll_x_anim) referenced from lv_obj_scroll.o(i.lv_obj_scroll_by)
 <LI><a href="#[df]">scroll_x_anim</a> from lv_obj_scroll.o(i.scroll_x_anim) referenced from lv_obj_scroll.o(i.lv_obj_scroll_to)
 <LI><a href="#[df]">scroll_x_anim</a> from lv_obj_scroll.o(i.scroll_x_anim) referenced from lv_obj_scroll.o(i.lv_obj_scroll_to_x)
 <LI><a href="#[df]">scroll_x_anim</a> from lv_obj_scroll.o(i.scroll_x_anim) referenced from lv_obj_scroll.o(i.scroll_area_into_view)
 <LI><a href="#[e0]">scroll_y_anim</a> from lv_obj_scroll.o(i.scroll_y_anim) referenced from lv_obj_scroll.o(i.lv_obj_get_scroll_end)
 <LI><a href="#[e0]">scroll_y_anim</a> from lv_obj_scroll.o(i.scroll_y_anim) referenced from lv_obj_scroll.o(i.lv_obj_scroll_by)
 <LI><a href="#[e0]">scroll_y_anim</a> from lv_obj_scroll.o(i.scroll_y_anim) referenced from lv_obj_scroll.o(i.lv_obj_scroll_to)
 <LI><a href="#[e0]">scroll_y_anim</a> from lv_obj_scroll.o(i.scroll_y_anim) referenced from lv_obj_scroll.o(i.lv_obj_scroll_to_y)
 <LI><a href="#[e0]">scroll_y_anim</a> from lv_obj_scroll.o(i.scroll_y_anim) referenced from lv_obj_scroll.o(i.scroll_area_into_view)
 <LI><a href="#[da]">set_ofs_x_anim</a> from lv_label.o(i.set_ofs_x_anim) referenced from lv_label.o(i.lv_label_constructor)
 <LI><a href="#[da]">set_ofs_x_anim</a> from lv_label.o(i.set_ofs_x_anim) referenced from lv_label.o(i.lv_label_refr_text)
 <LI><a href="#[da]">set_ofs_x_anim</a> from lv_label.o(i.set_ofs_x_anim) referenced from lv_label.o(i.lv_label_set_long_mode)
 <LI><a href="#[db]">set_ofs_y_anim</a> from lv_label.o(i.set_ofs_y_anim) referenced from lv_label.o(i.lv_label_constructor)
 <LI><a href="#[db]">set_ofs_y_anim</a> from lv_label.o(i.set_ofs_y_anim) referenced from lv_label.o(i.lv_label_refr_text)
 <LI><a href="#[db]">set_ofs_y_anim</a> from lv_label.o(i.set_ofs_y_anim) referenced from lv_label.o(i.lv_label_set_long_mode)
 <LI><a href="#[e4]">set_y_anim</a> from lv_roller.o(i.set_y_anim) referenced from lv_roller.o(i.lv_roller_event)
 <LI><a href="#[e4]">set_y_anim</a> from lv_roller.o(i.set_y_anim) referenced from lv_roller.o(i.refr_position)
 <LI><a href="#[f3]">start_task</a> from main.o(i.start_task) referenced from main.o(i.main)
 <LI><a href="#[f0]">theme_apply</a> from lv_theme_default.o(i.theme_apply) referenced from lv_theme_default.o(i.lv_theme_default_init)
 <LI><a href="#[f1]">tileview_event_cb</a> from lv_tileview.o(i.tileview_event_cb) referenced from lv_tileview.o(i.lv_tileview_constructor)
 <LI><a href="#[a8]">trans_anim_cb</a> from lv_obj_style.o(i.trans_anim_cb) referenced from lv_obj_style.o(i._lv_obj_style_create_transition)
 <LI><a href="#[aa]">trans_anim_ready_cb</a> from lv_obj_style.o(i.trans_anim_ready_cb) referenced from lv_obj_style.o(i._lv_obj_style_create_transition)
 <LI><a href="#[a9]">trans_anim_start_cb</a> from lv_obj_style.o(i.trans_anim_start_cb) referenced from lv_obj_style.o(i._lv_obj_style_create_transition)
 <LI><a href="#[b4]">unicode_list_compare</a> from lv_font_fmt_txt.o(i.unicode_list_compare) referenced from lv_font_fmt_txt.o(i.get_glyph_dsc_id)
 <LI><a href="#[f5]">value_changed_event_cb</a> from lv_calendar_header_arrow.o(i.value_changed_event_cb) referenced 2 times from lv_calendar_header_arrow.o(i.my_constructor)
 <LI><a href="#[f6]">year_event_cb</a> from lv_calendar_header_dropdown.o(i.year_event_cb) referenced from lv_calendar_header_dropdown.o(i.my_constructor)
</UL>
<P>
<H3>
Global Symbols
</H3>
<P><STRONG><a name="[9f]"></a>__main</STRONG> (Thumb, 0 bytes, Stack size unknown bytes, entry.o(.ARM.Collect$$$$00000000))
<BR>[Address Reference Count : 1]<UL><LI> startup_stm32h723xx.o(.text)
</UL>
<P><STRONG><a name="[482]"></a>_main_stk</STRONG> (Thumb, 0 bytes, Stack size unknown bytes, entry2.o(.ARM.Collect$$$$00000001))

<P><STRONG><a name="[158]"></a>_main_scatterload</STRONG> (Thumb, 0 bytes, Stack size unknown bytes, entry5.o(.ARM.Collect$$$$00000004))
<BR><BR>[Calls]<UL><LI><a href="#[159]">&gt;&gt;</a>&nbsp;&nbsp;&nbsp;__scatterload
</UL>

<P><STRONG><a name="[16a]"></a>__main_after_scatterload</STRONG> (Thumb, 0 bytes, Stack size unknown bytes, entry5.o(.ARM.Collect$$$$00000004))
<BR><BR>[Called By]<UL><LI><a href="#[159]">&gt;&gt;</a>&nbsp;&nbsp;&nbsp;__scatterload
</UL>

<P><STRONG><a name="[483]"></a>_main_clock</STRONG> (Thumb, 0 bytes, Stack size unknown bytes, entry7b.o(.ARM.Collect$$$$00000008))

<P><STRONG><a name="[484]"></a>_main_cpp_init</STRONG> (Thumb, 0 bytes, Stack size unknown bytes, entry8b.o(.ARM.Collect$$$$0000000A))

<P><STRONG><a name="[485]"></a>_main_init</STRONG> (Thumb, 0 bytes, Stack size unknown bytes, entry9a.o(.ARM.Collect$$$$0000000B))

<P><STRONG><a name="[486]"></a>__rt_final_cpp</STRONG> (Thumb, 0 bytes, Stack size unknown bytes, entry10a.o(.ARM.Collect$$$$0000000D))

<P><STRONG><a name="[487]"></a>__rt_final_exit</STRONG> (Thumb, 0 bytes, Stack size unknown bytes, entry11a.o(.ARM.Collect$$$$0000000F))

<P><STRONG><a name="[10]"></a>SVC_Handler</STRONG> (Thumb, 28 bytes, Stack size 0 bytes, port.o(.emb_text))
<BR>[Address Reference Count : 1]<UL><LI> startup_stm32h723xx.o(RESET)
</UL>
<P><STRONG><a name="[479]"></a>__asm___6_port_c_39a90d8d__prvStartFirstTask</STRONG> (Thumb, 36 bytes, Stack size 0 bytes, port.o(.emb_text))
<BR><BR>[Called By]<UL><LI><a href="#[476]">&gt;&gt;</a>&nbsp;&nbsp;&nbsp;xPortStartScheduler
</UL>

<P><STRONG><a name="[478]"></a>__asm___6_port_c_39a90d8d__prvEnableVFP</STRONG> (Thumb, 16 bytes, Stack size 0 bytes, port.o(.emb_text))
<BR><BR>[Called By]<UL><LI><a href="#[476]">&gt;&gt;</a>&nbsp;&nbsp;&nbsp;xPortStartScheduler
</UL>

<P><STRONG><a name="[12]"></a>PendSV_Handler</STRONG> (Thumb, 92 bytes, Stack size 0 bytes, port.o(.emb_text))
<BR><BR>[Calls]<UL><LI><a href="#[15a]">&gt;&gt;</a>&nbsp;&nbsp;&nbsp;vTaskSwitchContext
</UL>
<BR>[Address Reference Count : 1]<UL><LI> startup_stm32h723xx.o(RESET)
</UL>
<P><STRONG><a name="[488]"></a>vPortGetIPSR</STRONG> (Thumb, 6 bytes, Stack size 0 bytes, port.o(.emb_text), UNUSED)

<P><STRONG><a name="[a]"></a>Reset_Handler</STRONG> (Thumb, 8 bytes, Stack size 0 bytes, startup_stm32h723xx.o(.text))
<BR>[Address Reference Count : 1]<UL><LI> startup_stm32h723xx.o(RESET)
</UL>
<P><STRONG><a name="[7d]"></a>ADC3_IRQHandler</STRONG> (Thumb, 0 bytes, Stack size 0 bytes, startup_stm32h723xx.o(.text))
<BR><BR>[Calls]<UL><LI><a href="#[7d]">&gt;&gt;</a>&nbsp;&nbsp;&nbsp;ADC3_IRQHandler
</UL>
<BR>[Called By]<UL><LI><a href="#[7d]">&gt;&gt;</a>&nbsp;&nbsp;&nbsp;ADC3_IRQHandler
</UL>
<BR>[Address Reference Count : 1]<UL><LI> startup_stm32h723xx.o(RESET)
</UL>
<P><STRONG><a name="[26]"></a>ADC_IRQHandler</STRONG> (Thumb, 0 bytes, Stack size 0 bytes, startup_stm32h723xx.o(.text))
<BR>[Address Reference Count : 1]<UL><LI> startup_stm32h723xx.o(RESET)
</UL>
<P><STRONG><a name="[7f]"></a>BDMA_Channel0_IRQHandler</STRONG> (Thumb, 0 bytes, Stack size 0 bytes, startup_stm32h723xx.o(.text))
<BR>[Address Reference Count : 1]<UL><LI> startup_stm32h723xx.o(RESET)
</UL>
<P><STRONG><a name="[80]"></a>BDMA_Channel1_IRQHandler</STRONG> (Thumb, 0 bytes, Stack size 0 bytes, startup_stm32h723xx.o(.text))
<BR>[Address Reference Count : 1]<UL><LI> startup_stm32h723xx.o(RESET)
</UL>
<P><STRONG><a name="[81]"></a>BDMA_Channel2_IRQHandler</STRONG> (Thumb, 0 bytes, Stack size 0 bytes, startup_stm32h723xx.o(.text))
<BR>[Address Reference Count : 1]<UL><LI> startup_stm32h723xx.o(RESET)
</UL>
<P><STRONG><a name="[82]"></a>BDMA_Channel3_IRQHandler</STRONG> (Thumb, 0 bytes, Stack size 0 bytes, startup_stm32h723xx.o(.text))
<BR>[Address Reference Count : 1]<UL><LI> startup_stm32h723xx.o(RESET)
</UL>
<P><STRONG><a name="[83]"></a>BDMA_Channel4_IRQHandler</STRONG> (Thumb, 0 bytes, Stack size 0 bytes, startup_stm32h723xx.o(.text))
<BR>[Address Reference Count : 1]<UL><LI> startup_stm32h723xx.o(RESET)
</UL>
<P><STRONG><a name="[84]"></a>BDMA_Channel5_IRQHandler</STRONG> (Thumb, 0 bytes, Stack size 0 bytes, startup_stm32h723xx.o(.text))
<BR>[Address Reference Count : 1]<UL><LI> startup_stm32h723xx.o(RESET)
</UL>
<P><STRONG><a name="[85]"></a>BDMA_Channel6_IRQHandler</STRONG> (Thumb, 0 bytes, Stack size 0 bytes, startup_stm32h723xx.o(.text))
<BR>[Address Reference Count : 1]<UL><LI> startup_stm32h723xx.o(RESET)
</UL>
<P><STRONG><a name="[86]"></a>BDMA_Channel7_IRQHandler</STRONG> (Thumb, 0 bytes, Stack size 0 bytes, startup_stm32h723xx.o(.text))
<BR>[Address Reference Count : 1]<UL><LI> startup_stm32h723xx.o(RESET)
</UL>
<P><STRONG><a name="[6b]"></a>CEC_IRQHandler</STRONG> (Thumb, 0 bytes, Stack size 0 bytes, startup_stm32h723xx.o(.text))
<BR>[Address Reference Count : 1]<UL><LI> startup_stm32h723xx.o(RESET)
</UL>
<P><STRONG><a name="[87]"></a>COMP1_IRQHandler</STRONG> (Thumb, 0 bytes, Stack size 0 bytes, startup_stm32h723xx.o(.text))
<BR>[Address Reference Count : 1]<UL><LI> startup_stm32h723xx.o(RESET)
</UL>
<P><STRONG><a name="[94]"></a>CORDIC_IRQHandler</STRONG> (Thumb, 0 bytes, Stack size 0 bytes, startup_stm32h723xx.o(.text))
<BR>[Address Reference Count : 1]<UL><LI> startup_stm32h723xx.o(RESET)
</UL>
<P><STRONG><a name="[8d]"></a>CRS_IRQHandler</STRONG> (Thumb, 0 bytes, Stack size 0 bytes, startup_stm32h723xx.o(.text))
<BR>[Address Reference Count : 1]<UL><LI> startup_stm32h723xx.o(RESET)
</UL>
<P><STRONG><a name="[5d]"></a>DCMI_PSSI_IRQHandler</STRONG> (Thumb, 0 bytes, Stack size 0 bytes, startup_stm32h723xx.o(.text))
<BR>[Address Reference Count : 1]<UL><LI> startup_stm32h723xx.o(RESET)
</UL>
<P><STRONG><a name="[70]"></a>DFSDM1_FLT0_IRQHandler</STRONG> (Thumb, 0 bytes, Stack size 0 bytes, startup_stm32h723xx.o(.text))
<BR>[Address Reference Count : 1]<UL><LI> startup_stm32h723xx.o(RESET)
</UL>
<P><STRONG><a name="[71]"></a>DFSDM1_FLT1_IRQHandler</STRONG> (Thumb, 0 bytes, Stack size 0 bytes, startup_stm32h723xx.o(.text))
<BR>[Address Reference Count : 1]<UL><LI> startup_stm32h723xx.o(RESET)
</UL>
<P><STRONG><a name="[72]"></a>DFSDM1_FLT2_IRQHandler</STRONG> (Thumb, 0 bytes, Stack size 0 bytes, startup_stm32h723xx.o(.text))
<BR>[Address Reference Count : 1]<UL><LI> startup_stm32h723xx.o(RESET)
</UL>
<P><STRONG><a name="[73]"></a>DFSDM1_FLT3_IRQHandler</STRONG> (Thumb, 0 bytes, Stack size 0 bytes, startup_stm32h723xx.o(.text))
<BR>[Address Reference Count : 1]<UL><LI> startup_stm32h723xx.o(RESET)
</UL>
<P><STRONG><a name="[20]"></a>DMA1_Stream1_IRQHandler</STRONG> (Thumb, 0 bytes, Stack size 0 bytes, startup_stm32h723xx.o(.text))
<BR>[Address Reference Count : 1]<UL><LI> startup_stm32h723xx.o(RESET)
</UL>
<P><STRONG><a name="[21]"></a>DMA1_Stream2_IRQHandler</STRONG> (Thumb, 0 bytes, Stack size 0 bytes, startup_stm32h723xx.o(.text))
<BR>[Address Reference Count : 1]<UL><LI> startup_stm32h723xx.o(RESET)
</UL>
<P><STRONG><a name="[22]"></a>DMA1_Stream3_IRQHandler</STRONG> (Thumb, 0 bytes, Stack size 0 bytes, startup_stm32h723xx.o(.text))
<BR>[Address Reference Count : 1]<UL><LI> startup_stm32h723xx.o(RESET)
</UL>
<P><STRONG><a name="[23]"></a>DMA1_Stream4_IRQHandler</STRONG> (Thumb, 0 bytes, Stack size 0 bytes, startup_stm32h723xx.o(.text))
<BR>[Address Reference Count : 1]<UL><LI> startup_stm32h723xx.o(RESET)
</UL>
<P><STRONG><a name="[24]"></a>DMA1_Stream5_IRQHandler</STRONG> (Thumb, 0 bytes, Stack size 0 bytes, startup_stm32h723xx.o(.text))
<BR>[Address Reference Count : 1]<UL><LI> startup_stm32h723xx.o(RESET)
</UL>
<P><STRONG><a name="[25]"></a>DMA1_Stream6_IRQHandler</STRONG> (Thumb, 0 bytes, Stack size 0 bytes, startup_stm32h723xx.o(.text))
<BR>[Address Reference Count : 1]<UL><LI> startup_stm32h723xx.o(RESET)
</UL>
<P><STRONG><a name="[42]"></a>DMA1_Stream7_IRQHandler</STRONG> (Thumb, 0 bytes, Stack size 0 bytes, startup_stm32h723xx.o(.text))
<BR>[Address Reference Count : 1]<UL><LI> startup_stm32h723xx.o(RESET)
</UL>
<P><STRONG><a name="[4b]"></a>DMA2_Stream0_IRQHandler</STRONG> (Thumb, 0 bytes, Stack size 0 bytes, startup_stm32h723xx.o(.text))
<BR>[Address Reference Count : 1]<UL><LI> startup_stm32h723xx.o(RESET)
</UL>
<P><STRONG><a name="[4c]"></a>DMA2_Stream1_IRQHandler</STRONG> (Thumb, 0 bytes, Stack size 0 bytes, startup_stm32h723xx.o(.text))
<BR>[Address Reference Count : 1]<UL><LI> startup_stm32h723xx.o(RESET)
</UL>
<P><STRONG><a name="[4d]"></a>DMA2_Stream2_IRQHandler</STRONG> (Thumb, 0 bytes, Stack size 0 bytes, startup_stm32h723xx.o(.text))
<BR>[Address Reference Count : 1]<UL><LI> startup_stm32h723xx.o(RESET)
</UL>
<P><STRONG><a name="[4e]"></a>DMA2_Stream3_IRQHandler</STRONG> (Thumb, 0 bytes, Stack size 0 bytes, startup_stm32h723xx.o(.text))
<BR>[Address Reference Count : 1]<UL><LI> startup_stm32h723xx.o(RESET)
</UL>
<P><STRONG><a name="[4f]"></a>DMA2_Stream4_IRQHandler</STRONG> (Thumb, 0 bytes, Stack size 0 bytes, startup_stm32h723xx.o(.text))
<BR>[Address Reference Count : 1]<UL><LI> startup_stm32h723xx.o(RESET)
</UL>
<P><STRONG><a name="[53]"></a>DMA2_Stream5_IRQHandler</STRONG> (Thumb, 0 bytes, Stack size 0 bytes, startup_stm32h723xx.o(.text))
<BR>[Address Reference Count : 1]<UL><LI> startup_stm32h723xx.o(RESET)
</UL>
<P><STRONG><a name="[54]"></a>DMA2_Stream6_IRQHandler</STRONG> (Thumb, 0 bytes, Stack size 0 bytes, startup_stm32h723xx.o(.text))
<BR>[Address Reference Count : 1]<UL><LI> startup_stm32h723xx.o(RESET)
</UL>
<P><STRONG><a name="[55]"></a>DMA2_Stream7_IRQHandler</STRONG> (Thumb, 0 bytes, Stack size 0 bytes, startup_stm32h723xx.o(.text))
<BR>[Address Reference Count : 1]<UL><LI> startup_stm32h723xx.o(RESET)
</UL>
<P><STRONG><a name="[6f]"></a>DMAMUX1_OVR_IRQHandler</STRONG> (Thumb, 0 bytes, Stack size 0 bytes, startup_stm32h723xx.o(.text))
<BR>[Address Reference Count : 1]<UL><LI> startup_stm32h723xx.o(RESET)
</UL>
<P><STRONG><a name="[7e]"></a>DMAMUX2_OVR_IRQHandler</STRONG> (Thumb, 0 bytes, Stack size 0 bytes, startup_stm32h723xx.o(.text))
<BR>[Address Reference Count : 1]<UL><LI> startup_stm32h723xx.o(RESET)
</UL>
<P><STRONG><a name="[90]"></a>DTS_IRQHandler</STRONG> (Thumb, 0 bytes, Stack size 0 bytes, startup_stm32h723xx.o(.text))
<BR>[Address Reference Count : 1]<UL><LI> startup_stm32h723xx.o(RESET)
</UL>
<P><STRONG><a name="[8e]"></a>ECC_IRQHandler</STRONG> (Thumb, 0 bytes, Stack size 0 bytes, startup_stm32h723xx.o(.text))
<BR>[Address Reference Count : 1]<UL><LI> startup_stm32h723xx.o(RESET)
</UL>
<P><STRONG><a name="[50]"></a>ETH_IRQHandler</STRONG> (Thumb, 0 bytes, Stack size 0 bytes, startup_stm32h723xx.o(.text))
<BR>[Address Reference Count : 1]<UL><LI> startup_stm32h723xx.o(RESET)
</UL>
<P><STRONG><a name="[51]"></a>ETH_WKUP_IRQHandler</STRONG> (Thumb, 0 bytes, Stack size 0 bytes, startup_stm32h723xx.o(.text))
<BR>[Address Reference Count : 1]<UL><LI> startup_stm32h723xx.o(RESET)
</UL>
<P><STRONG><a name="[1a]"></a>EXTI0_IRQHandler</STRONG> (Thumb, 0 bytes, Stack size 0 bytes, startup_stm32h723xx.o(.text))
<BR>[Address Reference Count : 1]<UL><LI> startup_stm32h723xx.o(RESET)
</UL>
<P><STRONG><a name="[3c]"></a>EXTI15_10_IRQHandler</STRONG> (Thumb, 0 bytes, Stack size 0 bytes, startup_stm32h723xx.o(.text))
<BR>[Address Reference Count : 1]<UL><LI> startup_stm32h723xx.o(RESET)
</UL>
<P><STRONG><a name="[1b]"></a>EXTI1_IRQHandler</STRONG> (Thumb, 0 bytes, Stack size 0 bytes, startup_stm32h723xx.o(.text))
<BR>[Address Reference Count : 1]<UL><LI> startup_stm32h723xx.o(RESET)
</UL>
<P><STRONG><a name="[1c]"></a>EXTI2_IRQHandler</STRONG> (Thumb, 0 bytes, Stack size 0 bytes, startup_stm32h723xx.o(.text))
<BR>[Address Reference Count : 1]<UL><LI> startup_stm32h723xx.o(RESET)
</UL>
<P><STRONG><a name="[1d]"></a>EXTI3_IRQHandler</STRONG> (Thumb, 0 bytes, Stack size 0 bytes, startup_stm32h723xx.o(.text))
<BR>[Address Reference Count : 1]<UL><LI> startup_stm32h723xx.o(RESET)
</UL>
<P><STRONG><a name="[1e]"></a>EXTI4_IRQHandler</STRONG> (Thumb, 0 bytes, Stack size 0 bytes, startup_stm32h723xx.o(.text))
<BR>[Address Reference Count : 1]<UL><LI> startup_stm32h723xx.o(RESET)
</UL>
<P><STRONG><a name="[2b]"></a>EXTI9_5_IRQHandler</STRONG> (Thumb, 0 bytes, Stack size 0 bytes, startup_stm32h723xx.o(.text))
<BR>[Address Reference Count : 1]<UL><LI> startup_stm32h723xx.o(RESET)
</UL>
<P><STRONG><a name="[27]"></a>FDCAN1_IT0_IRQHandler</STRONG> (Thumb, 0 bytes, Stack size 0 bytes, startup_stm32h723xx.o(.text))
<BR>[Address Reference Count : 1]<UL><LI> startup_stm32h723xx.o(RESET)
</UL>
<P><STRONG><a name="[29]"></a>FDCAN1_IT1_IRQHandler</STRONG> (Thumb, 0 bytes, Stack size 0 bytes, startup_stm32h723xx.o(.text))
<BR>[Address Reference Count : 1]<UL><LI> startup_stm32h723xx.o(RESET)
</UL>
<P><STRONG><a name="[28]"></a>FDCAN2_IT0_IRQHandler</STRONG> (Thumb, 0 bytes, Stack size 0 bytes, startup_stm32h723xx.o(.text))
<BR>[Address Reference Count : 1]<UL><LI> startup_stm32h723xx.o(RESET)
</UL>
<P><STRONG><a name="[2a]"></a>FDCAN2_IT1_IRQHandler</STRONG> (Thumb, 0 bytes, Stack size 0 bytes, startup_stm32h723xx.o(.text))
<BR>[Address Reference Count : 1]<UL><LI> startup_stm32h723xx.o(RESET)
</UL>
<P><STRONG><a name="[99]"></a>FDCAN3_IT0_IRQHandler</STRONG> (Thumb, 0 bytes, Stack size 0 bytes, startup_stm32h723xx.o(.text))
<BR>[Address Reference Count : 1]<UL><LI> startup_stm32h723xx.o(RESET)
</UL>
<P><STRONG><a name="[9a]"></a>FDCAN3_IT1_IRQHandler</STRONG> (Thumb, 0 bytes, Stack size 0 bytes, startup_stm32h723xx.o(.text))
<BR>[Address Reference Count : 1]<UL><LI> startup_stm32h723xx.o(RESET)
</UL>
<P><STRONG><a name="[52]"></a>FDCAN_CAL_IRQHandler</STRONG> (Thumb, 0 bytes, Stack size 0 bytes, startup_stm32h723xx.o(.text))
<BR>[Address Reference Count : 1]<UL><LI> startup_stm32h723xx.o(RESET)
</UL>
<P><STRONG><a name="[18]"></a>FLASH_IRQHandler</STRONG> (Thumb, 0 bytes, Stack size 0 bytes, startup_stm32h723xx.o(.text))
<BR>[Address Reference Count : 1]<UL><LI> startup_stm32h723xx.o(RESET)
</UL>
<P><STRONG><a name="[93]"></a>FMAC_IRQHandler</STRONG> (Thumb, 0 bytes, Stack size 0 bytes, startup_stm32h723xx.o(.text))
<BR>[Address Reference Count : 1]<UL><LI> startup_stm32h723xx.o(RESET)
</UL>
<P><STRONG><a name="[43]"></a>FMC_IRQHandler</STRONG> (Thumb, 0 bytes, Stack size 0 bytes, startup_stm32h723xx.o(.text))
<BR>[Address Reference Count : 1]<UL><LI> startup_stm32h723xx.o(RESET)
</UL>
<P><STRONG><a name="[5f]"></a>FPU_IRQHandler</STRONG> (Thumb, 0 bytes, Stack size 0 bytes, startup_stm32h723xx.o(.text))
<BR>[Address Reference Count : 1]<UL><LI> startup_stm32h723xx.o(RESET)
</UL>
<P><STRONG><a name="[7c]"></a>HSEM1_IRQHandler</STRONG> (Thumb, 0 bytes, Stack size 0 bytes, startup_stm32h723xx.o(.text))
<BR>[Address Reference Count : 1]<UL><LI> startup_stm32h723xx.o(RESET)
</UL>
<P><STRONG><a name="[34]"></a>I2C1_ER_IRQHandler</STRONG> (Thumb, 0 bytes, Stack size 0 bytes, startup_stm32h723xx.o(.text))
<BR>[Address Reference Count : 1]<UL><LI> startup_stm32h723xx.o(RESET)
</UL>
<P><STRONG><a name="[33]"></a>I2C1_EV_IRQHandler</STRONG> (Thumb, 0 bytes, Stack size 0 bytes, startup_stm32h723xx.o(.text))
<BR>[Address Reference Count : 1]<UL><LI> startup_stm32h723xx.o(RESET)
</UL>
<P><STRONG><a name="[36]"></a>I2C2_ER_IRQHandler</STRONG> (Thumb, 0 bytes, Stack size 0 bytes, startup_stm32h723xx.o(.text))
<BR>[Address Reference Count : 1]<UL><LI> startup_stm32h723xx.o(RESET)
</UL>
<P><STRONG><a name="[35]"></a>I2C2_EV_IRQHandler</STRONG> (Thumb, 0 bytes, Stack size 0 bytes, startup_stm32h723xx.o(.text))
<BR>[Address Reference Count : 1]<UL><LI> startup_stm32h723xx.o(RESET)
</UL>
<P><STRONG><a name="[58]"></a>I2C3_ER_IRQHandler</STRONG> (Thumb, 0 bytes, Stack size 0 bytes, startup_stm32h723xx.o(.text))
<BR>[Address Reference Count : 1]<UL><LI> startup_stm32h723xx.o(RESET)
</UL>
<P><STRONG><a name="[57]"></a>I2C3_EV_IRQHandler</STRONG> (Thumb, 0 bytes, Stack size 0 bytes, startup_stm32h723xx.o(.text))
<BR>[Address Reference Count : 1]<UL><LI> startup_stm32h723xx.o(RESET)
</UL>
<P><STRONG><a name="[6d]"></a>I2C4_ER_IRQHandler</STRONG> (Thumb, 0 bytes, Stack size 0 bytes, startup_stm32h723xx.o(.text))
<BR>[Address Reference Count : 1]<UL><LI> startup_stm32h723xx.o(RESET)
</UL>
<P><STRONG><a name="[6c]"></a>I2C4_EV_IRQHandler</STRONG> (Thumb, 0 bytes, Stack size 0 bytes, startup_stm32h723xx.o(.text))
<BR>[Address Reference Count : 1]<UL><LI> startup_stm32h723xx.o(RESET)
</UL>
<P><STRONG><a name="[98]"></a>I2C5_ER_IRQHandler</STRONG> (Thumb, 0 bytes, Stack size 0 bytes, startup_stm32h723xx.o(.text))
<BR>[Address Reference Count : 1]<UL><LI> startup_stm32h723xx.o(RESET)
</UL>
<P><STRONG><a name="[97]"></a>I2C5_EV_IRQHandler</STRONG> (Thumb, 0 bytes, Stack size 0 bytes, startup_stm32h723xx.o(.text))
<BR>[Address Reference Count : 1]<UL><LI> startup_stm32h723xx.o(RESET)
</UL>
<P><STRONG><a name="[6a]"></a>LPTIM1_IRQHandler</STRONG> (Thumb, 0 bytes, Stack size 0 bytes, startup_stm32h723xx.o(.text))
<BR>[Address Reference Count : 1]<UL><LI> startup_stm32h723xx.o(RESET)
</UL>
<P><STRONG><a name="[88]"></a>LPTIM2_IRQHandler</STRONG> (Thumb, 0 bytes, Stack size 0 bytes, startup_stm32h723xx.o(.text))
<BR>[Address Reference Count : 1]<UL><LI> startup_stm32h723xx.o(RESET)
</UL>
<P><STRONG><a name="[89]"></a>LPTIM3_IRQHandler</STRONG> (Thumb, 0 bytes, Stack size 0 bytes, startup_stm32h723xx.o(.text))
<BR>[Address Reference Count : 1]<UL><LI> startup_stm32h723xx.o(RESET)
</UL>
<P><STRONG><a name="[8a]"></a>LPTIM4_IRQHandler</STRONG> (Thumb, 0 bytes, Stack size 0 bytes, startup_stm32h723xx.o(.text))
<BR>[Address Reference Count : 1]<UL><LI> startup_stm32h723xx.o(RESET)
</UL>
<P><STRONG><a name="[8b]"></a>LPTIM5_IRQHandler</STRONG> (Thumb, 0 bytes, Stack size 0 bytes, startup_stm32h723xx.o(.text))
<BR>[Address Reference Count : 1]<UL><LI> startup_stm32h723xx.o(RESET)
</UL>
<P><STRONG><a name="[8c]"></a>LPUART1_IRQHandler</STRONG> (Thumb, 0 bytes, Stack size 0 bytes, startup_stm32h723xx.o(.text))
<BR>[Address Reference Count : 1]<UL><LI> startup_stm32h723xx.o(RESET)
</UL>
<P><STRONG><a name="[67]"></a>LTDC_ER_IRQHandler</STRONG> (Thumb, 0 bytes, Stack size 0 bytes, startup_stm32h723xx.o(.text))
<BR>[Address Reference Count : 1]<UL><LI> startup_stm32h723xx.o(RESET)
</UL>
<P><STRONG><a name="[66]"></a>LTDC_IRQHandler</STRONG> (Thumb, 0 bytes, Stack size 0 bytes, startup_stm32h723xx.o(.text))
<BR>[Address Reference Count : 1]<UL><LI> startup_stm32h723xx.o(RESET)
</UL>
<P><STRONG><a name="[79]"></a>MDIOS_IRQHandler</STRONG> (Thumb, 0 bytes, Stack size 0 bytes, startup_stm32h723xx.o(.text))
<BR>[Address Reference Count : 1]<UL><LI> startup_stm32h723xx.o(RESET)
</UL>
<P><STRONG><a name="[78]"></a>MDIOS_WKUP_IRQHandler</STRONG> (Thumb, 0 bytes, Stack size 0 bytes, startup_stm32h723xx.o(.text))
<BR>[Address Reference Count : 1]<UL><LI> startup_stm32h723xx.o(RESET)
</UL>
<P><STRONG><a name="[7a]"></a>MDMA_IRQHandler</STRONG> (Thumb, 0 bytes, Stack size 0 bytes, startup_stm32h723xx.o(.text))
<BR>[Address Reference Count : 1]<UL><LI> startup_stm32h723xx.o(RESET)
</UL>
<P><STRONG><a name="[69]"></a>OCTOSPI1_IRQHandler</STRONG> (Thumb, 0 bytes, Stack size 0 bytes, startup_stm32h723xx.o(.text))
<BR>[Address Reference Count : 1]<UL><LI> startup_stm32h723xx.o(RESET)
</UL>
<P><STRONG><a name="[92]"></a>OCTOSPI2_IRQHandler</STRONG> (Thumb, 0 bytes, Stack size 0 bytes, startup_stm32h723xx.o(.text))
<BR>[Address Reference Count : 1]<UL><LI> startup_stm32h723xx.o(RESET)
</UL>
<P><STRONG><a name="[5a]"></a>OTG_HS_EP1_IN_IRQHandler</STRONG> (Thumb, 0 bytes, Stack size 0 bytes, startup_stm32h723xx.o(.text))
<BR>[Address Reference Count : 1]<UL><LI> startup_stm32h723xx.o(RESET)
</UL>
<P><STRONG><a name="[59]"></a>OTG_HS_EP1_OUT_IRQHandler</STRONG> (Thumb, 0 bytes, Stack size 0 bytes, startup_stm32h723xx.o(.text))
<BR>[Address Reference Count : 1]<UL><LI> startup_stm32h723xx.o(RESET)
</UL>
<P><STRONG><a name="[5c]"></a>OTG_HS_IRQHandler</STRONG> (Thumb, 0 bytes, Stack size 0 bytes, startup_stm32h723xx.o(.text))
<BR>[Address Reference Count : 1]<UL><LI> startup_stm32h723xx.o(RESET)
</UL>
<P><STRONG><a name="[5b]"></a>OTG_HS_WKUP_IRQHandler</STRONG> (Thumb, 0 bytes, Stack size 0 bytes, startup_stm32h723xx.o(.text))
<BR>[Address Reference Count : 1]<UL><LI> startup_stm32h723xx.o(RESET)
</UL>
<P><STRONG><a name="[15]"></a>PVD_AVD_IRQHandler</STRONG> (Thumb, 0 bytes, Stack size 0 bytes, startup_stm32h723xx.o(.text))
<BR>[Address Reference Count : 1]<UL><LI> startup_stm32h723xx.o(RESET)
</UL>
<P><STRONG><a name="[19]"></a>RCC_IRQHandler</STRONG> (Thumb, 0 bytes, Stack size 0 bytes, startup_stm32h723xx.o(.text))
<BR>[Address Reference Count : 1]<UL><LI> startup_stm32h723xx.o(RESET)
</UL>
<P><STRONG><a name="[5e]"></a>RNG_IRQHandler</STRONG> (Thumb, 0 bytes, Stack size 0 bytes, startup_stm32h723xx.o(.text))
<BR>[Address Reference Count : 1]<UL><LI> startup_stm32h723xx.o(RESET)
</UL>
<P><STRONG><a name="[3d]"></a>RTC_Alarm_IRQHandler</STRONG> (Thumb, 0 bytes, Stack size 0 bytes, startup_stm32h723xx.o(.text))
<BR>[Address Reference Count : 1]<UL><LI> startup_stm32h723xx.o(RESET)
</UL>
<P><STRONG><a name="[17]"></a>RTC_WKUP_IRQHandler</STRONG> (Thumb, 0 bytes, Stack size 0 bytes, startup_stm32h723xx.o(.text))
<BR>[Address Reference Count : 1]<UL><LI> startup_stm32h723xx.o(RESET)
</UL>
<P><STRONG><a name="[65]"></a>SAI1_IRQHandler</STRONG> (Thumb, 0 bytes, Stack size 0 bytes, startup_stm32h723xx.o(.text))
<BR>[Address Reference Count : 1]<UL><LI> startup_stm32h723xx.o(RESET)
</UL>
<P><STRONG><a name="[8f]"></a>SAI4_IRQHandler</STRONG> (Thumb, 0 bytes, Stack size 0 bytes, startup_stm32h723xx.o(.text))
<BR>[Address Reference Count : 1]<UL><LI> startup_stm32h723xx.o(RESET)
</UL>
<P><STRONG><a name="[44]"></a>SDMMC1_IRQHandler</STRONG> (Thumb, 0 bytes, Stack size 0 bytes, startup_stm32h723xx.o(.text))
<BR>[Address Reference Count : 1]<UL><LI> startup_stm32h723xx.o(RESET)
</UL>
<P><STRONG><a name="[7b]"></a>SDMMC2_IRQHandler</STRONG> (Thumb, 0 bytes, Stack size 0 bytes, startup_stm32h723xx.o(.text))
<BR>[Address Reference Count : 1]<UL><LI> startup_stm32h723xx.o(RESET)
</UL>
<P><STRONG><a name="[6e]"></a>SPDIF_RX_IRQHandler</STRONG> (Thumb, 0 bytes, Stack size 0 bytes, startup_stm32h723xx.o(.text))
<BR>[Address Reference Count : 1]<UL><LI> startup_stm32h723xx.o(RESET)
</UL>
<P><STRONG><a name="[37]"></a>SPI1_IRQHandler</STRONG> (Thumb, 0 bytes, Stack size 0 bytes, startup_stm32h723xx.o(.text))
<BR>[Address Reference Count : 1]<UL><LI> startup_stm32h723xx.o(RESET)
</UL>
<P><STRONG><a name="[38]"></a>SPI2_IRQHandler</STRONG> (Thumb, 0 bytes, Stack size 0 bytes, startup_stm32h723xx.o(.text))
<BR>[Address Reference Count : 1]<UL><LI> startup_stm32h723xx.o(RESET)
</UL>
<P><STRONG><a name="[46]"></a>SPI3_IRQHandler</STRONG> (Thumb, 0 bytes, Stack size 0 bytes, startup_stm32h723xx.o(.text))
<BR>[Address Reference Count : 1]<UL><LI> startup_stm32h723xx.o(RESET)
</UL>
<P><STRONG><a name="[62]"></a>SPI4_IRQHandler</STRONG> (Thumb, 0 bytes, Stack size 0 bytes, startup_stm32h723xx.o(.text))
<BR>[Address Reference Count : 1]<UL><LI> startup_stm32h723xx.o(RESET)
</UL>
<P><STRONG><a name="[63]"></a>SPI5_IRQHandler</STRONG> (Thumb, 0 bytes, Stack size 0 bytes, startup_stm32h723xx.o(.text))
<BR>[Address Reference Count : 1]<UL><LI> startup_stm32h723xx.o(RESET)
</UL>
<P><STRONG><a name="[64]"></a>SPI6_IRQHandler</STRONG> (Thumb, 0 bytes, Stack size 0 bytes, startup_stm32h723xx.o(.text))
<BR>[Address Reference Count : 1]<UL><LI> startup_stm32h723xx.o(RESET)
</UL>
<P><STRONG><a name="[74]"></a>SWPMI1_IRQHandler</STRONG> (Thumb, 0 bytes, Stack size 0 bytes, startup_stm32h723xx.o(.text))
<BR>[Address Reference Count : 1]<UL><LI> startup_stm32h723xx.o(RESET)
</UL>
<P><STRONG><a name="[16]"></a>TAMP_STAMP_IRQHandler</STRONG> (Thumb, 0 bytes, Stack size 0 bytes, startup_stm32h723xx.o(.text))
<BR>[Address Reference Count : 1]<UL><LI> startup_stm32h723xx.o(RESET)
</UL>
<P><STRONG><a name="[75]"></a>TIM15_IRQHandler</STRONG> (Thumb, 0 bytes, Stack size 0 bytes, startup_stm32h723xx.o(.text))
<BR>[Address Reference Count : 1]<UL><LI> startup_stm32h723xx.o(RESET)
</UL>
<P><STRONG><a name="[76]"></a>TIM16_IRQHandler</STRONG> (Thumb, 0 bytes, Stack size 0 bytes, startup_stm32h723xx.o(.text))
<BR>[Address Reference Count : 1]<UL><LI> startup_stm32h723xx.o(RESET)
</UL>
<P><STRONG><a name="[77]"></a>TIM17_IRQHandler</STRONG> (Thumb, 0 bytes, Stack size 0 bytes, startup_stm32h723xx.o(.text))
<BR>[Address Reference Count : 1]<UL><LI> startup_stm32h723xx.o(RESET)
</UL>
<P><STRONG><a name="[2c]"></a>TIM1_BRK_IRQHandler</STRONG> (Thumb, 0 bytes, Stack size 0 bytes, startup_stm32h723xx.o(.text))
<BR>[Address Reference Count : 1]<UL><LI> startup_stm32h723xx.o(RESET)
</UL>
<P><STRONG><a name="[2f]"></a>TIM1_CC_IRQHandler</STRONG> (Thumb, 0 bytes, Stack size 0 bytes, startup_stm32h723xx.o(.text))
<BR>[Address Reference Count : 1]<UL><LI> startup_stm32h723xx.o(RESET)
</UL>
<P><STRONG><a name="[2e]"></a>TIM1_TRG_COM_IRQHandler</STRONG> (Thumb, 0 bytes, Stack size 0 bytes, startup_stm32h723xx.o(.text))
<BR>[Address Reference Count : 1]<UL><LI> startup_stm32h723xx.o(RESET)
</UL>
<P><STRONG><a name="[2d]"></a>TIM1_UP_IRQHandler</STRONG> (Thumb, 0 bytes, Stack size 0 bytes, startup_stm32h723xx.o(.text))
<BR>[Address Reference Count : 1]<UL><LI> startup_stm32h723xx.o(RESET)
</UL>
<P><STRONG><a name="[9c]"></a>TIM24_IRQHandler</STRONG> (Thumb, 0 bytes, Stack size 0 bytes, startup_stm32h723xx.o(.text))
<BR>[Address Reference Count : 1]<UL><LI> startup_stm32h723xx.o(RESET)
</UL>
<P><STRONG><a name="[30]"></a>TIM2_IRQHandler</STRONG> (Thumb, 0 bytes, Stack size 0 bytes, startup_stm32h723xx.o(.text))
<BR>[Address Reference Count : 1]<UL><LI> startup_stm32h723xx.o(RESET)
</UL>
<P><STRONG><a name="[32]"></a>TIM4_IRQHandler</STRONG> (Thumb, 0 bytes, Stack size 0 bytes, startup_stm32h723xx.o(.text))
<BR>[Address Reference Count : 1]<UL><LI> startup_stm32h723xx.o(RESET)
</UL>
<P><STRONG><a name="[45]"></a>TIM5_IRQHandler</STRONG> (Thumb, 0 bytes, Stack size 0 bytes, startup_stm32h723xx.o(.text))
<BR>[Address Reference Count : 1]<UL><LI> startup_stm32h723xx.o(RESET)
</UL>
<P><STRONG><a name="[49]"></a>TIM6_DAC_IRQHandler</STRONG> (Thumb, 0 bytes, Stack size 0 bytes, startup_stm32h723xx.o(.text))
<BR>[Address Reference Count : 1]<UL><LI> startup_stm32h723xx.o(RESET)
</UL>
<P><STRONG><a name="[4a]"></a>TIM7_IRQHandler</STRONG> (Thumb, 0 bytes, Stack size 0 bytes, startup_stm32h723xx.o(.text))
<BR>[Address Reference Count : 1]<UL><LI> startup_stm32h723xx.o(RESET)
</UL>
<P><STRONG><a name="[3e]"></a>TIM8_BRK_TIM12_IRQHandler</STRONG> (Thumb, 0 bytes, Stack size 0 bytes, startup_stm32h723xx.o(.text))
<BR>[Address Reference Count : 1]<UL><LI> startup_stm32h723xx.o(RESET)
</UL>
<P><STRONG><a name="[41]"></a>TIM8_CC_IRQHandler</STRONG> (Thumb, 0 bytes, Stack size 0 bytes, startup_stm32h723xx.o(.text))
<BR>[Address Reference Count : 1]<UL><LI> startup_stm32h723xx.o(RESET)
</UL>
<P><STRONG><a name="[40]"></a>TIM8_TRG_COM_TIM14_IRQHandler</STRONG> (Thumb, 0 bytes, Stack size 0 bytes, startup_stm32h723xx.o(.text))
<BR>[Address Reference Count : 1]<UL><LI> startup_stm32h723xx.o(RESET)
</UL>
<P><STRONG><a name="[3f]"></a>TIM8_UP_TIM13_IRQHandler</STRONG> (Thumb, 0 bytes, Stack size 0 bytes, startup_stm32h723xx.o(.text))
<BR>[Address Reference Count : 1]<UL><LI> startup_stm32h723xx.o(RESET)
</UL>
<P><STRONG><a name="[47]"></a>UART4_IRQHandler</STRONG> (Thumb, 0 bytes, Stack size 0 bytes, startup_stm32h723xx.o(.text))
<BR>[Address Reference Count : 1]<UL><LI> startup_stm32h723xx.o(RESET)
</UL>
[...]
<LI><a href="#[2a6]">&gt;&gt;</a>&nbsp;&nbsp;&nbsp;lv_mem_buf_get
<LI><a href="#[270]">&gt;&gt;</a>&nbsp;&nbsp;&nbsp;lv_obj_get_style_prop
<LI><a href="#[36a]">&gt;&gt;</a>&nbsp;&nbsp;&nbsp;lv_font_get_glyph_dsc
<LI><a href="#[2c2]">&gt;&gt;</a>&nbsp;&nbsp;&nbsp;lv_label_get_text
<LI><a href="#[31e]">&gt;&gt;</a>&nbsp;&nbsp;&nbsp;refr_cursor_area
<LI><a href="#[1fc]">&gt;&gt;</a>&nbsp;&nbsp;&nbsp;strlen
</UL>
<BR>[Called By]<UL><LI><a href="#[315]">&gt;&gt;</a>&nbsp;&nbsp;&nbsp;lv_textarea_add_text
<LI><a href="#[39e]">&gt;&gt;</a>&nbsp;&nbsp;&nbsp;lv_textarea_add_char
<LI><a href="#[40d]">&gt;&gt;</a>&nbsp;&nbsp;&nbsp;lv_textarea_set_text
<LI><a href="#[ee]">&gt;&gt;</a>&nbsp;&nbsp;&nbsp;pwd_char_hider_anim_ready
</UL>

<P><STRONG><a name="[ed]"></a>pwd_char_hider_anim</STRONG> (Thumb, 2 bytes, Stack size 0 bytes, lv_textarea.o(i.pwd_char_hider_anim))
<BR>[Address Reference Count : 3]<UL><LI> lv_textarea.o(i.lv_textarea_set_text)
<LI> lv_textarea.o(i.lv_textarea_add_char)
<LI> lv_textarea.o(i.lv_textarea_add_text)
</UL>
<P><STRONG><a name="[ee]"></a>pwd_char_hider_anim_ready</STRONG> (Thumb, 6 bytes, Stack size 0 bytes, lv_textarea.o(i.pwd_char_hider_anim_ready))
<BR><BR>[Stack]<UL><LI>Max Depth = 448<LI>Call Chain = pwd_char_hider_anim_ready &rArr; pwd_char_hider &rArr; lv_label_set_text &rArr; lv_label_refr_text &rArr; lv_label_get_letter_on &rArr; _lv_txt_get_next_line &rArr; lv_font_get_glyph_width
</UL>
<BR>[Calls]<UL><LI><a href="#[444]">&gt;&gt;</a>&nbsp;&nbsp;&nbsp;pwd_char_hider
</UL>
<BR>[Address Reference Count : 3]<UL><LI> lv_textarea.o(i.lv_textarea_set_text)
<LI> lv_textarea.o(i.lv_textarea_add_char)
<LI> lv_textarea.o(i.lv_textarea_add_text)
</UL>
<P><STRONG><a name="[31e]"></a>refr_cursor_area</STRONG> (Thumb, 548 bytes, Stack size 56 bytes, lv_textarea.o(i.refr_cursor_area))
<BR><BR>[Stack]<UL><LI>Max Depth = 288<LI>Call Chain = refr_cursor_area &rArr; lv_label_get_letter_pos &rArr; _lv_txt_get_next_line &rArr; lv_font_get_glyph_width
</UL>
<BR>[Calls]<UL><LI><a href="#[295]">&gt;&gt;</a>&nbsp;&nbsp;&nbsp;lv_obj_invalidate_area
<LI><a href="#[270]">&gt;&gt;</a>&nbsp;&nbsp;&nbsp;lv_obj_get_style_prop
<LI><a href="#[37d]">&gt;&gt;</a>&nbsp;&nbsp;&nbsp;lv_obj_calculate_style_text_align
<LI><a href="#[27b]">&gt;&gt;</a>&nbsp;&nbsp;&nbsp;lv_font_get_glyph_width
<LI><a href="#[2c2]">&gt;&gt;</a>&nbsp;&nbsp;&nbsp;lv_label_get_text
<LI><a href="#[3ab]">&gt;&gt;</a>&nbsp;&nbsp;&nbsp;lv_label_get_letter_pos
</UL>
<BR>[Called By]<UL><LI><a href="#[3a5]">&gt;&gt;</a>&nbsp;&nbsp;&nbsp;lv_textarea_set_cursor_pos
<LI><a href="#[444]">&gt;&gt;</a>&nbsp;&nbsp;&nbsp;pwd_char_hider
<LI><a href="#[ef]">&gt;&gt;</a>&nbsp;&nbsp;&nbsp;label_event_cb
</UL>

<P><STRONG><a name="[1b0]"></a>RCCEx_PLL2_Config</STRONG> (Thumb, 306 bytes, Stack size 32 bytes, stm32h7xx_hal_rcc_ex.o(i.RCCEx_PLL2_Config))
<BR><BR>[Stack]<UL><LI>Max Depth = 32<LI>Call Chain = RCCEx_PLL2_Config
</UL>
<BR>[Calls]<UL><LI><a href="#[18c]">&gt;&gt;</a>&nbsp;&nbsp;&nbsp;HAL_GetTick
</UL>
<BR>[Called By]<UL><LI><a href="#[191]">&gt;&gt;</a>&nbsp;&nbsp;&nbsp;HAL_RCCEx_PeriphCLKConfig
</UL>

<P><STRONG><a name="[1b1]"></a>RCCEx_PLL3_Config</STRONG> (Thumb, 306 bytes, Stack size 32 bytes, stm32h7xx_hal_rcc_ex.o(i.RCCEx_PLL3_Config))
<BR><BR>[Stack]<UL><LI>Max Depth = 32<LI>Call Chain = RCCEx_PLL3_Config
</UL>
<BR>[Calls]<UL><LI><a href="#[18c]">&gt;&gt;</a>&nbsp;&nbsp;&nbsp;HAL_GetTick
</UL>
<BR>[Called By]<UL><LI><a href="#[191]">&gt;&gt;</a>&nbsp;&nbsp;&nbsp;HAL_RCCEx_PeriphCLKConfig
</UL>

<P><STRONG><a name="[18a]"></a>DMA_CalcBaseAndBitshift</STRONG> (Thumb, 146 bytes, Stack size 0 bytes, stm32h7xx_hal_dma.o(i.DMA_CalcBaseAndBitshift))
<BR><BR>[Called By]<UL><LI><a href="#[18b]">&gt;&gt;</a>&nbsp;&nbsp;&nbsp;HAL_DMA_Init
<LI><a href="#[189]">&gt;&gt;</a>&nbsp;&nbsp;&nbsp;HAL_DMA_DeInit
</UL>

<P><STRONG><a name="[188]"></a>DMA_MultiBufferSetConfig</STRONG> (Thumb, 154 bytes, Stack size 4 bytes, stm32h7xx_hal_dma_ex.o(i.DMA_MultiBufferSetConfig))
<BR><BR>[Stack]<UL><LI>Max Depth = 4<LI>Call Chain = DMA_MultiBufferSetConfig
</UL>
<BR>[Called By]<UL><LI><a href="#[187]">&gt;&gt;</a>&nbsp;&nbsp;&nbsp;HAL_DMAEx_MultiBufferStart_IT
</UL>

<P><STRONG><a name="[19d]"></a>LTDC_SetConfig</STRONG> (Thumb, 478 bytes, Stack size 40 bytes, stm32h7xx_hal_ltdc.o(i.LTDC_SetConfig))
<BR><BR>[Stack]<UL><LI>Max Depth = 40<LI>Call Chain = LTDC_SetConfig
</UL>
<BR>[Called By]<UL><LI><a href="#[19c]">&gt;&gt;</a>&nbsp;&nbsp;&nbsp;HAL_LTDC_ConfigLayer
</UL>

<P><STRONG><a name="[1a2]"></a>OSPI_ConfigCmd</STRONG> (Thumb, 550 bytes, Stack size 32 bytes, stm32h7xx_hal_ospi.o(i.OSPI_ConfigCmd))
<BR><BR>[Stack]<UL><LI>Max Depth = 32<LI>Call Chain = OSPI_ConfigCmd
</UL>
<BR>[Called By]<UL><LI><a href="#[1a0]">&gt;&gt;</a>&nbsp;&nbsp;&nbsp;HAL_OSPI_Command
</UL>

<P><STRONG><a name="[1a1]"></a>OSPI_WaitFlagStateUntilTimeout</STRONG> (Thumb, 88 bytes, Stack size 24 bytes, stm32h7xx_hal_ospi.o(i.OSPI_WaitFlagStateUntilTimeout))
<BR><BR>[Stack]<UL><LI>Max Depth = 24<LI>Call Chain = OSPI_WaitFlagStateUntilTimeout
</UL>
<BR>[Calls]<UL><LI><a href="#[18c]">&gt;&gt;</a>&nbsp;&nbsp;&nbsp;HAL_GetTick
</UL>
<BR>[Called By]<UL><LI><a href="#[1a7]">&gt;&gt;</a>&nbsp;&nbsp;&nbsp;HAL_OSPI_Transmit
<LI><a href="#[1a6]">&gt;&gt;</a>&nbsp;&nbsp;&nbsp;HAL_OSPI_Receive
<LI><a href="#[1a3]">&gt;&gt;</a>&nbsp;&nbsp;&nbsp;HAL_OSPI_Init
<LI><a href="#[1a0]">&gt;&gt;</a>&nbsp;&nbsp;&nbsp;HAL_OSPI_Command
<LI><a href="#[1a5]">&gt;&gt;</a>&nbsp;&nbsp;&nbsp;HAL_OSPI_MemoryMapped
</UL>

<P><STRONG><a name="[1b9]"></a>SAI_Disable</STRONG> (Thumb, 72 bytes, Stack size 4 bytes, stm32h7xx_hal_sai.o(i.SAI_Disable))
<BR><BR>[Stack]<UL><LI>Max Depth = 4<LI>Call Chain = SAI_Disable
</UL>
<BR>[Called By]<UL><LI><a href="#[1b8]">&gt;&gt;</a>&nbsp;&nbsp;&nbsp;HAL_SAI_DeInit
<LI><a href="#[1bb]">&gt;&gt;</a>&nbsp;&nbsp;&nbsp;HAL_SAI_Init
</UL>

<P><STRONG><a name="[1c8]"></a>SD_FindSCR</STRONG> (Thumb, 284 bytes, Stack size 64 bytes, stm32h7xx_hal_sd.o(i.SD_FindSCR))
<BR><BR>[Stack]<UL><LI>Max Depth = 68<LI>Call Chain = SD_FindSCR &rArr; SDMMC_ConfigData
</UL>
<BR>[Calls]<UL><LI><a href="#[18c]">&gt;&gt;</a>&nbsp;&nbsp;&nbsp;HAL_GetTick
<LI><a href="#[1d1]">&gt;&gt;</a>&nbsp;&nbsp;&nbsp;SDMMC_ReadFIFO
<LI><a href="#[1cf]">&gt;&gt;</a>&nbsp;&nbsp;&nbsp;SDMMC_ConfigData
<LI><a href="#[22a]">&gt;&gt;</a>&nbsp;&nbsp;&nbsp;SDMMC_CmdSendSCR
<LI><a href="#[1cc]">&gt;&gt;</a>&nbsp;&nbsp;&nbsp;SDMMC_CmdBlockLength
<LI><a href="#[1c9]">&gt;&gt;</a>&nbsp;&nbsp;&nbsp;SDMMC_CmdAppCommand
</UL>
<BR>[Called By]<UL><LI><a href="#[174]">&gt;&gt;</a>&nbsp;&nbsp;&nbsp;HAL_SD_ConfigWideBusOperation
</UL>

<P><STRONG><a name="[292]"></a>create_chain</STRONG> (Thumb, 184 bytes, Stack size 24 bytes, ff.o(i.create_chain))
<BR><BR>[Stack]<UL><LI>Max Depth = 96<LI>Call Chain = create_chain &rArr; put_fat &rArr; move_window &rArr; sync_window &rArr; disk_write
</UL>
<BR>[Calls]<UL><LI><a href="#[294]">&gt;&gt;</a>&nbsp;&nbsp;&nbsp;put_fat
<LI><a href="#[293]">&gt;&gt;</a>&nbsp;&nbsp;&nbsp;get_fat
</UL>
<BR>[Called By]<UL><LI><a href="#[207]">&gt;&gt;</a>&nbsp;&nbsp;&nbsp;f_lseek
<LI><a href="#[29c]">&gt;&gt;</a>&nbsp;&nbsp;&nbsp;dir_next
</UL>

<P><STRONG><a name="[297]"></a>dir_find</STRONG> (Thumb, 460 bytes, Stack size 48 bytes, ff.o(i.dir_find))
<BR><BR>[Stack]<UL><LI>Max Depth = 184<LI>Call Chain = dir_find &rArr; dir_next &rArr; create_chain &rArr; put_fat &rArr; move_window &rArr; sync_window &rArr; disk_write
</UL>
<BR>[Calls]<UL><LI><a href="#[29b]">&gt;&gt;</a>&nbsp;&nbsp;&nbsp;ff_wtoupper
<LI><a href="#[299]">&gt;&gt;</a>&nbsp;&nbsp;&nbsp;sync_window
<LI><a href="#[298]">&gt;&gt;</a>&nbsp;&nbsp;&nbsp;dir_sdi
<LI><a href="#[29c]">&gt;&gt;</a>&nbsp;&nbsp;&nbsp;dir_next
<LI><a href="#[29a]">&gt;&gt;</a>&nbsp;&nbsp;&nbsp;disk_read
</UL>
<BR>[Called By]<UL><LI><a href="#[2ea]">&gt;&gt;</a>&nbsp;&nbsp;&nbsp;follow_path
<LI><a href="#[2a0]">&gt;&gt;</a>&nbsp;&nbsp;&nbsp;dir_register
</UL>

<P><STRONG><a name="[29c]"></a>dir_next</STRONG> (Thumb, 366 bytes, Stack size 40 bytes, ff.o(i.dir_next))
<BR><BR>[Stack]<UL><LI>Max Depth = 136<LI>Call Chain = dir_next &rArr; create_chain &rArr; put_fat &rArr; move_window &rArr; sync_window &rArr; disk_write
</UL>
<BR>[Calls]<UL><LI><a href="#[299]">&gt;&gt;</a>&nbsp;&nbsp;&nbsp;sync_window
<LI><a href="#[29d]">&gt;&gt;</a>&nbsp;&nbsp;&nbsp;mem_set
<LI><a href="#[293]">&gt;&gt;</a>&nbsp;&nbsp;&nbsp;get_fat
<LI><a href="#[292]">&gt;&gt;</a>&nbsp;&nbsp;&nbsp;create_chain
<LI><a href="#[29e]">&gt;&gt;</a>&nbsp;&nbsp;&nbsp;disk_write
</UL>
<BR>[Called By]<UL><LI><a href="#[2ef]">&gt;&gt;</a>&nbsp;&nbsp;&nbsp;f_readdir
<LI><a href="#[2a0]">&gt;&gt;</a>&nbsp;&nbsp;&nbsp;dir_register
<LI><a href="#[29f]">&gt;&gt;</a>&nbsp;&nbsp;&nbsp;dir_read
<LI><a href="#[297]">&gt;&gt;</a>&nbsp;&nbsp;&nbsp;dir_find
</UL>

<P><STRONG><a name="[29f]"></a>dir_read</STRONG> (Thumb, 392 bytes, Stack size 48 bytes, ff.o(i.dir_read))
<BR><BR>[Stack]<UL><LI>Max Depth = 184<LI>Call Chain = dir_read &rArr; dir_next &rArr; create_chain &rArr; put_fat &rArr; move_window &rArr; sync_window &rArr; disk_write
</UL>
<BR>[Calls]<UL><LI><a href="#[299]">&gt;&gt;</a>&nbsp;&nbsp;&nbsp;sync_window
<LI><a href="#[29c]">&gt;&gt;</a>&nbsp;&nbsp;&nbsp;dir_next
<LI><a href="#[29a]">&gt;&gt;</a>&nbsp;&nbsp;&nbsp;disk_read
</UL>
<BR>[Called By]<UL><LI><a href="#[2ef]">&gt;&gt;</a>&nbsp;&nbsp;&nbsp;f_readdir
</UL>

<P><STRONG><a name="[2a0]"></a>dir_register</STRONG> (Thumb, 822 bytes, Stack size 64 bytes, ff.o(i.dir_register))
<BR><BR>[Stack]<UL><LI>Max Depth = 248<LI>Call Chain = dir_register &rArr; dir_find &rArr; dir_next &rArr; create_chain &rArr; put_fat &rArr; move_window &rArr; sync_window &rArr; disk_write
</UL>
<BR>[Calls]<UL><LI><a href="#[299]">&gt;&gt;</a>&nbsp;&nbsp;&nbsp;sync_window
<LI><a href="#[2a2]">&gt;&gt;</a>&nbsp;&nbsp;&nbsp;move_window
<LI><a href="#[29d]">&gt;&gt;</a>&nbsp;&nbsp;&nbsp;mem_set
<LI><a href="#[2a1]">&gt;&gt;</a>&nbsp;&nbsp;&nbsp;mem_cpy
<LI><a href="#[298]">&gt;&gt;</a>&nbsp;&nbsp;&nbsp;dir_sdi
<LI><a href="#[29c]">&gt;&gt;</a>&nbsp;&nbsp;&nbsp;dir_next
<LI><a href="#[297]">&gt;&gt;</a>&nbsp;&nbsp;&nbsp;dir_find
<LI><a href="#[29a]">&gt;&gt;</a>&nbsp;&nbsp;&nbsp;disk_read
</UL>
<BR>[Called By]<UL><LI><a href="#[206]">&gt;&gt;</a>&nbsp;&nbsp;&nbsp;f_open
</UL>

<P><STRONG><a name="[298]"></a>dir_sdi</STRONG> (Thumb, 152 bytes, Stack size 24 bytes, ff.o(i.dir_sdi))
<BR><BR>[Stack]<UL><LI>Max Depth = 96<LI>Call Chain = dir_sdi &rArr; get_fat &rArr; move_window &rArr; sync_window &rArr; disk_write
</UL>
<BR>[Calls]<UL><LI><a href="#[293]">&gt;&gt;</a>&nbsp;&nbsp;&nbsp;get_fat
</UL>
<BR>[Called By]<UL><LI><a href="#[2ef]">&gt;&gt;</a>&nbsp;&nbsp;&nbsp;f_readdir
<LI><a href="#[2ee]">&gt;&gt;</a>&nbsp;&nbsp;&nbsp;f_opendir
<LI><a href="#[2ea]">&gt;&gt;</a>&nbsp;&nbsp;&nbsp;follow_path
<LI><a href="#[2a0]">&gt;&gt;</a>&nbsp;&nbsp;&nbsp;dir_register
<LI><a href="#[297]">&gt;&gt;</a>&nbsp;&nbsp;&nbsp;dir_find
</UL>

<P><STRONG><a name="[2e8]"></a>find_volume</STRONG> (Thumb, 1146 bytes, Stack size 56 bytes, ff.o(i.find_volume))
<BR><BR>[Stack]<UL><LI>Max Depth = 104<LI>Call Chain = find_volume &rArr; move_window &rArr; sync_window &rArr; disk_write
</UL>
<BR>[Calls]<UL><LI><a href="#[2a2]">&gt;&gt;</a>&nbsp;&nbsp;&nbsp;move_window
<LI><a href="#[2f7]">&gt;&gt;</a>&nbsp;&nbsp;&nbsp;disk_status
<LI><a href="#[2f8]">&gt;&gt;</a>&nbsp;&nbsp;&nbsp;disk_initialize
</UL>
<BR>[Called By]<UL><LI><a href="#[2e7]">&gt;&gt;</a>&nbsp;&nbsp;&nbsp;f_mount
<LI><a href="#[2ee]">&gt;&gt;</a>&nbsp;&nbsp;&nbsp;f_opendir
<LI><a href="#[206]">&gt;&gt;</a>&nbsp;&nbsp;&nbsp;f_open
</UL>

<P><STRONG><a name="[2ea]"></a>follow_path</STRONG> (Thumb, 728 bytes, Stack size 48 bytes, ff.o(i.follow_path))
<BR><BR>[Stack]<UL><LI>Max Depth = 232<LI>Call Chain = follow_path &rArr; dir_find &rArr; dir_next &rArr; create_chain &rArr; put_fat &rArr; move_window &rArr; sync_window &rArr; disk_write
</UL>
<BR>[Calls]<UL><LI><a href="#[1ff]">&gt;&gt;</a>&nbsp;&nbsp;&nbsp;ff_convert
<LI><a href="#[29b]">&gt;&gt;</a>&nbsp;&nbsp;&nbsp;ff_wtoupper
<LI><a href="#[29d]">&gt;&gt;</a>&nbsp;&nbsp;&nbsp;mem_set
<LI><a href="#[298]">&gt;&gt;</a>&nbsp;&nbsp;&nbsp;dir_sdi
<LI><a href="#[297]">&gt;&gt;</a>&nbsp;&nbsp;&nbsp;dir_find
</UL>
<BR>[Called By]<UL><LI><a href="#[2ee]">&gt;&gt;</a>&nbsp;&nbsp;&nbsp;f_opendir
<LI><a href="#[206]">&gt;&gt;</a>&nbsp;&nbsp;&nbsp;f_open
</UL>

<P><STRONG><a name="[293]"></a>get_fat</STRONG> (Thumb, 214 bytes, Stack size 24 bytes, ff.o(i.get_fat))
<BR><BR>[Stack]<UL><LI>Max Depth = 72<LI>Call Chain = get_fat &rArr; move_window &rArr; sync_window &rArr; disk_write
</UL>
<BR>[Calls]<UL><LI><a href="#[2a2]">&gt;&gt;</a>&nbsp;&nbsp;&nbsp;move_window
</UL>
<BR>[Called By]<UL><LI><a href="#[208]">&gt;&gt;</a>&nbsp;&nbsp;&nbsp;f_read
<LI><a href="#[207]">&gt;&gt;</a>&nbsp;&nbsp;&nbsp;f_lseek
<LI><a href="#[206]">&gt;&gt;</a>&nbsp;&nbsp;&nbsp;f_open
<LI><a href="#[2ec]">&gt;&gt;</a>&nbsp;&nbsp;&nbsp;remove_chain
<LI><a href="#[298]">&gt;&gt;</a>&nbsp;&nbsp;&nbsp;dir_sdi
<LI><a href="#[29c]">&gt;&gt;</a>&nbsp;&nbsp;&nbsp;dir_next
<LI><a href="#[292]">&gt;&gt;</a>&nbsp;&nbsp;&nbsp;create_chain
</UL>

<P><STRONG><a name="[2f0]"></a>get_fileinfo</STRONG> (Thumb, 296 bytes, Stack size 32 bytes, ff.o(i.get_fileinfo))
<BR><BR>[Stack]<UL><LI>Max Depth = 40<LI>Call Chain = get_fileinfo &rArr; ff_convert
</UL>
<BR>[Calls]<UL><LI><a href="#[1ff]">&gt;&gt;</a>&nbsp;&nbsp;&nbsp;ff_convert
</UL>
<BR>[Called By]<UL><LI><a href="#[2ef]">&gt;&gt;</a>&nbsp;&nbsp;&nbsp;f_readdir
</UL>

<P><STRONG><a name="[2a1]"></a>mem_cpy</STRONG> (Thumb, 86 bytes, Stack size 0 bytes, ff.o(i.mem_cpy))
<BR><BR>[Called By]<UL><LI><a href="#[208]">&gt;&gt;</a>&nbsp;&nbsp;&nbsp;f_read
<LI><a href="#[2a0]">&gt;&gt;</a>&nbsp;&nbsp;&nbsp;dir_register
</UL>

<P><STRONG><a name="[29d]"></a>mem_set</STRONG> (Thumb, 56 bytes, Stack size 0 bytes, ff.o(i.mem_set))
<BR><BR>[Called By]<UL><LI><a href="#[206]">&gt;&gt;</a>&nbsp;&nbsp;&nbsp;f_open
<LI><a href="#[2f1]">&gt;&gt;</a>&nbsp;&nbsp;&nbsp;sync_fs
<LI><a href="#[2ea]">&gt;&gt;</a>&nbsp;&nbsp;&nbsp;follow_path
<LI><a href="#[2a0]">&gt;&gt;</a>&nbsp;&nbsp;&nbsp;dir_register
<LI><a href="#[29c]">&gt;&gt;</a>&nbsp;&nbsp;&nbsp;dir_next
</UL>

<P><STRONG><a name="[2a2]"></a>move_window</STRONG> (Thumb, 54 bytes, Stack size 16 bytes, ff.o(i.move_window))
<BR><BR>[Stack]<UL><LI>Max Depth = 48<LI>Call Chain = move_window &rArr; sync_window &rArr; disk_write
</UL>
<BR>[Calls]<UL><LI><a href="#[299]">&gt;&gt;</a>&nbsp;&nbsp;&nbsp;sync_window
<LI><a href="#[29a]">&gt;&gt;</a>&nbsp;&nbsp;&nbsp;disk_read
</UL>
<BR>[Called By]<UL><LI><a href="#[206]">&gt;&gt;</a>&nbsp;&nbsp;&nbsp;f_open
<LI><a href="#[2e4]">&gt;&gt;</a>&nbsp;&nbsp;&nbsp;f_sync
<LI><a href="#[294]">&gt;&gt;</a>&nbsp;&nbsp;&nbsp;put_fat
<LI><a href="#[293]">&gt;&gt;</a>&nbsp;&nbsp;&nbsp;get_fat
<LI><a href="#[2e8]">&gt;&gt;</a>&nbsp;&nbsp;&nbsp;find_volume
<LI><a href="#[2a0]">&gt;&gt;</a>&nbsp;&nbsp;&nbsp;dir_register
</UL>

<P><STRONG><a name="[294]"></a>put_fat</STRONG> (Thumb, 296 bytes, Stack size 24 bytes, ff.o(i.put_fat))
<BR><BR>[Stack]<UL><LI>Max Depth = 72<LI>Call Chain = put_fat &rArr; move_window &rArr; sync_window &rArr; disk_write
</UL>
<BR>[Calls]<UL><LI><a href="#[2a2]">&gt;&gt;</a>&nbsp;&nbsp;&nbsp;move_window
</UL>
<BR>[Called By]<UL><LI><a href="#[2ec]">&gt;&gt;</a>&nbsp;&nbsp;&nbsp;remove_chain
<LI><a href="#[292]">&gt;&gt;</a>&nbsp;&nbsp;&nbsp;create_chain
</UL>

<P><STRONG><a name="[2ec]"></a>remove_chain</STRONG> (Thumb, 130 bytes, Stack size 24 bytes, ff.o(i.remove_chain))
<BR><BR>[Stack]<UL><LI>Max Depth = 96<LI>Call Chain = remove_chain &rArr; put_fat &rArr; move_window &rArr; sync_window &rArr; disk_write
</UL>
<BR>[Calls]<UL><LI><a href="#[294]">&gt;&gt;</a>&nbsp;&nbsp;&nbsp;put_fat
<LI><a href="#[293]">&gt;&gt;</a>&nbsp;&nbsp;&nbsp;get_fat
</UL>
<BR>[Called By]<UL><LI><a href="#[206]">&gt;&gt;</a>&nbsp;&nbsp;&nbsp;f_open
</UL>

<P><STRONG><a name="[2f1]"></a>sync_fs</STRONG> (Thumb, 182 bytes, Stack size 16 bytes, ff.o(i.sync_fs))
<BR><BR>[Stack]<UL><LI>Max Depth = 48<LI>Call Chain = sync_fs &rArr; sync_window &rArr; disk_write
</UL>
<BR>[Calls]<UL><LI><a href="#[299]">&gt;&gt;</a>&nbsp;&nbsp;&nbsp;sync_window
<LI><a href="#[29d]">&gt;&gt;</a>&nbsp;&nbsp;&nbsp;mem_set
<LI><a href="#[29e]">&gt;&gt;</a>&nbsp;&nbsp;&nbsp;disk_write
<LI><a href="#[46e]">&gt;&gt;</a>&nbsp;&nbsp;&nbsp;disk_ioctl
</UL>
<BR>[Called By]<UL><LI><a href="#[2e4]">&gt;&gt;</a>&nbsp;&nbsp;&nbsp;f_sync
</UL>

<P><STRONG><a name="[299]"></a>sync_window</STRONG> (Thumb, 84 bytes, Stack size 24 bytes, ff.o(i.sync_window))
<BR><BR>[Stack]<UL><LI>Max Depth = 32<LI>Call Chain = sync_window &rArr; disk_write
</UL>
<BR>[Calls]<UL><LI><a href="#[29e]">&gt;&gt;</a>&nbsp;&nbsp;&nbsp;disk_write
</UL>
<BR>[Called By]<UL><LI><a href="#[2f1]">&gt;&gt;</a>&nbsp;&nbsp;&nbsp;sync_fs
<LI><a href="#[2a2]">&gt;&gt;</a>&nbsp;&nbsp;&nbsp;move_window
<LI><a href="#[2a0]">&gt;&gt;</a>&nbsp;&nbsp;&nbsp;dir_register
<LI><a href="#[29f]">&gt;&gt;</a>&nbsp;&nbsp;&nbsp;dir_read
<LI><a href="#[29c]">&gt;&gt;</a>&nbsp;&nbsp;&nbsp;dir_next
<LI><a href="#[297]">&gt;&gt;</a>&nbsp;&nbsp;&nbsp;dir_find
</UL>

<P><STRONG><a name="[2e5]"></a>validate</STRONG> (Thumb, 56 bytes, Stack size 16 bytes, ff.o(i.validate))
<BR><BR>[Stack]<UL><LI>Max Depth = 16<LI>Call Chain = validate
</UL>
<BR>[Calls]<UL><LI><a href="#[2f7]">&gt;&gt;</a>&nbsp;&nbsp;&nbsp;disk_status
</UL>
<BR>[Called By]<UL><LI><a href="#[208]">&gt;&gt;</a>&nbsp;&nbsp;&nbsp;f_read
<LI><a href="#[207]">&gt;&gt;</a>&nbsp;&nbsp;&nbsp;f_lseek
<LI><a href="#[288]">&gt;&gt;</a>&nbsp;&nbsp;&nbsp;f_close
<LI><a href="#[2ef]">&gt;&gt;</a>&nbsp;&nbsp;&nbsp;f_readdir
<LI><a href="#[2e6]">&gt;&gt;</a>&nbsp;&nbsp;&nbsp;f_closedir
<LI><a href="#[2e4]">&gt;&gt;</a>&nbsp;&nbsp;&nbsp;f_sync
</UL>

<P><STRONG><a name="[231]"></a>_fp_digits</STRONG> (Thumb, 366 bytes, Stack size 64 bytes, printfa.o(i._fp_digits), UNUSED)
<BR><BR>[Calls]<UL><LI><a href="#[167]">&gt;&gt;</a>&nbsp;&nbsp;&nbsp;__aeabi_dmul
<LI><a href="#[168]">&gt;&gt;</a>&nbsp;&nbsp;&nbsp;__aeabi_ddiv
<LI><a href="#[161]">&gt;&gt;</a>&nbsp;&nbsp;&nbsp;__aeabi_dadd
<LI><a href="#[169]">&gt;&gt;</a>&nbsp;&nbsp;&nbsp;__aeabi_d2ulz
<LI><a href="#[232]">&gt;&gt;</a>&nbsp;&nbsp;&nbsp;__aeabi_cdrcmple
<LI><a href="#[15b]">&gt;&gt;</a>&nbsp;&nbsp;&nbsp;__aeabi_uldivmod
</UL>
<BR>[Called By]<UL><LI><a href="#[22f]">&gt;&gt;</a>&nbsp;&nbsp;&nbsp;_printf_core
</UL>

<P><STRONG><a name="[22f]"></a>_printf_core</STRONG> (Thumb, 1744 bytes, Stack size 136 bytes, printfa.o(i._printf_core), UNUSED)
<BR><BR>[Calls]<UL><LI><a href="#[281]">&gt;&gt;</a>&nbsp;&nbsp;&nbsp;__aeabi_uidivmod
<LI><a href="#[27f]">&gt;&gt;</a>&nbsp;&nbsp;&nbsp;_printf_pre_padding
<LI><a href="#[280]">&gt;&gt;</a>&nbsp;&nbsp;&nbsp;_printf_post_padding
<LI><a href="#[231]">&gt;&gt;</a>&nbsp;&nbsp;&nbsp;_fp_digits
<LI><a href="#[15b]">&gt;&gt;</a>&nbsp;&nbsp;&nbsp;__aeabi_uldivmod
</UL>
<BR>[Called By]<UL><LI><a href="#[230]">&gt;&gt;</a>&nbsp;&nbsp;&nbsp;__0vsprintf
<LI><a href="#[22e]">&gt;&gt;</a>&nbsp;&nbsp;&nbsp;__0sprintf
</UL>

<P><STRONG><a name="[280]"></a>_printf_post_padding</STRONG> (Thumb, 36 bytes, Stack size 24 bytes, printfa.o(i._printf_post_padding), UNUSED)
<BR><BR>[Called By]<UL><LI><a href="#[22f]">&gt;&gt;</a>&nbsp;&nbsp;&nbsp;_printf_core
</UL>

<P><STRONG><a name="[27f]"></a>_printf_pre_padding</STRONG> (Thumb, 46 bytes, Stack size 24 bytes, printfa.o(i._printf_pre_padding), UNUSED)
<BR><BR>[Called By]<UL><LI><a href="#[22f]">&gt;&gt;</a>&nbsp;&nbsp;&nbsp;_printf_core
</UL>

<P><STRONG><a name="[a2]"></a>_sputc</STRONG> (Thumb, 10 bytes, Stack size 0 bytes, printfa.o(i._sputc))
<BR><BR>[Called By]<UL><LI><a href="#[230]">&gt;&gt;</a>&nbsp;&nbsp;&nbsp;__0vsprintf
<LI><a href="#[22e]">&gt;&gt;</a>&nbsp;&nbsp;&nbsp;__0sprintf
</UL>
<BR>[Address Reference Count : 2]<UL><LI> printfa.o(i.__0sprintf)
<LI> printfa.o(i.__0vsprintf)
</UL><P>
<H3>
Undefined Global Symbols
</H3><HR></body></html>
