<html>
<body>
<pre>
<h1>µVision Build Log</h1>
<h2>Tool Versions:</h2>
IDE-Version: ¦ÌVision V5.40.0.0
Copyright (C) 2024 ARM Ltd and ARM Germany GmbH. All rights reserved.
License Information: 1 1, 1, LIC=KRMW3-ABJPX-NNSAF-6UAM7-JHCET-RV83L
 
Tool Versions:
Toolchain:       MDK-ARM Plus  Version: 5.40.0.3
Toolchain Path:  C:\Users\wyj1119\AppData\Local\Keil_v5\ARM\ARMCC\Bin
C Compiler:      Armcc.exe V5.06 update 6 (build 750)
Assembler:       Armasm.exe V5.06 update 6 (build 750)
Linker/Locator:  ArmLink.exe V5.06 update 6 (build 750)
Library Manager: ArmAr.exe V5.06 update 6 (build 750)
Hex Converter:   FromElf.exe V5.06 update 6 (build 750)
CPU DLL:         SARMCM3.DLL V5.40.0.3
Dialog DLL:      DCM.DLL V1.17.5.0
Target DLL:      STLink\ST-LINKIII-KEIL_SWO.dll V3.3.0.0
Dialog DLL:      TCM.DLL V1.56.4.0
 
<h2>Project:</h2>
C:\STM32\mp4_v0.1\mp4_stm32h723zgt6_v0_1\MDK-ARM\v0_1.uvprojx
Project File Date:  09/01/2024

<h2>Output:</h2>
*** Using Compiler 'V5.06 update 6 (build 750)', folder: 'C:\Users\wyj1119\AppData\Local\Keil_v5\ARM\ARMCC\Bin'
Build target 'v0_1'
compiling main.c...
./LVGL/GUI/lvgl/src/misc/lv_printf.h(81): warning:  #1362-D: unrecognized format function type "gnu_printf" ignored
  int  lv_snprintf(char * buffer, size_t count, const char * format, ...) LV_FORMAT_ATTRIBUTE(3, 4);
./LVGL/GUI/lvgl/src/misc/lv_printf.h(82): warning:  #1362-D: unrecognized format function type "gnu_printf" ignored
  int lv_vsnprintf(char * buffer, size_t count, const char * format, va_list va) LV_FORMAT_ATTRIBUTE(3, 0);
./LVGL/GUI/lvgl/src/hal/../draw/../misc/lv_txt.h(147): warning:  #1362-D: unrecognized format function type "gnu_printf" ignored
  char * _lv_txt_set_text_vfmt(const char * fmt, va_list ap) LV_FORMAT_ATTRIBUTE(1, 0);
./LVGL/GUI/lvgl/src/widgets/lv_label.h(109): warning:  #1362-D: unrecognized format function type "gnu_printf" ignored
  void lv_label_set_text_fmt(lv_obj_t * obj, const char * fmt, ...) LV_FORMAT_ATTRIBUTE(2, 3);
../Core/Src/main.c: 4 warnings, 0 errors
linking...
Program Size: Code=221672 RO-data=21336 RW-data=844 ZI-data=9923596  
FromELF: creating hex file...
"v0_1\v0_1.axf" - 0 Error(s), 4 Warning(s).

<h2>Software Packages used:</h2>

Package Vendor: ARM
                https://www.keil.com/pack/ARM.CMSIS.6.1.0.pack
                ARM::CMSIS@6.1.0
                CMSIS (Common Microcontroller Software Interface Standard)
   * Component: CORE Version: 6.1.0

Package Vendor: Keil
                https://www.keil.com/pack/Keil.STM32H7xx_DFP.3.1.1.pack
                Keil::STM32H7xx_DFP@3.1.1
                STMicroelectronics STM32H7 Series Device Support and Examples

<h2>Collection of Component include folders:</h2>
  ./RTE/_v0_1
  C:/Users/wyj1119/AppData/Local/Arm/Packs/ARM/CMSIS/6.1.0/CMSIS/Core/Include
  C:/Users/wyj1119/AppData/Local/Arm/Packs/Keil/STM32H7xx_DFP/3.1.1/Drivers/CMSIS/Device/ST/STM32H7xx/Include

<h2>Collection of Component Files used:</h2>

   * Component: ARM::CMSIS:CORE@6.1.0
      Include file:  CMSIS/Core/Include/tz_context.h
Build Time Elapsed:  00:00:10
</pre>
</body>
</html>
